共 8 个臂（scbench_kv @0.1，100 条）
[17:03] ret05 (src=retained β=0.5 shuffle=0) → GPU1
[17:03] ret05s (src=retained β=0.5 shuffle=1) → GPU2
[17:04] ret15 (src=retained β=1.5 shuffle=0) → GPU3
[17:05] ret15s (src=retained β=1.5 shuffle=1) → GPU7
[17:19] evi05 (src=evicted β=-0.5 shuffle=0) → GPU5
[17:23] evi05s (src=evicted β=-0.5 shuffle=1) → GPU6
[17:25] evi15 (src=evicted β=-1.5 shuffle=0) → GPU0
[17:32] evi15s (src=evicted β=-1.5 shuffle=1) → GPU4
[18:43] ret05 完成
[18:43] ret05s 完成
[18:44] ret15 完成
[18:44] ret15s 完成
[18:59] evi05 完成
[19:03] evi15 完成
[19:04] evi05s 完成
[19:11] evi15s 完成
[19:11] ALL DONE
  ✓ ret05
  ✓ ret05s
  ✓ ret15
  ✓ ret15s
  ✓ evi05
  ✓ evi05s
  ✓ evi15
  ✓ evi15s
