SWEEP_START: Fri Aug  7 11:41:59 UTC 2026   K=[2 4 8] steps=1500 per_level=40 budget=256

TRAIN_START: Fri Aug  7 11:41:59 UTC 2026
  K=2 tier2 → GPU0 (pid 914650)
  K=2 tier4 → GPU1 (pid 914651)
  K=2 tier5 → GPU2 (pid 914652)
  K=4 tier2 → GPU3 (pid 914653)
  K=4 tier4 → GPU4 (pid 914654)
  K=4 tier5 → GPU5 (pid 914655)
  K=8 tier2 → GPU6 (pid 914656)
  K=8 tier4 → GPU7 (pid 914657)
  K=8 tier5 → GPU0 (pid 914658)
TRAIN_DONE: Fri Aug  7 12:08:13 UTC 2026
  K=2 tier2: step  1490  lm 2.6932  free_energy 89.5714
  K=2 tier4: step  1490  lm 3.1530  free_energy 29.6595  predictor 0.0418
  K=2 tier5: step  1490  lm 2.2489  free_energy 40.3917  predictor 0.0502
  K=4 tier2: step  1490  lm 2.6704  free_energy 89.5714
  K=4 tier4: step  1490  lm 2.9491  free_energy 25.5369  predictor 0.0420
  K=4 tier5: step  1490  lm 2.3241  free_energy 33.5879  predictor 0.0471
  K=8 tier2: step  1490  lm 2.3922  free_energy 89.5714
  K=8 tier4: step  1490  lm 3.6589  free_energy 38.3274  predictor 0.0449
  K=8 tier5: step  1490  lm 2.7463  free_energy 47.9188  predictor 0.0483

EVAL_START: Fri Aug  7 12:08:13 UTC 2026
EVAL_DONE: Fri Aug  7 12:26:24 UTC 2026

############ 汇总 ############

表1  overall（主指标 nll，越低越好；em 仅供参考）
--------------------------------------------------------------------------
   K  tier  方法                              nll   Δ vs t1      em     n
   2     1  recency+discard(滑动窗口)        3.9524   +0.0000   0.231   160
   2     2  recency+point                2.4809   -1.4715   0.231   160
   2     3  recency+moment(MomentKV)     3.8074   -0.1450   0.231   160
   2     4  fe+point(IndexMem)           2.5924   -1.3600   0.231   160
   2     5  fe+dist(VariKV)              2.3761   -1.5763   0.231   160

   4     1  recency+discard(滑动窗口)        3.9524   +0.0000   0.231   160
   4     2  recency+point                2.3831   -1.5694   0.231   160
   4     3  recency+moment(MomentKV)     3.7912   -0.1612   0.231   160
   4     4  fe+point(IndexMem)           2.4007   -1.5517   0.231   160
   4     5  fe+dist(VariKV)              2.3199   -1.6325   0.231   160

   8     1  recency+discard(滑动窗口)        3.9524   +0.0000   0.231   160
   8     2  recency+point                2.4405   -1.5119   0.231   160
   8     3  recency+moment(MomentKV)     3.8473   -0.1051   0.231   160
   8     4  fe+point(IndexMem)           3.2438   -0.7086   0.231   160
   8     5  fe+dist(VariKV)              2.5315   -1.4209   0.231   160


表2  按干扰强度分档的 nll
--------------------------------------------------------------------------
   K  tier        nd=0     nd=200     nd=800    nd=2000
   2     1      1.4559     4.8475     4.8914     4.6148
   2     2      1.4559     2.7529     2.8056     2.9093
   2     3      1.4559     4.2810     4.6090     4.8838
   2     4      1.4559     2.6471     3.0636     3.2032
   2     5      1.4559     2.5029     2.6128     2.9329

   4     1      1.4559     4.8475     4.8914     4.6148
   4     2      1.4559     2.5443     2.7364     2.7957
   4     3      1.4559     4.2624     4.6337     4.8127
   4     4      1.4559     2.4979     2.7114     2.9376
   4     5      1.4559     2.4048     2.6490     2.7698

   8     1      1.4559     4.8475     4.8914     4.6148
   8     2      1.4559     2.5872     2.8525     2.8663
   8     3      1.4559     4.3197     4.8131     4.8005
   8     4      1.4559     3.6757     3.8350     4.0084
   8     5      1.4559     2.5922     2.9866     3.0912


表3  配对比较（负 = 前者更好）。95% 自助置信区间不含 0 才算分离
--------------------------------------------------------------------------
   K  对比                   配对Δnll                 95% CI     分离?
   2  t5 vs t2               -0.1048   [ -0.1963, -0.0145]     YES
   2  t5 vs t4               -0.2163   [ -0.2882, -0.1457]     YES
   2  t5 vs t3               -1.4313   [ -1.6180, -1.2499]     YES
   2  t5 vs t1               -1.5763   [ -1.7588, -1.3954]     YES

   4  t5 vs t2               -0.0632   [ -0.1475,  0.0217]      no
   4  t5 vs t4               -0.0808   [ -0.1585, -0.0050]     YES
   4  t5 vs t3               -1.4713   [ -1.6578, -1.2871]     YES
   4  t5 vs t1               -1.6325   [ -1.8201, -1.4468]     YES

   8  t5 vs t2                0.0910   [  0.0098,  0.1754]     YES
   8  t5 vs t4               -0.7123   [ -0.8427, -0.5885]     YES
   8  t5 vs t3               -1.3158   [ -1.4879, -1.1474]     YES
   8  t5 vs t1               -1.4209   [ -1.5924, -1.2535]     YES


表4  容量效应：同一档位随 K 的变化（配对，相对 K=16）
--------------------------------------------------------------------------
 tier     K     配对Δnll vs K=16                 95% CI     分离?

SWEEP_DONE: Fri Aug  7 12:26:29 UTC 2026
