14:05 排入 11 个 job，候选卡 [2 3 4 5 6 7]，等空卡
  (GPU 0/1 留给 scratch_v2b_wait.sh 训 v2b，故不在候选内)
14:15 [gpu4] p2_cen16_rq  (scbench_repoqa)
14:16 [gpu7] p2_cen1024_rq  (scbench_repoqa)
14:21 [gpu5] p3_pt_gs0p5  (scbench_kv)
14:22 [gpu6] p3_pt_gs0p25  (scbench_kv)
14:36 [gpu2] p3_pt_gfrom  (scbench_kv)
14:38 [gpu3] p3_di_gs2  (scbench_kv)
15:48 [done] p3_pt_gfrom
15:49 [gpu2] p2_cen16_vt  (scbench_vt)
15:51 [done] p3_di_gs2
15:52 [gpu3] p2_cen1024_vt  (scbench_vt)
16:08 [done] p2_cen1024_rq
16:10 [gpu7] fig11_scbench_qa_eng_base  (scbench_qa_eng)
16:17 [done] p2_cen16_rq
16:17 [done] p3_pt_gs0p5
16:18 [gpu4] fig11_scbench_summary_base  (scbench_summary)
16:18 [done] fig11_scbench_qa_eng_base
16:19 [gpu5] fig11_scbench_mf_base  (scbench_mf)
16:19 [done] p3_pt_gs0p25
16:20 [gpu6] v2b11_scbench_choice_eng  (scbench_choice_eng)
16:21 [gpu7] v2b11_squad  (squad)
16:26 [done] v2b11_scbench_choice_eng
16:27 [gpu6] pt05_scbench_vt  (scbench_vt)
16:33 [done] p2_cen1024_vt
16:34 [done] p2_cen16_vt
16:34 [gpu2] pt05_scbench_choice_eng  (scbench_choice_eng)
16:35 [gpu3] pt05_squad  (squad)
16:38 [done] v2b11_squad
16:40 [gpu7] pt05_scbench_qa_eng  (scbench_qa_eng)
16:41 [done] pt05_scbench_choice_eng
16:42 [gpu2] pt05_gsm  (gsm)
16:51 [done] pt05_scbench_qa_eng
16:52 [gpu7] pt05_scbench_many_shot  (scbench_many_shot)
16:54 [done] fig11_scbench_summary_base
16:54 [done] pt05_squad
16:55 [gpu3] pt05_scbench_summary  (scbench_summary)
16:56 [gpu4] pt05_scbench_mf  (scbench_mf)
16:57 [done] pt05_scbench_many_shot
16:58 [gpu7] pt05_scbench_prefix_suffix  (scbench_prefix_suffix)
17:02 [done] fig11_scbench_mf_base
17:03 [gpu5] pt05_scbench_repoqa  (scbench_repoqa)
17:13 [done] pt05_gsm
17:18 [gpu2] p3_pt_gs0p4  (scbench_kv)
17:19 [done] pt05_scbench_vt
17:19 [gpu6] p3_pt_gs0p6  (scbench_kv)
17:42 [done] pt05_scbench_summary
17:43 [gpu3] p3_pt_gs0p75  (scbench_kv)
17:44 [done] pt05_scbench_mf
17:45 [gpu4] p3_di_gs0p5  (scbench_kv)
17:58 [done] pt05_scbench_prefix_suffix
17:59 [gpu7] p3_di_gs0p75  (scbench_kv)
19:07 [done] p3_pt_gs0p6
19:24 [done] p3_pt_gs0p75
19:25 [gpu3] v2b11_scbench_qa_eng  (scbench_qa_eng)
19:31 [done] p3_pt_gs0p4
19:32 [gpu2] v2b11_gsm  (gsm)
19:36 [done] v2b11_scbench_qa_eng
19:36 [done] p3_di_gs0p5
19:37 [gpu3] v2b11_scbench_many_shot  (scbench_many_shot)
19:38 [gpu4] v2b11_scbench_summary  (scbench_summary)
19:42 [done] v2b11_scbench_many_shot
19:43 [gpu3] v2b11_scbench_vt  (scbench_vt)
19:56 [done] p3_di_gs0p75
19:58 [gpu7] v2b11_scbench_mf  (scbench_mf)
20:06 [done] v2b11_gsm
20:07 [gpu2] v2b11_scbench_prefix_suffix  (scbench_prefix_suffix)
20:25 [done] v2b11_scbench_summary
20:25 [gpu4] v2b11_scbench_repoqa  (scbench_repoqa)
20:36 [done] v2b11_scbench_vt
20:37 [gpu3] fig11_scbench_qa_eng_kl  (scbench_qa_eng)
20:40 [gpu6] fig11_scbench_summary_kl  (scbench_summary)
20:41 [done] pt05_scbench_repoqa
20:42 [gpu5] fig11_scbench_mf_kl  (scbench_mf)
20:46 [done] v2b11_scbench_mf
20:46 [gpu7] p4_ab_logvar  (scbench_kv)
20:46 [done] fig11_scbench_qa_eng_kl
20:47 [gpu3] p4_ab_precision  (scbench_kv)
20:48 [done] v2b11_scbench_prefix_suffix
20:49 [gpu2] p4_ab_eta  (scbench_kv)
./scratch_p234.sh: line 110: syntax error near unexpected token `)'
./scratch_p234.sh: line 110: `u) || { sleep 60; continue; }'
21:25 [done] fig11_scbench_summary_kl
21:29 [done] fig11_scbench_mf_kl
22:44 [done] p4_ab_eta
22:46 [done] p4_ab_precision
22:46 [done] p4_ab_logvar
22:52 [done] v2b11_scbench_repoqa
