05:31 排入 13 个 job，候选卡 [0 1 2 3 4 5 6 7]，等空卡
05:32 [gpu0] cen1024_scbench_choice_eng  (scbench_choice_eng)
05:34 [gpu1] cen16_scbench_choice_eng  (scbench_choice_eng)
05:35 [gpu2] cen1024_squad  (squad)
05:36 [gpu3] cen16_squad  (squad)
05:37 [gpu4] cen1024_scbench_qa_eng  (scbench_qa_eng)
05:38 [gpu5] cen16_scbench_qa_eng  (scbench_qa_eng)
05:39 [done] cen1024_scbench_choice_eng
05:39 [gpu0] cen1024_gsm  (gsm)
05:40 [done] cen16_scbench_choice_eng
05:40 [gpu1] cen16_gsm  (gsm)
05:41 [gpu6] cen1024_scbench_many_shot  (scbench_many_shot)
05:42 [gpu7] cen16_scbench_many_shot  (scbench_many_shot)
05:46 [done] cen1024_scbench_many_shot
05:47 [done] cen1024_scbench_qa_eng
05:48 [gpu4] cen1024_scbench_summary  (scbench_summary)
05:48 [done] cen16_scbench_qa_eng
05:49 [gpu5] cen16_scbench_summary  (scbench_summary)
05:49 [done] cen16_scbench_many_shot
05:50 [gpu6] cen1024_scbench_mf  (scbench_mf)
05:51 [gpu7] cen16_scbench_mf  (scbench_mf)
05:54 [done] cen1024_squad
05:55 [done] cen16_squad
06:08 [done] cen1024_gsm
06:08 [done] cen16_gsm
06:28 [done] cen1024_scbench_summary
06:29 [done] cen16_scbench_summary
06:34 [done] cen1024_scbench_mf
06:36 [done] cen16_scbench_mf
06:36 ALL DONE
