[gpu4] 取活 scbench_repoqa kl
[gpu5] 取活 scbench_repoqa base
[gpu6] 取活 scbench_prefix_suffix kl
[gpu7] 取活 scbench_prefix_suffix base
[done] scbench_prefix_suffix__base
[gpu7] 取活 scbench_vt kl
[done] scbench_prefix_suffix__kl
[gpu6] 取活 scbench_vt base
[done] scbench_vt__kl
[gpu7] 取活 scbench_many_shot kl
[done] scbench_many_shot__kl
[gpu7] 取活 scbench_many_shot base
[done] scbench_many_shot__base
[gpu7] 取活 gsm kl
[done] scbench_repoqa__base
[gpu5] 取活 gsm base
[done] scbench_vt__base
[gpu6] 取活 scbench_choice_eng kl
[done] scbench_choice_eng__kl
[gpu6] 取活 scbench_choice_eng base
[done] scbench_choice_eng__base
[gpu6] 取活 squad kl
[done] gsm__base
[gpu5] 取活 squad base
[done] scbench_repoqa__kl
[gpu4] 队列空，退出
[done] gsm__kl
[gpu7] 队列空，退出
[done] squad__base
[gpu5] 队列空，退出
[done] squad__kl
[gpu6] 队列空，退出
ALL DONE
