====================================================================================
scbench_repoqa   基线 n=88
  gapf dist (固定0.3)      n=88
      ratio 0.75  基线  58.18  本档  60.45  Δ   +2.27 [  -0.00,  +4.55] 未分离
      ratio 0.5   基线  60.91  本档  60.45  Δ   -0.45 [  -2.27,  +1.36] 未分离
      ratio 0.4   基线  59.55  本档  60.45  Δ   +0.91 [  -0.23,  +2.27] 未分离
      ratio 0.3   基线  59.09  本档  60.68  Δ   +1.59 [  -0.00,  +3.41] 未分离
      ratio 0.2   基线  57.73  本档  59.09  Δ   +1.36 [  -0.23,  +3.18] 未分离
  gapr dist (随机比例)       n=88
      ratio 0.75  基线  58.18  本档  59.55  Δ   +1.36 [  -0.23,  +2.95] 未分离
      ratio 0.5   基线  60.91  本档  60.91  Δ   -0.00 [  -1.36,  +1.36] 未分离
      ratio 0.4   基线  59.55  本档  60.00  Δ   +0.45 [  -0.45,  +1.36] 未分离
      ratio 0.3   基线  59.09  本档  59.09  Δ   +0.00 [  -1.36,  +1.36] 未分离
      ratio 0.2   基线  57.73  本档  57.05  Δ   -0.68 [  -2.50,  +1.14] 未分离
  gapr point (随机比例)      n=88
      ratio 0.75  基线  58.18  本档  58.86  Δ   +0.68 [  -0.91,  +2.27] 未分离
      ratio 0.5   基线  60.91  本档  60.45  Δ   -0.45 [  -1.82,  +0.91] 未分离
      ratio 0.4   基线  59.55  本档  60.45  Δ   +0.91 [  +0.23,  +1.82] ★分离
      ratio 0.3   基线  59.09  本档  59.09  Δ   -0.00 [  -1.14,  +1.14] 未分离
      ratio 0.2   基线  57.73  本档  58.64  Δ   +0.91 [  -0.91,  +2.73] 未分离
====================================================================================
scbench_prefix_suffix   基线 n=100
  gapf dist (固定0.3)      n=100
      ratio 0.75  基线  36.80  本档  34.20  Δ   -2.60 [  -4.80,  -0.40] ★分离
      ratio 0.5   基线  48.20  本档  44.80  Δ   -3.40 [  -6.20,  -0.80] ★分离
      ratio 0.4   基线  57.80  本档  52.80  Δ   -5.00 [  -7.20,  -2.80] ★分离
      ratio 0.3   基线  51.60  本档  46.60  Δ   -5.00 [  -8.20,  -2.00] ★分离
      ratio 0.2   基线  39.20  本档  35.60  Δ   -3.60 [  -6.40,  -0.80] ★分离
  gapr dist (随机比例)       n=100
      ratio 0.75  基线  36.80  本档  36.40  Δ   -0.40 [  -2.20,  +1.40] 未分离
      ratio 0.5   基线  48.20  本档  47.20  Δ   -1.00 [  -2.80,  +0.80] 未分离
      ratio 0.4   基线  57.80  本档  55.80  Δ   -2.00 [  -3.80,  -0.20] ★分离
      ratio 0.3   基线  51.60  本档  50.00  Δ   -1.60 [  -3.60,  +0.40] 未分离
      ratio 0.2   基线  39.20  本档  38.00  Δ   -1.20 [  -2.80,  +0.40] 未分离
  gapr point (随机比例)      n=100
      ratio 0.75  基线  36.80  本档  36.80  Δ   +0.00 [  -1.80,  +1.80] 未分离
      ratio 0.5   基线  48.20  本档  46.40  Δ   -1.80 [  -3.80,  -0.00] ★分离
      ratio 0.4   基线  57.80  本档  57.40  Δ   -0.40 [  -2.00,  +1.20] 未分离
      ratio 0.3   基线  51.60  本档  49.80  Δ   -1.80 [  -3.80,  +0.20] 未分离
      ratio 0.2   基线  39.20  本档  38.60  Δ   -0.60 [  -2.20,  +1.00] 未分离
====================================================================================
scbench_mf   基线 n=100
  gapf dist (固定0.3)      n=100
      ratio 0.75  基线  33.17  本档  33.17  Δ   +0.00 [  -1.00,  +0.83] 未分离
      ratio 0.5   基线  34.17  本档  34.00  Δ   -0.17 [  -1.33,  +1.17] 未分离
      ratio 0.4   基线  34.00  本档  33.83  Δ   -0.17 [  -1.17,  +0.83] 未分离
      ratio 0.3   基线  34.17  本档  34.33  Δ   +0.17 [  -0.83,  +1.17] 未分离
      ratio 0.2   基线  32.33  本档  32.50  Δ   +0.17 [  -1.17,  +1.50] 未分离
  gapr dist (随机比例)       n=100
      ratio 0.75  基线  33.17  本档  33.00  Δ   -0.17 [  -0.83,  +0.50] 未分离
      ratio 0.5   基线  34.17  本档  33.83  Δ   -0.33 [  -1.17,  +0.50] 未分离
      ratio 0.4   基线  34.00  本档  33.67  Δ   -0.33 [  -1.00,  +0.33] 未分离
      ratio 0.3   基线  34.17  本档  33.67  Δ   -0.50 [  -1.17,  +0.00] 未分离
      ratio 0.2   基线  32.33  本档  32.67  Δ   +0.33 [  -0.33,  +1.00] 未分离
  gapr point (随机比例)      n=100
      ratio 0.75  基线  33.17  本档  33.17  Δ   +0.00 [  -0.50,  +0.50] 未分离
      ratio 0.5   基线  34.17  本档  34.00  Δ   -0.17 [  -0.83,  +0.50] 未分离
      ratio 0.4   基线  34.00  本档  33.83  Δ   -0.17 [  -0.50,  +0.00] 未分离
      ratio 0.3   基线  34.17  本档  34.00  Δ   -0.17 [  -0.83,  +0.33] 未分离
      ratio 0.2   基线  32.33  本档  32.17  Δ   -0.17 [  -0.83,  +0.33] 未分离
====================================================================================
scbench_vt   基线 n=90
  gapf dist (固定0.3)      n=90
      ratio 0.75  基线  41.87  本档  43.56  Δ   +1.69 [  +0.44,  +2.93] ★分离
      ratio 0.5   基线  40.36  本档  43.87  Δ   +3.51 [  +1.64,  +5.51] ★分离
      ratio 0.4   基线  40.36  本档  40.93  Δ   +0.58 [  -1.02,  +2.22] 未分离
      ratio 0.3   基线  42.67  本档  44.98  Δ   +2.31 [  +0.58,  +4.04] ★分离
      ratio 0.2   基线  46.09  本档  48.40  Δ   +2.31 [  +0.13,  +4.49] ★分离
  gapr dist (随机比例)       n=90
      ratio 0.75  基线  41.87  本档  42.49  Δ   +0.62 [  -0.31,  +1.60] 未分离
      ratio 0.5   基线  40.36  本档  41.56  Δ   +1.20 [  -0.09,  +2.53] 未分离
      ratio 0.4   基线  40.36  本档  41.60  Δ   +1.24 [  -0.04,  +2.58] 未分离
      ratio 0.3   基线  42.67  本档  43.20  Δ   +0.53 [  -0.67,  +1.69] 未分离
      ratio 0.2   基线  46.09  本档  47.02  Δ   +0.93 [  -0.40,  +2.31] 未分离
  gapr point (随机比例)      n=90
      ratio 0.75  基线  41.87  本档  41.29  Δ   -0.58 [  -1.56,  +0.40] 未分离
      ratio 0.5   基线  40.36  本档  40.22  Δ   -0.13 [  -1.20,  +0.93] 未分离
      ratio 0.4   基线  40.36  本档  40.84  Δ   +0.49 [  -0.80,  +1.78] 未分离
      ratio 0.3   基线  42.67  本档  42.62  Δ   -0.04 [  -1.33,  +1.29] 未分离
      ratio 0.2   基线  46.09  本档  46.22  Δ   +0.13 [  -1.02,  +1.29] 未分离
====================================================================================
scbench_summary   基线 n=70
  gapf dist (固定0.3)      n=70
      ratio 0.75  基线  36.82  本档  36.65  Δ   -0.17 [  -0.61,  +0.27] 未分离
      ratio 0.5   基线  36.59  本档  36.77  Δ   +0.18 [  -0.31,  +0.67] 未分离
      ratio 0.4   基线  36.68  本档  36.31  Δ   -0.37 [  -0.88,  +0.15] 未分离
      ratio 0.3   基线  36.71  本档  36.46  Δ   -0.25 [  -0.74,  +0.24] 未分离
      ratio 0.2   基线  36.29  本档  35.96  Δ   -0.33 [  -0.79,  +0.12] 未分离
  gapr dist (随机比例)       n=70
      ratio 0.75  基线  36.82  本档  36.73  Δ   -0.08 [  -0.44,  +0.29] 未分离
      ratio 0.5   基线  36.59  本档  36.68  Δ   +0.09 [  -0.24,  +0.43] 未分离
      ratio 0.4   基线  36.68  本档  36.50  Δ   -0.17 [  -0.67,  +0.29] 未分离
      ratio 0.3   基线  36.71  本档  36.80  Δ   +0.10 [  -0.30,  +0.48] 未分离
      ratio 0.2   基线  36.29  本档  36.13  Δ   -0.16 [  -0.51,  +0.18] 未分离
  gapr point (随机比例)      n=70
      ratio 0.75  基线  36.82  本档  36.88  Δ   +0.06 [  -0.39,  +0.53] 未分离
      ratio 0.5   基线  36.59  本档  36.58  Δ   -0.02 [  -0.35,  +0.31] 未分离
      ratio 0.4   基线  36.68  本档  36.28  Δ   -0.40 [  -0.92,  +0.11] 未分离
      ratio 0.3   基线  36.71  本档  36.76  Δ   +0.05 [  -0.29,  +0.39] 未分离
      ratio 0.2   基线  36.29  本档  36.09  Δ   -0.20 [  -0.63,  +0.24] 未分离
====================================================================================
gsm   基线 n=100
  gapf dist (固定0.3)      n=100
      ratio 0.75  基线  72.00  本档  74.00  Δ   +2.00 [  -3.00,  +7.00] 未分离
      ratio 0.5   基线  68.00  本档  68.00  Δ   +0.00 [  -4.00,  +4.00] 未分离
      ratio 0.4   基线  67.00  本档  68.00  Δ   +1.00 [  -5.00,  +7.00] 未分离
      ratio 0.3   基线  66.00  本档  69.00  Δ   +3.00 [  -3.02,  +9.00] 未分离
      ratio 0.2   基线  63.00  本档  64.00  Δ   +1.00 [  -7.00,  +9.00] 未分离
  gapr dist (随机比例)       n=100
      ratio 0.75  基线  72.00  本档  70.00  Δ   -2.00 [  -8.00,  +4.00] 未分离
      ratio 0.5   基线  68.00  本档  69.00  Δ   +1.00 [  -4.00,  +6.00] 未分离
      ratio 0.4   基线  67.00  本档  68.00  Δ   +1.00 [  -3.00,  +5.00] 未分离
      ratio 0.3   基线  66.00  本档  68.00  Δ   +2.00 [  -4.00,  +8.00] 未分离
      ratio 0.2   基线  63.00  本档  65.00  Δ   +2.00 [  -2.00,  +6.00] 未分离
  gapr point (随机比例)      n=100
      ratio 0.75  基线  72.00  本档  73.00  Δ   +1.00 [  -6.00,  +8.00] 未分离
      ratio 0.5   基线  68.00  本档  67.00  Δ   -1.00 [  -6.00,  +4.00] 未分离
      ratio 0.4   基线  67.00  本档  67.00  Δ   +0.00 [  -5.00,  +5.00] 未分离
      ratio 0.3   基线  66.00  本档  70.00  Δ   +4.00 [  -1.00, +10.00] 未分离
      ratio 0.2   基线  63.00  本档  63.00  Δ   +0.00 [  -5.00,  +5.00] 未分离
====================================================================================
scbench_qa_eng   基线 n=20
  gapf dist (固定0.3)      n=20
      ratio 0.75  基线  43.52  本档  40.56  Δ   -2.96 [  -6.73,  +0.66] 未分离
      ratio 0.5   基线  41.04  本档  40.50  Δ   -0.54 [  -1.30,  +0.18] 未分离
      ratio 0.4   基线  43.36  本档  41.87  Δ   -1.48 [  -4.80,  +1.72] 未分离
      ratio 0.3   基线  44.51  本档  46.81  Δ   +2.30 [  -0.09,  +5.39] 未分离
      ratio 0.2   基线  44.06  本档  45.61  Δ   +1.55 [  -2.85,  +6.18] 未分离
  gapr dist (随机比例)       n=20
      ratio 0.75  基线  43.52  本档  44.41  Δ   +0.88 [  -3.34,  +5.25] 未分离
      ratio 0.5   基线  41.04  本档  42.03  Δ   +0.98 [  -0.36,  +3.33] 未分离
      ratio 0.4   基线  43.36  本档  42.34  Δ   -1.02 [  -3.24,  +0.30] 未分离
      ratio 0.3   基线  44.51  本档  44.29  Δ   -0.22 [  -0.79,  +0.31] 未分离
      ratio 0.2   基线  44.06  本档  43.35  Δ   -0.71 [  -4.88,  +3.58] 未分离
  gapr point (随机比例)      n=20
      ratio 0.75  基线  43.52  本档  43.63  Δ   +0.11 [  -2.84,  +3.04] 未分离
      ratio 0.5   基线  41.04  本档  42.92  Δ   +1.88 [  -0.31,  +4.90] 未分离
      ratio 0.4   基线  43.36  本档  43.23  Δ   -0.13 [  -3.10,  +2.84] 未分离
      ratio 0.3   基线  44.51  本档  43.46  Δ   -1.05 [  -3.29,  +0.28] 未分离
      ratio 0.2   基线  44.06  本档  42.48  Δ   -1.58 [  -5.38,  +2.13] 未分离
====================================================================================
squad   基线 n=100
  gapf dist (固定0.3)      n=100
      ratio 0.75  基线  93.91  本档  93.50  Δ   -0.41 [  -1.00,  +0.00] 未分离
      ratio 0.5   基线  93.15  本档  93.30  Δ   +0.15 [  -0.30,  +0.75] 未分离
      ratio 0.4   基线  94.19  本档  94.17  Δ   -0.02 [  -0.30,  +0.25] 未分离
      ratio 0.3   基线  93.32  本档  93.50  Δ   +0.18 [  -0.53,  +0.93] 未分离
      ratio 0.2   基线  92.65  本档  91.94  Δ   -0.71 [  -1.91,  +0.27] 未分离
  gapr dist (随机比例)       n=100
      ratio 0.75  基线  93.91  本档  93.50  Δ   -0.41 [  -1.07,  +0.00] 未分离
      ratio 0.5   基线  93.15  本档  93.30  Δ   +0.15 [  -0.30,  +0.75] 未分离
      ratio 0.4   基线  94.19  本档  94.27  Δ   +0.08 [  +0.00,  +0.25] 未分离
      ratio 0.3   基线  93.32  本档  93.53  Δ   +0.21 [  -0.47,  +0.93] 未分离
      ratio 0.2   基线  92.65  本档  92.79  Δ   +0.14 [  -0.67,  +0.97] 未分离
  gapr point (随机比例)      n=100
      ratio 0.75  基线  93.91  本档  93.50  Δ   -0.41 [  -1.00,  +0.00] 未分离
      ratio 0.5   基线  93.15  本档  93.30  Δ   +0.15 [  -0.30,  +0.75] 未分离
      ratio 0.4   基线  94.19  本档  94.27  Δ   +0.08 [  +0.00,  +0.25] 未分离
      ratio 0.3   基线  93.32  本档  93.60  Δ   +0.28 [  -0.40,  +1.00] 未分离
      ratio 0.2   基线  92.65  本档  91.71  Δ   -0.93 [  -1.88,  -0.10] ★分离
====================================================================================
scbench_choice_eng   基线 n=18
  gapf dist (固定0.3)      n=18
      ratio 0.75  基线  81.94  本档  79.17  Δ   -2.78 [  -8.33,  +2.78] 未分离
      ratio 0.5   基线  77.78  本档  79.17  Δ   +1.39 [  +0.00,  +4.17] 未分离
      ratio 0.4   基线  73.61  本档  73.61  Δ   +0.00 [  +0.00,  +0.00] 未分离
      ratio 0.3   基线  76.39  本档  75.00  Δ   -1.39 [  -5.56,  +2.78] 未分离
      ratio 0.2   基线  72.22  本档  72.22  Δ   +0.00 [  -4.17,  +4.17] 未分离
  gapr dist (随机比例)       n=18
      ratio 0.75  基线  81.94  本档  80.56  Δ   -1.39 [  -5.56,  +2.78] 未分离
      ratio 0.5   基线  77.78  本档  76.39  Δ   -1.39 [  -4.17,  +0.00] 未分离
      ratio 0.4   基线  73.61  本档  75.00  Δ   +1.39 [  +0.00,  +4.17] 未分离
      ratio 0.3   基线  76.39  本档  76.39  Δ   +0.00 [  +0.00,  +0.00] 未分离
      ratio 0.2   基线  72.22  本档  75.00  Δ   +2.78 [  +0.00,  +6.94] 未分离
  gapr point (随机比例)      n=18
      ratio 0.75  基线  81.94  本档  81.94  Δ   +0.00 [  -4.17,  +4.17] 未分离
      ratio 0.5   基线  77.78  本档  76.39  Δ   -1.39 [  -4.17,  +0.00] 未分离
      ratio 0.4   基线  73.61  本档  75.00  Δ   +1.39 [  +0.00,  +4.17] 未分离
      ratio 0.3   基线  76.39  本档  76.39  Δ   +0.00 [  +0.00,  +0.00] 未分离
      ratio 0.2   基线  72.22  本档  73.61  Δ   +1.39 [  -4.17,  +8.33] 未分离
