共 15 个任务（100 条 × ratio 0.1,0.05）
[14:06] r05b_scbench_kv → GPU0
[14:07] r05c16_scbench_kv → GPU1
[14:08] r05c1024_scbench_kv → GPU2
[14:09] r05b_scbench_repoqa → GPU3
[14:10] r05c16_scbench_repoqa → GPU4
[14:10] r05c1024_scbench_repoqa → GPU5
[14:11] r05b_scbench_prefix_suffix → GPU6
[14:12] r05c16_scbench_prefix_suffix → GPU7
[15:18] r05b_scbench_prefix_suffix 完成
[15:19] r05c16_scbench_prefix_suffix 完成
[15:19] r05c1024_scbench_prefix_suffix → GPU6
[15:20] r05b_scbench_vt → GPU7
[16:20] r05b_scbench_kv 完成
[16:21] r05c16_scbench_vt → GPU0
[16:23] r05c1024_scbench_prefix_suffix 完成
[16:25] r05c1024_scbench_vt → GPU6
[16:27] r05b_scbench_vt 完成
[16:28] r05b_scbench_summary → GPU7
[16:31] r05c1024_scbench_kv 完成
[16:32] r05c16_scbench_kv 完成
[16:33] r05c16_scbench_summary → GPU1
[16:33] r05c1024_scbench_summary → GPU2
Terminated
[16:47] **r05b_scbench_summary 失败** rc=143（无 Finished.，不写 marker）
Terminated
[16:47] **r05c16_scbench_summary 失败** rc=143（无 Finished.，不写 marker）
Terminated
[16:47] **r05c1024_scbench_summary 失败** rc=143（无 Finished.，不写 marker）
[16:51] r05b_scbench_repoqa 完成
[17:18] r05c1024_scbench_repoqa 完成
[17:22] r05c1024_scbench_vt 完成
[17:24] r05c16_scbench_vt 完成
[17:32] r05c16_scbench_repoqa 完成
[17:32] ALL DONE
  ✓ r05b_scbench_kv
  ✓ r05c16_scbench_kv
  ✓ r05c1024_scbench_kv
  ✓ r05b_scbench_repoqa
  ✓ r05c16_scbench_repoqa
  ✓ r05c1024_scbench_repoqa
  ✓ r05b_scbench_prefix_suffix
  ✓ r05c16_scbench_prefix_suffix
  ✓ r05c1024_scbench_prefix_suffix
  ✓ r05b_scbench_vt
  ✓ r05c16_scbench_vt
  ✓ r05c1024_scbench_vt
  ✗ r05b_scbench_summary
  ✗ r05c16_scbench_summary
  ✗ r05c1024_scbench_summary
