device=cuda  train=48 val=12  L=4 H=4 n=384

变体          d_m   stateful   shuffled         差
oracle      128    +0.1256       +nan      +nan
base        128    +0.0038    +0.0099   -0.0061
Traceback (most recent call last):
  File "/home/ubuntu/zxy/vlm-memory/scratch_ctrl_dirfix.py", line 169, in <module>
    sys.exit(main())
             ^^^^^^
  File "/home/ubuntu/zxy/vlm-memory/scratch_ctrl_dirfix.py", line 151, in main
    loss, _ = R(doc, a.n_pairs, g, shuf_gen=gsh)
              ^^^^^^^^^^^^^^^^^^^^^^^^^^^^^^^^^^
  File "/home/ubuntu/zxy/vlm-memory/.venv/lib/python3.12/site-packages/torch/nn/modules/module.py", line 1751, in _wrapped_call_impl
    return self._call_impl(*args, **kwargs)
           ^^^^^^^^^^^^^^^^^^^^^^^^^^^^^^^^
  File "/home/ubuntu/zxy/vlm-memory/.venv/lib/python3.12/site-packages/torch/nn/modules/module.py", line 1762, in _call_impl
    return forward_call(*args, **kwargs)
           ^^^^^^^^^^^^^^^^^^^^^^^^^^^^^
  File "/home/ubuntu/zxy/vlm-memory/scratch_ctrl_dirfix.py", line 116, in forward
    mu = cm._mean(xr, ~rr).expand(-1, M[l].shape[1], -1)
                                      ^^^^^^^^^^
AttributeError: 'tuple' object has no attribute 'shape'
