SWEEP_START: Fri Aug  7 09:52:31 UTC 2026   K=[16 32 64] steps=1500 per_level=40 budget=256

TRAIN_START: Fri Aug  7 09:52:31 UTC 2026
  skip K=16 tier2（ckpt 已存在）
  skip K=16 tier4（ckpt 已存在）
  skip K=16 tier5（ckpt 已存在）
  K=32 tier2 → GPU0 (pid 877932)
  K=32 tier4 → GPU1 (pid 877933)
  K=32 tier5 → GPU2 (pid 877934)
  K=64 tier2 → GPU3 (pid 877935)
  K=64 tier4 → GPU4 (pid 877936)
  K=64 tier5 → GPU5 (pid 877937)
TRAIN_DONE: Fri Aug  7 10:21:10 UTC 2026
  K=32 tier2: step  1490  lm 2.9934  free_energy 90.0000
  K=32 tier4: step  1490  lm 3.5771  free_energy 27.1892  predictor 0.0428
  K=32 tier5: step  1490  lm 2.9012  free_energy 54.0586  predictor 0.0494
  K=64 tier2: step  1490  lm 3.1359  free_energy 89.9286
  K=64 tier4: step  1490  lm 3.5438  free_energy 27.6218  predictor 0.0435
  K=64 tier5: step  1490  lm 2.7125  free_energy 41.6916  predictor 0.0495

EVAL_START: Fri Aug  7 10:21:10 UTC 2026
EVAL_DONE: Fri Aug  7 10:39:11 UTC 2026

############ 汇总 ############

表1  overall（主指标 nll，越低越好；em 仅供参考）
--------------------------------------------------------------------------
   K  tier  方法                              nll   Δ vs t1      em     n
  16     1  discard(KVzip)               3.9524   +0.0000   0.231   160
  16     2  recency+point                2.5099   -1.4425   0.231   160
  16     3  recency+moment(MomentKV)     3.8576   -0.0948   0.231   160
  16     4  fe+point(IndexMem)           2.4725   -1.4799   0.231   160
  16     5  fe+dist(VariKV)                 nan      +nan   0.231   160

  32     1  discard(KVzip)               3.9524   +0.0000   0.231   160
  32     2  recency+point                2.5578   -1.3946   0.231   160
  32     3  recency+moment(MomentKV)     3.7793   -0.1731   0.231   160
  32     4  fe+point(IndexMem)           2.6591   -1.2933   0.231   160
  32     5  fe+dist(VariKV)                 nan      +nan   0.231   160

  64     1  discard(KVzip)               3.9524   +0.0000   0.231   160
  64     2  recency+point                2.8388   -1.1136   0.231   160
  64     3  recency+moment(MomentKV)     3.7267   -0.2257   0.231   160
  64     4  fe+point(IndexMem)           3.1172   -0.8352   0.231   160
  64     5  fe+dist(VariKV)                 nan      +nan   0.231   160


表2  按干扰强度分档的 nll
--------------------------------------------------------------------------
   K  tier        nd=0     nd=200     nd=800    nd=2000
  16     1      1.4559     4.8475     4.8914     4.6148
  16     2      1.4559     2.6140     3.0028     2.9669
  16     3      1.4559     4.5043     4.6582     4.8118
  16     4      1.4559     2.5346     2.8511     3.0486
  16     5      1.4559     2.3828     2.6163        nan

  32     1      1.4559     4.8475     4.8914     4.6148
  32     2      1.4559     2.6567     2.9832     3.1356
  32     3      1.4559     4.2270     4.5247     4.9095
  32     4      1.4559     2.9290     3.0589     3.1924
  32     5      1.4559     2.4455     2.8936        nan

  64     1      1.4559     4.8475     4.8914     4.6148
  64     2      1.4559     3.0231     3.2469     3.6292
  64     3      1.4559     3.9940     4.4502     5.0067
  64     4      1.4559     3.1740     3.7084     4.1305
  64     5      1.4559     2.6042     3.3766        nan


表3  配对比较（负 = 前者更好）。95% 自助置信区间不含 0 才算分离
--------------------------------------------------------------------------
   K  对比                   配对Δnll                 95% CI     分离?
  16  t5 vs t2                   nan   [ -0.1748, -0.0940]     YES
  16  t5 vs t4                   nan   [ -0.1594, -0.1240]     YES
  16  t5 vs t3                   nan   [ -1.3574,     nan]      no
  16  t5 vs t1                   nan   [ -1.4585,     nan]      no

  32  t5 vs t2                   nan   [ -0.1353, -0.1110]     YES
  32  t5 vs t4                   nan   [     nan,     nan]      no
  32  t5 vs t3                   nan   [     nan, -1.4056]     YES
  32  t5 vs t1                   nan   [ -1.5017, -1.3973]     YES

  64  t5 vs t2                   nan   [ -0.0303,     nan]      no
  64  t5 vs t4                   nan   [ -0.3338,     nan]      no
  64  t5 vs t3                   nan   [ -1.1288,     nan]      no
  64  t5 vs t1                   nan   [ -1.0271,     nan]      no


表4  容量效应：同一档位随 K 的变化（配对，相对 K=16）
--------------------------------------------------------------------------
 tier     K     配对Δnll vs K=16                 95% CI     分离?
    1    32             0.0000   [  0.0000,  0.0000]      no
    1    64             0.0000   [  0.0000,  0.0000]      no

    2    32             0.0479   [  0.0017,  0.0952]     YES
    2    64             0.3289   [  0.2572,  0.4028]     YES

    3    32            -0.0783   [ -0.1339, -0.0218]     YES
    3    64            -0.1309   [ -0.2266, -0.0337]     YES

    4    32             0.1865   [  0.1046,  0.2703]     YES
    4    64             0.6446   [  0.5331,  0.7572]     YES

    5    32                nan   [  0.0856,  0.0675]     YES
    5    64                nan   [     nan,     nan]      no


SWEEP_DONE: Fri Aug  7 10:39:20 UTC 2026
