待跑 27 个任务，GPU [0, 1, 2, 6, 7]
  squad                    baseline
  squad                    dist
  squad                    point
  gsm                      baseline
  gsm                      dist
  gsm                      point
  scbench_choice_eng       baseline
  scbench_choice_eng       dist
  scbench_choice_eng       point
  scbench_qa_eng           baseline
  scbench_qa_eng           dist
  scbench_qa_eng           point
  scbench_repoqa           baseline
  scbench_repoqa           dist
  scbench_repoqa           point
  scbench_prefix_suffix    baseline
  scbench_prefix_suffix    dist
  scbench_prefix_suffix    point
  scbench_summary          baseline
  scbench_summary          dist
  scbench_summary          point
  scbench_vt               baseline
  scbench_vt               dist
  scbench_vt               point
  scbench_mf               baseline
  scbench_mf               dist
  scbench_mf               point
[gpu0] START squad/baseline
[gpu1] START squad/dist
[gpu2] START squad/point
[gpu6] START gsm/baseline
[gpu7] START gsm/dist
[gpu1] OK   squad/dist 33.4min
[gpu1] START gsm/point
[gpu0] OK   squad/baseline 34.6min
[gpu0] START scbench_choice_eng/baseline
[gpu2] OK   squad/point 35.7min
[gpu2] START scbench_choice_eng/dist
[gpu0] OK   scbench_choice_eng/baseline 20.6min
[gpu0] START scbench_choice_eng/point
[gpu2] OK   scbench_choice_eng/dist 26.8min
[gpu2] START scbench_qa_eng/baseline
[gpu7] OK   gsm/dist 71.6min
[gpu7] START scbench_qa_eng/dist
[gpu6] OK   gsm/baseline 71.9min
[gpu6] START scbench_qa_eng/point
[gpu0] OK   scbench_choice_eng/point 30.9min
[gpu0] START scbench_repoqa/baseline
[gpu2] OK   scbench_qa_eng/baseline 27.7min
[gpu2] START scbench_repoqa/dist
[gpu1] OK   gsm/point 68.7min
[gpu1] START scbench_repoqa/point
[gpu7] OK   scbench_qa_eng/dist 36.1min
[gpu7] START scbench_prefix_suffix/baseline
[gpu6] OK   scbench_qa_eng/point 39.9min
[gpu6] START scbench_prefix_suffix/dist
[gpu7] OK   scbench_prefix_suffix/baseline 139.6min
[gpu7] START scbench_prefix_suffix/point
[gpu6] OK   scbench_prefix_suffix/dist 193.9min
[gpu6] START scbench_summary/baseline
[gpu7] OK   scbench_prefix_suffix/point 168.4min
[gpu7] START scbench_summary/dist
[gpu6] OK   scbench_summary/baseline 131.3min
[gpu6] START scbench_summary/point
[gpu2] OK   scbench_repoqa/dist 350.3min
[gpu2] START scbench_vt/baseline
[gpu1] OK   scbench_repoqa/point 359.3min
[gpu1] START scbench_vt/dist
[gpu0] OK   scbench_repoqa/baseline 397.8min
[gpu0] START scbench_vt/point
[gpu7] OK   scbench_summary/dist 113.0min
[gpu7] START scbench_mf/baseline
[gpu6] OK   scbench_summary/point 123.2min
[gpu6] START scbench_mf/dist
[gpu2] OK   scbench_vt/baseline 129.3min
[gpu2] START scbench_mf/point
[gpu1] OK   scbench_vt/dist 132.1min
[gpu0] OK   scbench_vt/point 151.1min
[gpu7] OK   scbench_mf/baseline 132.1min
[gpu2] OK   scbench_mf/point 153.8min
[gpu6] OK   scbench_mf/dist 178.4min
ALL DONE
