共 22 个任务（11 面板 × 2 个 K），ratio 0.3,0.2
[06:57] scbench_repoqa:1024 → GPU0
[06:58] scbench_repoqa:16 → GPU1
[06:59] scbench_prefix_suffix:1024 → GPU2
[07:01] scbench_prefix_suffix:16 → GPU3
[07:02] scbench_kv:1024 → GPU4
[07:03] scbench_kv:16 → GPU5
[07:04] scbench_mf:1024 → GPU6
[07:05] scbench_mf:16 → GPU7
[08:00] ✓ scbench_prefix_suffix:1024
[08:01] scbench_vt:1024 → GPU2
[08:03] ✓ scbench_prefix_suffix:16
[08:04] scbench_vt:16 → GPU3
[08:09] ✓ scbench_mf:1024
[08:10] scbench_summary:1024 → GPU6
[08:11] ✓ scbench_mf:16
[08:12] scbench_summary:16 → GPU7
Terminated
[08:35] ✗ scbench_repoqa:16 失败
Terminated
[08:36] ✗ scbench_repoqa:1024 失败
Terminated
[08:36] ✗ scbench_summary:16 失败
Terminated
[08:36] ✗ scbench_summary:1024 失败
[08:36] gsm:1024 → GPU0
