=== 三个教师扩容完成，跑凸探针 ===
════════ v2 (n=30) ════════
**留一交叉验证**，30 篇文档   ρ=0.5   device=cuda
单次 8/2 划分不够：历史特征是逐 (文档,chunk,层) 共享的，独立观测数远小于
行数，而留出只有 2 篇 ⇒ 文档级方差主导。LOO 给出 10 个配对估计。

每篇 200,704 行   当前 5 维 / 历史 7 维

 held-out    (a) s0   (b) cur  (c) +hist     Δloss     Δacc
     doc0    0.5552    0.6399     0.6295  +0.05607  -0.0103
     doc1    0.5867    0.6705     0.6666  +0.04267  -0.0039
     doc2    0.5852    0.6650     0.6535  +0.96790  -0.0115
     doc3    0.5807    0.6549     0.6726  +0.07192  +0.0177
     doc4    0.5590    0.6249     0.6311  +0.03527  +0.0062
     doc5    0.6175    0.6325     0.6345  +0.04155  +0.0020
     doc6    0.5994    0.6073     0.5589  +0.23710  -0.0484
     doc7    0.5817    0.6769     0.6690  +0.02357  -0.0079
     doc8    0.5941    0.6143     0.6219  +0.01527  +0.0076
     doc9    0.5954    0.6217     0.5896  +0.16868  -0.0320
    doc10    0.5700    0.6191     0.6079  +0.09432  -0.0112
    doc11    0.5460    0.5755     0.5833  +0.06294  +0.0078
    doc12    0.5712    0.6223     0.6183  +0.03995  -0.0040
    doc13    0.5391    0.6523     0.6459  +0.08338  -0.0064
    doc14    0.5570    0.6642     0.6576  +0.16884  -0.0066
    doc15    0.6176    0.6631     0.6270  +0.27827  -0.0361
    doc16    0.5677    0.6737     0.6211  +0.23335  -0.0526
    doc17    0.6092    0.6241     0.6431  +0.07909  +0.0190
    doc18    0.5634    0.6557     0.6456  +0.17784  -0.0101
    doc19    0.5256    0.6355     0.5837  +0.45874  -0.0519
    doc20    0.5804    0.7216     0.6956  +0.17604  -0.0261
    doc21    0.5763    0.6706     0.6843  +0.04005  +0.0137
    doc22    0.5710    0.6823     0.6420  +0.47839  -0.0403
    doc23    0.5966    0.6179     0.5813  +0.54511  -0.0365
    doc24    0.6071    0.6619     0.6531  +0.32264  -0.0089
    doc25    0.5776    0.6629     0.6490  +0.31885  -0.0138
    doc26    0.5880    0.6185     0.6204  +0.32280  +0.0018
    doc27    0.5627    0.6549     0.6378  +0.34796  -0.0170
    doc28    0.5696    0.6474     0.6345  +0.34534  -0.0128
    doc29    0.5614    0.6012     0.5753  +0.05390  -0.0260

Δloss (负=历史有用):  mean +0.20959 ± 0.20840   n=30  t=+5.51   临界(df=29,双侧95%)=2.262
   → 显著，方向 **不利于**历史假设

Δacc  (正=历史有用):  mean -0.01329 ± 0.01995   n=30  t=-3.65   临界(df=29,双侧95%)=2.262
   → 显著，方向 **不利于**历史假设

判读：Δloss 显著为负 ⇒ E[U|X,M] ≠ E[U|X]，B 的核心命题在数据层面成立。
      不可分或为正 ⇒ 线性看不见历史信息；非线性仍可能有，但先验应大幅下调，
      且此时继续调架构是没有依据的。
════════ retr1 (n=30) ════════
**留一交叉验证**，30 篇文档   ρ=0.5   device=cuda
单次 8/2 划分不够：历史特征是逐 (文档,chunk,层) 共享的，独立观测数远小于
行数，而留出只有 2 篇 ⇒ 文档级方差主导。LOO 给出 10 个配对估计。

每篇 200,704 行   当前 5 维 / 历史 7 维

 held-out    (a) s0   (b) cur  (c) +hist     Δloss     Δacc
     doc0    0.5777    0.6458     0.6194  +0.10095  -0.0264
     doc1    0.5981    0.6820     0.6572  +0.22850  -0.0249
     doc2    0.5898    0.6311     0.5785  +0.34601  -0.0526
     doc3    0.5693    0.6758     0.6635  +0.18872  -0.0123
     doc4    0.5672    0.6168     0.6087  +0.09386  -0.0082
     doc5    0.6160    0.6468     0.6134  +0.21847  -0.0335
     doc6    0.5905    0.6395     0.6173  +0.28678  -0.0222
     doc7    0.6178    0.6606     0.6447  +0.12022  -0.0159
     doc8    0.5913    0.6742     0.6649  +0.14736  -0.0093
     doc9    0.5981    0.6897     0.6538  +0.26541  -0.0359
    doc10    0.5902    0.5993     0.6086  +0.15633  +0.0093
    doc11    0.5753    0.6553     0.6367  +0.10631  -0.0186
    doc12    0.6324    0.6720     0.6515  +0.09767  -0.0206
    doc13    0.6150    0.6512     0.6101  +0.13817  -0.0411
    doc14    0.6223    0.6570     0.6195  +0.27613  -0.0376
    doc15    0.5974    0.6638     0.6464  +0.11431  -0.0174
    doc16    0.5490    0.6691     0.6490  +0.12235  -0.0202
    doc17    0.6033    0.6581     0.6492  +0.10494  -0.0089
    doc18    0.5958    0.6768     0.6710  +0.03554  -0.0058
    doc19    0.5973    0.6781     0.6682  +0.04152  -0.0099
    doc20    0.6083    0.6509     0.6656  +0.02163  +0.0147
    doc21    0.6077    0.6596     0.6081  +0.08238  -0.0515
    doc22    0.5644    0.6769     0.6037  +0.07259  -0.0732
    doc23    0.6294    0.7080     0.6669  +0.08508  -0.0411
    doc24    0.5964    0.6451     0.6108  +0.22120  -0.0343
    doc25    0.6170    0.7072     0.6920  +0.07052  -0.0152
    doc26    0.5922    0.6448     0.6370  +0.06126  -0.0078
    doc27    0.6284    0.6539     0.6496  +0.09263  -0.0043
    doc28    0.6043    0.7074     0.6431  +0.11158  -0.0643
    doc29    0.6262    0.6878     0.7067  +0.05567  +0.0190

Δloss (负=历史有用):  mean +0.13547 ± 0.08237   n=30  t=+9.01   临界(df=29,双侧95%)=2.262
   → 显著，方向 **不利于**历史假设

Δacc  (正=历史有用):  mean -0.02232 ± 0.02146   n=30  t=-5.70   临界(df=29,双侧95%)=2.262
   → 显著，方向 **不利于**历史假设

判读：Δloss 显著为负 ⇒ E[U|X,M] ≠ E[U|X]，B 的核心命题在数据层面成立。
      不可分或为正 ⇒ 线性看不见历史信息；非线性仍可能有，但先验应大幅下调，
      且此时继续调架构是没有依据的。
════════ retr3 (n=30) ════════
**留一交叉验证**，30 篇文档   ρ=0.5   device=cuda
单次 8/2 划分不够：历史特征是逐 (文档,chunk,层) 共享的，独立观测数远小于
行数，而留出只有 2 篇 ⇒ 文档级方差主导。LOO 给出 10 个配对估计。

每篇 200,704 行   当前 5 维 / 历史 7 维

 held-out    (a) s0   (b) cur  (c) +hist     Δloss     Δacc
     doc0    0.6328    0.6818     0.6895  +0.32466  +0.0077
     doc1    0.6029    0.6540     0.6261  +0.12944  -0.0279
     doc2    0.6182    0.6794     0.6585  +0.21332  -0.0209
     doc3    0.6112    0.6493     0.6670  +0.02961  +0.0176
     doc4    0.6407    0.6496     0.6604  +0.23954  +0.0109
     doc5    0.6220    0.6435     0.6395  +0.08812  -0.0040
     doc6    0.5821    0.6523     0.6672  +0.00723  +0.0149
     doc7    0.5594    0.6463     0.6540  +0.05107  +0.0077
     doc8    0.5867    0.6623     0.6601  +0.07951  -0.0022
     doc9    0.6280    0.6481     0.6258  +0.05763  -0.0223
    doc10    0.6079    0.6660     0.6651  +0.00592  -0.0009
    doc11    0.5847    0.6158     0.6741  -0.00111  +0.0583
    doc12    0.6062    0.6537     0.6510  +0.03464  -0.0027
    doc13    0.6198    0.6903     0.6568  +0.04534  -0.0334
    doc14    0.6402    0.6637     0.6373  +0.09281  -0.0264
    doc15    0.5982    0.6862     0.6655  +0.04457  -0.0206
    doc16    0.5576    0.6338     0.6466  +0.07965  +0.0128
    doc17    0.5907    0.6783     0.6241  +0.12845  -0.0542
    doc18    0.5754    0.6323     0.6431  +0.09643  +0.0108
    doc19    0.6052    0.6757     0.6486  +0.13157  -0.0271
    doc20    0.5588    0.6556     0.6440  +0.11228  -0.0115
    doc21    0.5967    0.6650     0.6399  +0.08365  -0.0252
    doc22    0.6209    0.6663     0.6807  +0.03214  +0.0143
    doc23    0.6233    0.7197     0.6754  +0.06854  -0.0442
    doc24    0.6295    0.6888     0.6950  +0.01434  +0.0062
    doc25    0.5862    0.6754     0.7015  +0.02228  +0.0261
    doc26    0.5874    0.6309     0.6380  +0.07320  +0.0071
    doc27    0.6313    0.6589     0.6771  +0.03255  +0.0183
    doc28    0.5891    0.6708     0.6310  +0.08378  -0.0398
    doc29    0.6427    0.6828     0.7031  +0.04015  +0.0203

Δloss (负=历史有用):  mean +0.08138 ± 0.07234   n=30  t=+6.16   临界(df=29,双侧95%)=2.262
   → 显著，方向 **不利于**历史假设

Δacc  (正=历史有用):  mean -0.00434 ± 0.02462   n=30  t=-0.97   临界(df=29,双侧95%)=2.262
   → **与 0 不可分**

判读：Δloss 显著为负 ⇒ E[U|X,M] ≠ E[U|X]，B 的核心命题在数据层面成立。
      不可分或为正 ⇒ 线性看不见历史信息；非线性仍可能有，但先验应大幅下调，
      且此时继续调架构是没有依据的。
