15:34  [GPU0] scbench_kv base
15:34  [GPU1] scbench_kv v2
15:35  [GPU2] scbench_kv v3
15:36  [GPU3] scbench_mf base
15:36  [GPU4] scbench_mf v2
15:37  [GPU5] scbench_mf v3
15:38  [GPU6] scbench_vt base
15:38  [GPU7] scbench_vt v2
18:43  [GPU7] scbench_vt v3
18:47  [GPU3] scbench_qa_eng base
18:49  [GPU5] scbench_qa_eng v2
18:53  [GPU4] scbench_qa_eng v3
18:54  [GPU6] scbench_choice_eng base
19:22  [GPU6] scbench_choice_eng v2
19:28  [GPU3] scbench_choice_eng v3
19:32  [GPU5] scbench_summary base
19:35  [GPU4] scbench_summary v2
19:51  [GPU6] scbench_summary v3
19:57  [GPU3] scbench_prefix_suffix base
21:51  [GPU7] scbench_prefix_suffix v2
22:35  [GPU5] scbench_prefix_suffix v3
22:42  [GPU4] scbench_repoqa base
22:55  [GPU6] scbench_repoqa v2
23:07  [GPU2] scbench_repoqa v3
23:26  [GPU3] scbench_many_shot base
23:44  [GPU3] scbench_many_shot v2
00:03  [GPU3] scbench_many_shot v3
00:23  [GPU3] squad base
00:26  [GPU1] squad v2
00:39  [GPU0] squad v3
01:20  [GPU3] gsm base
01:21  [GPU7] gsm v2
01:23  [GPU1] gsm v3
