18:25 GPU1 <- scbench_kv 0.1 _adakv01 adakv-layer
18:51 GPU5 <- scbench_kv 0.2 _adakv02 adakv-layer
20:26 完成
20:34 GPU1 <- scbench_kv 0.1 _lyr01 layer
20:34 GPU1 <- scbench_kv 0.2 _lyr02 layer
20:35 layer 对照完成
22:16 GPU3 <- scbench_kv 0.1 _plyr01 pair-layer
22:27 GPU4 <- scbench_kv 0.2 _plyr02 pair-layer
23:52 GPU3 <- scbench_kv 0.2 _exppair02 expect/pair
00:03 layer 对照完成
00:04 GPU4 <- scbench_kv 0.1 _exppair01 expect/pair
01:33 expect-pair 完成
02:05 GPU1 <- scbench_kv 0.4 _exppair04 expect/pair
02:05 GPU2 <- scbench_kv 0.5 _exppair05 expect/pair
02:06 GPU3 <- scbench_kv 0.4 _adakv04 fastkvzip/adakv-layer
02:06 GPU4 <- scbench_kv 0.5 _adakv05 fastkvzip/adakv-layer
03:58 GPU3 <- scbench_prefix_suffix 0.4 _psadakv04 fastkvzip/adakv-layer
03:59 GPU6 <- scbench_vt 0.4 _vtadakv04 fastkvzip/adakv-layer
03:59 GPU7 <- scbench_mf 0.4 _mfadakv04 fastkvzip/adakv-layer
04:00 rho 0.4/0.5 表完成
04:13 GPU4 <- scbench_kv 0.3 _adakv03 fastkvzip/adakv-layer
04:52 adakv-layer@0.4 跨 panel 完成
05:58 adakv03 完成
