usage: eval_chunk.py [-h] [-g GATE_PATH_OR_NAME]
                     [--prefill_chunk PREFILL_CHUNK]
                     [--window_size WINDOW_SIZE] [-r RATIO]
                     [--kv_type {evict,retain}]
                     [--level {pair,pair-head,pair-layer,adakv-layer,}]
                     [-m MODEL] [-d DATA] [--idx IDX] [--num NUM] [--tag TAG]
                     [--varikv_ckpt VARIKV_CKPT] [--varikv_slots VARIKV_SLOTS]
                     [--varikv_kv_type {memory,memory_retain}]
                     [--varikv_readout {normal,zero}] [--varikv_residual]
                     [--varikv_gate_scale VARIKV_GATE_SCALE]
                     [--varikv_gate_from VARIKV_GATE_FROM]
                     [--varikv_ablate {none,logvar,precision,eta}]
                     [--centroid_k CENTROID_K] [--ctrl]
                     [--ctrl_beta CTRL_BETA]
                     [--ctrl_beta_group CTRL_BETA_GROUP]
                     [--ctrlm_rho_max CTRLM_RHO_MAX]
                     [--ctrlm_alpha CTRLM_ALPHA] [--ctrl_rho CTRL_RHO]
                     [--ctrl_src {evicted,retained}]
                     [--ctrl_feat {key,value,keyvalue}]
                     [--ctrl_rope {post,inv}] [--ctrl_shuffle]
                     [--ctrl_seed CTRL_SEED] [--ctrlm_ckpt CTRLM_CKPT]
                     [--ctrlm_slots CTRLM_SLOTS] [--ctrlm_dim CTRLM_DIM]
                     [--ctrlm_mode {stateful,memoryless,shuffled}]
                     [--centroid_rope {post,inv}]
eval_chunk.py: error: argument --level: invalid choice: 'layer' (choose from 'pair', 'pair-head', 'pair-layer', 'adakv-layer', '')
