════════ retr1 ════════
**留一交叉验证**，6 篇文档   ρ=0.5   device=cuda
单次 8/2 划分不够：历史特征是逐 (文档,chunk,层) 共享的，独立观测数远小于
行数，而留出只有 2 篇 ⇒ 文档级方差主导。LOO 给出 10 个配对估计。

每篇 200,704 行   当前 5 维 / 历史 7 维

 held-out    (a) s0   (b) cur  (c) +hist     Δloss     Δacc
     doc0    0.5777    0.6504     0.6390  -0.00082  -0.0114
     doc1    0.5981    0.6828     0.6928  -0.00079  +0.0100
     doc2    0.5898    0.6342     0.6267  -0.00394  -0.0075
     doc3    0.5693    0.6674     0.6586  -0.00789  -0.0088
     doc4    0.5672    0.5999     0.6522  -0.01557  +0.0523
     doc5    0.6160    0.6674     0.6754  +0.01383  +0.0079

Δloss (负=历史有用):  mean -0.00253 ± 0.00974   n=6  t=-0.64   临界(df=5,双侧95%)=2.262
   → **与 0 不可分**

Δacc  (正=历史有用):  mean +0.00709 ± 0.02390   n=6  t=+0.73   临界(df=5,双侧95%)=2.262
   → **与 0 不可分**

判读：Δloss 显著为负 ⇒ E[U|X,M] ≠ E[U|X]，B 的核心命题在数据层面成立。
      不可分或为正 ⇒ 线性看不见历史信息；非线性仍可能有，但先验应大幅下调，
      且此时继续调架构是没有依据的。
════════ retr3 ════════
**留一交叉验证**，6 篇文档   ρ=0.5   device=cuda
单次 8/2 划分不够：历史特征是逐 (文档,chunk,层) 共享的，独立观测数远小于
行数，而留出只有 2 篇 ⇒ 文档级方差主导。LOO 给出 10 个配对估计。

每篇 200,704 行   当前 5 维 / 历史 7 维

 held-out    (a) s0   (b) cur  (c) +hist     Δloss     Δacc
     doc0    0.6328    0.6480     0.6853  +0.00832  +0.0373
     doc1    0.6029    0.6580     0.6491  -0.00032  -0.0089
     doc2    0.6182    0.6827     0.6693  +0.01208  -0.0134
     doc3    0.6112    0.6756     0.6981  +0.01813  +0.0225
     doc4    0.6407    0.6209     0.6861  -0.02296  +0.0652
     doc5    0.6220    0.6770     0.6723  +0.00630  -0.0047

Δloss (负=历史有用):  mean +0.00359 ± 0.01438   n=6  t=+0.61   临界(df=5,双侧95%)=2.262
   → **与 0 不可分**

Δacc  (正=历史有用):  mean +0.01634 ± 0.03108   n=6  t=+1.29   临界(df=5,双侧95%)=2.262
   → **与 0 不可分**

判读：Δloss 显著为负 ⇒ E[U|X,M] ≠ E[U|X]，B 的核心命题在数据层面成立。
      不可分或为正 ⇒ 线性看不见历史信息；非线性仍可能有，但先验应大幅下调，
      且此时继续调架构是没有依据的。
