DONE _qd02ps rc=0
DONE _qd02vt rc=0
DONE _qd75ps rc=0
DONE _vt02tab rc=0
DONE _ps02xfer rc=0
DONE _ps02tab rc=0
DONE _p02within rc=143
DONE _ps75tab rc=127
DONE _p02s1 rc=127
DONE _p02s2 rc=127
DONE _p02m3 rc=127
DONE _p03tab rc=127
DONE _rankchk rc=0
DONE _ps02ownx rc=127
DONE _p02xferps rc=0
DONE _smkexp rc=0
DONE _p02xferpsx rc=0
DONE _smksnap rc=0
DONE _p02pos rc=0
DONE _p01tab rc=0
DONE _p02acr2 rc=0
DONE _p05tab rc=0
DONE _ps75b rc=0
DONE _ps02x3 rc=0
DONE _ps02x45 rc=0
DONE _p02win3 rc=0
DONE _p02acr3 rc=0
DONE _p02win2 rc=0
DONE _p02x15 rc=0
DONE _p02x25 rc=0
DONE _p02x05 rc=0
DONE _flr8 rc=0
DONE _flr32 rc=0
DONE _expbase rc=0
DONE _psflr32 rc=1
DONE _ps02pg rc=0
DONE _ps02pl rc=0
DONE _flr128 rc=0
DONE _psflr8 rc=0
DONE _fkvbase rc=0
DONE _flr512 rc=0
DONE _vtflr8 rc=0
DONE _psflr32b rc=0
DONE _psscalar_s2 rc=143
DONE _psscalar_s1 rc=143
DONE _psscalar_s0 rc=143
DONE _sc11_gsm_s0 rc=0
DONE _sc11_scbench_kv_s0 rc=137
DONE _sc11_scbench_mf_s0 rc=137
DONE _sc11_scbench_vt_s0 rc=137
DONE _psflr128 rc=0
DONE _xpFKVqExp rc=0
DONE _flr01a rc=0
DONE _flr03a rc=0
DONE _pskv_s0 rc=0
DONE _xpExpqFKV rc=0
DONE _pskv_s1 rc=0
DONE _sc11_scbench_choice_eng_s0 rc=0
DONE _sc11_scbench_qa_eng_s0 rc=0
DONE _sc11_scbench_many_shot_s0 rc=0
DONE _sc11_squad_s0 rc=0
DONE _ceflr8 rc=0
DONE _qaflr8 rc=0
DONE _ceflr32 rc=0
