=== 教师完成，跑凸探针 ===
════════ sm_cont ════════
**留一交叉验证**，30 篇文档   ρ=0.5   device=cuda
单次 8/2 划分不够：历史特征是逐 (文档,chunk,层) 共享的，独立观测数远小于
行数，而留出只有 2 篇 ⇒ 文档级方差主导。LOO 给出 10 个配对估计。

每篇 200,704 行   当前 5 维 / 可观测存活 3 维 / 只能靠记忆的驱逐 4 维
Δ 的对照是 **(b+存活)**：判据是「存活缓存 C_t 之外，被驱逐的历史还有没有增量」

 held-out   (a) s0  (b) cur    (b+存活)    (c) +驱逐     Δloss     Δacc
     doc0   0.5646   0.6032    0.5812     0.5189  +0.11768  -0.0623
     doc1   0.4995   0.6024    0.5837     0.5797  +0.09824  -0.0040
     doc2   0.5441   0.5974    0.6023     0.6090  +0.02038  +0.0066
     doc3   0.5138   0.6212    0.5975     0.5924  +0.05825  -0.0051
     doc4   0.5104   0.5425    0.5183     0.5464  +0.02696  +0.0281
     doc5   0.5309   0.6040    0.5856     0.5759  +0.04906  -0.0097
     doc6   0.5634   0.6160    0.5842     0.5733  +0.06331  -0.0109
     doc7   0.5591   0.5983    0.5890     0.5721  +0.03682  -0.0169
     doc8   0.5079   0.5754    0.5577     0.5432  +0.01581  -0.0145
     doc9   0.5511   0.6172    0.5959     0.5710  +0.02121  -0.0250
    doc10   0.5394   0.5478    0.5456     0.5290  +0.25842  -0.0167
    doc11   0.5288   0.6107    0.6068     0.5837  +0.18125  -0.0231
    doc12   0.5300   0.6106    0.6078     0.5633  +0.21034  -0.0445
    doc13   0.5056   0.5797    0.5767     0.5342  +0.26699  -0.0424
    doc14   0.5059   0.6466    0.6543     0.6252  +0.02578  -0.0290
    doc15   0.5409   0.5816    0.5768     0.5600  +0.19407  -0.0168
    doc16   0.5472   0.6004    0.5353     0.5101  +0.09350  -0.0252
    doc17   0.5176   0.5758    0.5756     0.5766  +0.07708  +0.0010
    doc18   0.4969   0.6110    0.6139     0.5783  +0.10492  -0.0356
    doc19   0.5124   0.5658    0.5533     0.5282  +0.21632  -0.0251
    doc20   0.5881   0.6626    0.6469     0.6747  +0.04500  +0.0278
    doc21   0.5290   0.6540    0.6284     0.6320  +0.06764  +0.0036
    doc22   0.5261   0.6113    0.5960     0.5951  +0.19025  -0.0009
    doc23   0.5314   0.5419    0.5278     0.5029  +0.26644  -0.0249
    doc24   0.5292   0.6174    0.6179     0.6448  +0.01135  +0.0269
    doc25   0.5135   0.5829    0.5919     0.5962  +0.05715  +0.0043
    doc26   0.5485   0.5984    0.5943     0.6303  +0.01607  +0.0361
    doc27   0.5612   0.6244    0.6158     0.6044  +0.05724  -0.0113
    doc28   0.5365   0.6131    0.6137     0.6181  +0.03042  +0.0045
    doc29   0.5119   0.5262    0.5119     0.4840  +0.10060  -0.0278

Δloss (负=历史有用):  mean +0.09929 ± 0.08274   n=30  t=+6.57   临界(df=29,双侧95%)=2.262
   → 显著，方向 **不利于**历史假设

Δacc  (正=历史有用):  mean -0.01110 ± 0.02276   n=30  t=-2.67   临界(df=29,双侧95%)=2.262
   → 显著，方向 **不利于**历史假设

判读：Δloss 显著为负 ⇒ E[U|X,M] ≠ E[U|X]，B 的核心命题在数据层面成立。
      不可分或为正 ⇒ 线性看不见历史信息；非线性仍可能有，但先验应大幅下调，
      且此时继续调架构是没有依据的。
════════ sm_r1 ════════
**留一交叉验证**，30 篇文档   ρ=0.5   device=cuda
单次 8/2 划分不够：历史特征是逐 (文档,chunk,层) 共享的，独立观测数远小于
行数，而留出只有 2 篇 ⇒ 文档级方差主导。LOO 给出 10 个配对估计。

每篇 200,704 行   当前 5 维 / 可观测存活 3 维 / 只能靠记忆的驱逐 4 维
Δ 的对照是 **(b+存活)**：判据是「存活缓存 C_t 之外，被驱逐的历史还有没有增量」

 held-out   (a) s0  (b) cur    (b+存活)    (c) +驱逐     Δloss     Δacc
     doc0   0.5293   0.6134    0.5711     0.5278  +0.03963  -0.0433
     doc1   0.5348   0.5668    0.5626     0.5624  +0.06893  -0.0002
     doc2   0.5458   0.5889    0.5750     0.5659  +0.07631  -0.0091
     doc3   0.5652   0.6307    0.5903     0.5960  +0.05909  +0.0057
     doc4   0.5131   0.5515    0.5236     0.5039  +0.09294  -0.0198
     doc5   0.5786   0.6027    0.5793     0.5737  +0.04121  -0.0057
     doc6   0.5626   0.5831    0.5742     0.5541  +0.09165  -0.0201
     doc7   0.5775   0.6163    0.6145     0.6060  +0.02330  -0.0085
     doc8   0.5486   0.6196    0.5899     0.5889  +0.01605  -0.0009
     doc9   0.5727   0.5921    0.5659     0.5698  -0.03472  +0.0039
    doc10   0.5059   0.5394    0.5120     0.5236  +0.01356  +0.0116
    doc11   0.5023   0.6071    0.5823     0.5935  -0.00293  +0.0112
    doc12   0.5681   0.5776    0.5725     0.5571  -0.00275  -0.0154
    doc13   0.5466   0.5808    0.5862     0.5486  +0.03222  -0.0376
    doc14   0.5248   0.5136    0.4620     0.4806  +0.05393  +0.0186
    doc15   0.5714   0.5851    0.5982     0.5954  -0.00989  -0.0028
    doc16   0.5244   0.5689    0.5434     0.5382  +0.09282  -0.0052
    doc17   0.5323   0.6024    0.6093     0.6178  +0.01761  +0.0086
    doc18   0.5658   0.6233    0.6267     0.6567  +0.04196  +0.0299
    doc19   0.5406   0.6236    0.5993     0.6006  -0.00115  +0.0013
    doc20   0.5605   0.5754    0.5718     0.5765  +0.04178  +0.0048
    doc21   0.5568   0.5665    0.5636     0.5594  +0.03527  -0.0042
    doc22   0.5288   0.5855    0.5791     0.5565  +0.01552  -0.0226
    doc23   0.5648   0.6098    0.5569     0.5438  +0.01610  -0.0132
    doc24   0.5353   0.5718    0.5752     0.5548  +0.08419  -0.0204
    doc25   0.5199   0.5799    0.5804     0.5549  +0.06659  -0.0255
    doc26   0.5234   0.5913    0.5677     0.5580  +0.15972  -0.0097
    doc27   0.5649   0.5527    0.5384     0.5543  +0.10037  +0.0159
    doc28   0.5545   0.5576    0.5523     0.5679  +0.11381  +0.0156
    doc29   0.5695   0.5959    0.5857     0.5755  +0.05955  -0.0102

Δloss (负=历史有用):  mean +0.04676 ± 0.04268   n=30  t=+6.00   临界(df=29,双侧95%)=2.262
   → 显著，方向 **不利于**历史假设

Δacc  (正=历史有用):  mean -0.00491 ± 0.01654   n=30  t=-1.63   临界(df=29,双侧95%)=2.262
   → **与 0 不可分**

判读：Δloss 显著为负 ⇒ E[U|X,M] ≠ E[U|X]，B 的核心命题在数据层面成立。
      不可分或为正 ⇒ 线性看不见历史信息；非线性仍可能有，但先验应大幅下调，
      且此时继续调架构是没有依据的。
════════ sm_r3 ════════
**留一交叉验证**，30 篇文档   ρ=0.5   device=cuda
单次 8/2 划分不够：历史特征是逐 (文档,chunk,层) 共享的，独立观测数远小于
行数，而留出只有 2 篇 ⇒ 文档级方差主导。LOO 给出 10 个配对估计。

每篇 200,704 行   当前 5 维 / 可观测存活 3 维 / 只能靠记忆的驱逐 4 维
Δ 的对照是 **(b+存活)**：判据是「存活缓存 C_t 之外，被驱逐的历史还有没有增量」

 held-out   (a) s0  (b) cur    (b+存活)    (c) +驱逐     Δloss     Δacc
     doc0   0.5266   0.5841    0.5752     0.5609  +0.39299  -0.0144
     doc1   0.5447   0.6008    0.5571     0.5663  +0.14833  +0.0091
     doc2   0.5761   0.6182    0.5994     0.5936  +0.34307  -0.0058
     doc3   0.5791   0.6127    0.6080     0.5981  +0.08183  -0.0099
     doc4   0.5444   0.6045    0.6220     0.5687  +0.41496  -0.0533
     doc5   0.5399   0.5779    0.5724     0.5244  +0.21790  -0.0480
     doc6   0.5108   0.5813    0.5921     0.5398  +0.22372  -0.0523
     doc7   0.4902   0.5654    0.5693     0.5436  +0.25406  -0.0257
     doc8   0.4963   0.5646    0.5652     0.5408  +0.21357  -0.0244
     doc9   0.5162   0.5229    0.5179     0.5154  +0.07648  -0.0026
    doc10   0.5168   0.5777    0.5803     0.5698  +0.21049  -0.0105
    doc11   0.5465   0.5946    0.5659     0.5762  +0.29732  +0.0103
    doc12   0.5322   0.5873    0.5585     0.5513  +0.31789  -0.0072
    doc13   0.5390   0.6062    0.5773     0.5456  +0.42932  -0.0317
    doc14   0.4771   0.4702    0.4556     0.4613  +0.03626  +0.0056
    doc15   0.5137   0.5822    0.5719     0.5504  +0.36528  -0.0215
    doc16   0.5293   0.5341    0.5539     0.5377  +0.04685  -0.0162
    doc17   0.4988   0.5911    0.5936     0.5654  +0.26490  -0.0282
    doc18   0.5616   0.5878    0.5766     0.5489  +0.22790  -0.0277
    doc19   0.5342   0.4906    0.5162     0.5090  +0.04496  -0.0072
    doc20   0.5396   0.6014    0.5993     0.5642  +0.11550  -0.0351
    doc21   0.5362   0.6472    0.5772     0.5686  +0.06990  -0.0085
    doc22   0.5299   0.4839    0.4981     0.5408  +0.21634  +0.0427
    doc23   0.5260   0.4379    0.4600     0.4973  +0.16878  +0.0373
    doc24   0.5511   0.5895    0.5635     0.5430  +0.14058  -0.0205
    doc25   0.5252   0.6145    0.5469     0.5530  +0.25704  +0.0061
    doc26   0.5410   0.6140    0.5470     0.5199  +0.18007  -0.0272
    doc27   0.5827   0.6147    0.5867     0.5812  +0.07683  -0.0055
    doc28   0.5331   0.6300    0.5649     0.5423  +0.07549  -0.0226
    doc29   0.5429   0.4399    0.4913     0.5576  +0.06485  +0.0662

Δloss (负=历史有用):  mean +0.19912 ± 0.11801   n=30  t=+9.24   临界(df=29,双侧95%)=2.262
   → 显著，方向 **不利于**历史假设

Δacc  (正=历史有用):  mean -0.01095 ± 0.02642   n=30  t=-2.27   临界(df=29,双侧95%)=2.262
   → 显著，方向 **不利于**历史假设

判读：Δloss 显著为负 ⇒ E[U|X,M] ≠ E[U|X]，B 的核心命题在数据层面成立。
      不可分或为正 ⇒ 线性看不见历史信息；非线性仍可能有，但先验应大幅下调，
      且此时继续调架构是没有依据的。
