训练 23 篇 / 验证 7 篇

=== stateful　参数 637.8K ===
  ep0 train loss 0.7628 acc 0.0044 | val 头内Δacc +0.0033 **全局Δacc +0.0108** | alpha 0.9990
  ep1 train loss 0.7620 acc 0.0019 | val 头内Δacc +0.0014 **全局Δacc +0.0079** | alpha 0.9990
  ep2 train loss 0.7619 acc 0.0020 | val 头内Δacc +0.0023 **全局Δacc +0.0110** | alpha 0.9990
  ep3 train loss 0.7596 acc 0.0044 | val 头内Δacc +0.0040 **全局Δacc +0.0117** | alpha 0.9990
  ep4 train loss 0.7573 acc 0.0040 | val 头内Δacc +0.0036 **全局Δacc +0.0126** | alpha 0.9990
  ep5 train loss 0.7536 acc 0.0047 | val 头内Δacc +0.0052 **全局Δacc +0.0122** | alpha 0.9990
  ep6 train loss 0.7495 acc 0.0065 | val 头内Δacc +0.0073 **全局Δacc +0.0131** | alpha 0.9990
  ep7 train loss 0.7467 acc 0.0081 | val 头内Δacc +0.0081 **全局Δacc +0.0129** | alpha 0.9990
  ep8 train loss 0.7436 acc 0.0098 | val 头内Δacc +0.0106 **全局Δacc +0.0133** | alpha 0.9990
  ep9 train loss 0.7414 acc 0.0109 | val 头内Δacc +0.0104 **全局Δacc +0.0136** | alpha 0.9990
  ep10 train loss 0.7364 acc 0.0131 | val 头内Δacc +0.0121 **全局Δacc +0.0145** | alpha 0.9990
  ep11 train loss 0.7359 acc 0.0137 | val 头内Δacc +0.0144 **全局Δacc +0.0136** | alpha 0.9990
  ep12 train loss 0.7339 acc 0.0153 | val 头内Δacc +0.0151 **全局Δacc +0.0146** | alpha 0.9990
  ep13 train loss 0.7320 acc 0.0164 | val 头内Δacc +0.0159 **全局Δacc +0.0143** | alpha 0.9990
  ep14 train loss 0.7299 acc 0.0181 | val 头内Δacc +0.0171 **全局Δacc +0.0147** | alpha 0.9990
  ep15 train loss 0.7289 acc 0.0200 | val 头内Δacc +0.0188 **全局Δacc +0.0145** | alpha 0.9990
  ep16 train loss 0.7260 acc 0.0215 | val 头内Δacc +0.0197 **全局Δacc +0.0151** | alpha 0.9990
  ep17 train loss 0.7251 acc 0.0227 | val 头内Δacc +0.0211 **全局Δacc +0.0145** | alpha 0.9990
  ep18 train loss 0.7239 acc 0.0236 | val 头内Δacc +0.0220 **全局Δacc +0.0150** | alpha 0.9990
  ep19 train loss 0.7232 acc 0.0249 | val 头内Δacc +0.0234 **全局Δacc +0.0162** | alpha 0.9990
  ep20 train loss 0.7212 acc 0.0261 | val 头内Δacc +0.0241 **全局Δacc +0.0159** | alpha 0.9990
  ep21 train loss 0.7208 acc 0.0272 | val 头内Δacc +0.0253 **全局Δacc +0.0147** | alpha 0.9990
  ep22 train loss 0.7198 acc 0.0278 | val 头内Δacc +0.0252 **全局Δacc +0.0159** | alpha 0.9990
  ep23 train loss 0.7194 acc 0.0286 | val 头内Δacc +0.0265 **全局Δacc +0.0155** | alpha 0.9990
  ep24 train loss 0.7180 acc 0.0295 | val 头内Δacc +0.0267 **全局Δacc +0.0170** | alpha 0.9990
  ep25 train loss 0.7179 acc 0.0298 | val 头内Δacc +0.0275 **全局Δacc +0.0160** | alpha 0.9990
  ep26 train loss 0.7170 acc 0.0305 | val 头内Δacc +0.0275 **全局Δacc +0.0172** | alpha 0.9990
  ep27 train loss 0.7172 acc 0.0311 | val 头内Δacc +0.0283 **全局Δacc +0.0165** | alpha 0.9990
  ep28 train loss 0.7158 acc 0.0318 | val 头内Δacc +0.0285 **全局Δacc +0.0160** | alpha 0.9990
  ep29 train loss 0.7161 acc 0.0317 | val 头内Δacc +0.0289 **全局Δacc +0.0161** | alpha 0.9990
  ep30 train loss 0.7147 acc 0.0328 | val 头内Δacc +0.0293 **全局Δacc +0.0173** | alpha 0.9990
  ep31 train loss 0.7143 acc 0.0330 | val 头内Δacc +0.0306 **全局Δacc +0.0172** | alpha 0.9990
  ep32 train loss 0.7141 acc 0.0336 | val 头内Δacc +0.0303 **全局Δacc +0.0179** | alpha 0.9990
  ep33 train loss 0.7143 acc 0.0341 | val 头内Δacc +0.0311 **全局Δacc +0.0182** | alpha 0.9990
  ep34 train loss 0.7123 acc 0.0347 | val 头内Δacc +0.0311 **全局Δacc +0.0175** | alpha 0.9990
  ep35 train loss 0.7126 acc 0.0351 | val 头内Δacc +0.0316 **全局Δacc +0.0165** | alpha 0.9990
  ep36 train loss 0.7125 acc 0.0350 | val 头内Δacc +0.0319 **全局Δacc +0.0186** | alpha 0.9990
  ep37 train loss 0.7109 acc 0.0359 | val 头内Δacc +0.0327 **全局Δacc +0.0184** | alpha 0.9990
  ep38 train loss 0.7118 acc 0.0363 | val 头内Δacc +0.0327 **全局Δacc +0.0189** | alpha 0.9990
  ep39 train loss 0.7108 acc 0.0369 | val 头内Δacc +0.0329 **全局Δacc +0.0182** | alpha 0.9990

=== memoryless　参数 637.8K ===
  ep0 train loss 0.7627 acc 0.0078 | val 头内Δacc +0.0081 **全局Δacc +0.0071** | alpha 0.9990
  ep1 train loss 0.7606 acc 0.0059 | val 头内Δacc +0.0055 **全局Δacc +0.0102** | alpha 0.9990
  ep2 train loss 0.7585 acc 0.0056 | val 头内Δacc +0.0057 **全局Δacc +0.0120** | alpha 0.9990
  ep3 train loss 0.7542 acc 0.0051 | val 头内Δacc +0.0052 **全局Δacc +0.0142** | alpha 0.9990
  ep4 train loss 0.7518 acc 0.0057 | val 头内Δacc +0.0062 **全局Δacc +0.0140** | alpha 0.9990
  ep5 train loss 0.7481 acc 0.0074 | val 头内Δacc +0.0085 **全局Δacc +0.0134** | alpha 0.9990
  ep6 train loss 0.7437 acc 0.0101 | val 头内Δacc +0.0113 **全局Δacc +0.0142** | alpha 0.9990
  ep7 train loss 0.7397 acc 0.0137 | val 头内Δacc +0.0151 **全局Δacc +0.0158** | alpha 0.9990
  ep8 train loss 0.7352 acc 0.0175 | val 头内Δacc +0.0190 **全局Δacc +0.0150** | alpha 0.9990
  ep9 train loss 0.7306 acc 0.0218 | val 头内Δacc +0.0226 **全局Δacc +0.0160** | alpha 0.9990
  ep10 train loss 0.7248 acc 0.0258 | val 头内Δacc +0.0258 **全局Δacc +0.0174** | alpha 0.9990
  ep11 train loss 0.7232 acc 0.0286 | val 头内Δacc +0.0284 **全局Δacc +0.0162** | alpha 0.9990
  ep12 train loss 0.7210 acc 0.0310 | val 头内Δacc +0.0299 **全局Δacc +0.0180** | alpha 0.9990
  ep13 train loss 0.7183 acc 0.0330 | val 头内Δacc +0.0321 **全局Δacc +0.0190** | alpha 0.9990
  ep14 train loss 0.7165 acc 0.0348 | val 头内Δacc +0.0335 **全局Δacc +0.0202** | alpha 0.9990
  ep15 train loss 0.7157 acc 0.0366 | val 头内Δacc +0.0350 **全局Δacc +0.0190** | alpha 0.9990
  ep16 train loss 0.7133 acc 0.0388 | val 头内Δacc +0.0357 **全局Δacc +0.0197** | alpha 0.9990
  ep17 train loss 0.7124 acc 0.0387 | val 头内Δacc +0.0369 **全局Δacc +0.0198** | alpha 0.9990
  ep18 train loss 0.7116 acc 0.0394 | val 头内Δacc +0.0375 **全局Δacc +0.0198** | alpha 0.9990
  ep19 train loss 0.7113 acc 0.0400 | val 头内Δacc +0.0382 **全局Δacc +0.0206** | alpha 0.9990
  ep20 train loss 0.7095 acc 0.0408 | val 头内Δacc +0.0392 **全局Δacc +0.0204** | alpha 0.9990
  ep21 train loss 0.7098 acc 0.0412 | val 头内Δacc +0.0392 **全局Δacc +0.0201** | alpha 0.9990
  ep22 train loss 0.7086 acc 0.0420 | val 头内Δacc +0.0399 **全局Δacc +0.0214** | alpha 0.9990
  ep23 train loss 0.7081 acc 0.0428 | val 头内Δacc +0.0409 **全局Δacc +0.0218** | alpha 0.9990
  ep24 train loss 0.7068 acc 0.0438 | val 头内Δacc +0.0411 **全局Δacc +0.0220** | alpha 0.9990
  ep25 train loss 0.7065 acc 0.0441 | val 头内Δacc +0.0418 **全局Δacc +0.0222** | alpha 0.9990
  ep26 train loss 0.7063 acc 0.0443 | val 头内Δacc +0.0418 **全局Δacc +0.0223** | alpha 0.9990
  ep27 train loss 0.7059 acc 0.0451 | val 头内Δacc +0.0423 **全局Δacc +0.0216** | alpha 0.9990
  ep28 train loss 0.7052 acc 0.0452 | val 头内Δacc +0.0422 **全局Δacc +0.0216** | alpha 0.9990
  ep29 train loss 0.7053 acc 0.0452 | val 头内Δacc +0.0432 **全局Δacc +0.0226** | alpha 0.9990
  ep30 train loss 0.7041 acc 0.0466 | val 头内Δacc +0.0434 **全局Δacc +0.0219** | alpha 0.9990
  ep31 train loss 0.7038 acc 0.0461 | val 头内Δacc +0.0440 **全局Δacc +0.0219** | alpha 0.9990
  ep32 train loss 0.7036 acc 0.0470 | val 头内Δacc +0.0430 **全局Δacc +0.0219** | alpha 0.9990
  ep33 train loss 0.7045 acc 0.0462 | val 头内Δacc +0.0434 **全局Δacc +0.0212** | alpha 0.9990
  ep34 train loss 0.7028 acc 0.0472 | val 头内Δacc +0.0444 **全局Δacc +0.0222** | alpha 0.9990
  ep35 train loss 0.7027 acc 0.0475 | val 头内Δacc +0.0441 **全局Δacc +0.0236** | alpha 0.9990
  ep36 train loss 0.7026 acc 0.0474 | val 头内Δacc +0.0443 **全局Δacc +0.0228** | alpha 0.9990
  ep37 train loss 0.7016 acc 0.0478 | val 头内Δacc +0.0444 **全局Δacc +0.0227** | alpha 0.9990
  ep38 train loss 0.7022 acc 0.0485 | val 头内Δacc +0.0450 **全局Δacc +0.0227** | alpha 0.9990
  ep39 train loss 0.7012 acc 0.0488 | val 头内Δacc +0.0449 **全局Δacc +0.0220** | alpha 0.9990

=== shuffled　参数 637.8K ===
  ep0 train loss 0.7628 acc 0.0044 | val 头内Δacc +0.0032 **全局Δacc +0.0095** | alpha 0.9990
  ep1 train loss 0.7619 acc 0.0020 | val 头内Δacc +0.0016 **全局Δacc +0.0089** | alpha 0.9990
  ep2 train loss 0.7620 acc 0.0027 | val 头内Δacc +0.0048 **全局Δacc +0.0115** | alpha 0.9990
  ep3 train loss 0.7599 acc 0.0037 | val 头内Δacc +0.0025 **全局Δacc +0.0105** | alpha 0.9990
  ep4 train loss 0.7579 acc 0.0031 | val 头内Δacc +0.0032 **全局Δacc +0.0110** | alpha 0.9990
  ep5 train loss 0.7542 acc 0.0042 | val 头内Δacc +0.0046 **全局Δacc +0.0110** | alpha 0.9990
  ep6 train loss 0.7502 acc 0.0060 | val 头内Δacc +0.0068 **全局Δacc +0.0101** | alpha 0.9990
  ep7 train loss 0.7475 acc 0.0081 | val 头内Δacc +0.0082 **全局Δacc +0.0109** | alpha 0.9990
  ep8 train loss 0.7449 acc 0.0094 | val 头内Δacc +0.0099 **全局Δacc +0.0106** | alpha 0.9990
  ep9 train loss 0.7422 acc 0.0108 | val 头内Δacc +0.0106 **全局Δacc +0.0122** | alpha 0.9990
  ep10 train loss 0.7381 acc 0.0125 | val 头内Δacc +0.0116 **全局Δacc +0.0107** | alpha 0.9990
  ep11 train loss 0.7373 acc 0.0135 | val 头内Δacc +0.0136 **全局Δacc +0.0115** | alpha 0.9990
  ep12 train loss 0.7349 acc 0.0150 | val 头内Δacc +0.0146 **全局Δacc +0.0124** | alpha 0.9990
  ep13 train loss 0.7324 acc 0.0162 | val 头内Δacc +0.0156 **全局Δacc +0.0122** | alpha 0.9990
  ep14 train loss 0.7302 acc 0.0178 | val 头内Δacc +0.0171 **全局Δacc +0.0139** | alpha 0.9990
  ep15 train loss 0.7292 acc 0.0197 | val 头内Δacc +0.0188 **全局Δacc +0.0135** | alpha 0.9990
  ep16 train loss 0.7262 acc 0.0216 | val 头内Δacc +0.0196 **全局Δacc +0.0149** | alpha 0.9990
  ep17 train loss 0.7256 acc 0.0223 | val 头内Δacc +0.0210 **全局Δacc +0.0155** | alpha 0.9990
  ep18 train loss 0.7242 acc 0.0237 | val 头内Δacc +0.0226 **全局Δacc +0.0149** | alpha 0.9990
  ep19 train loss 0.7234 acc 0.0251 | val 头内Δacc +0.0235 **全局Δacc +0.0155** | alpha 0.9990
  ep20 train loss 0.7217 acc 0.0258 | val 头内Δacc +0.0239 **全局Δacc +0.0149** | alpha 0.9990
  ep21 train loss 0.7215 acc 0.0266 | val 头内Δacc +0.0251 **全局Δacc +0.0153** | alpha 0.9990
  ep22 train loss 0.7204 acc 0.0273 | val 头内Δacc +0.0255 **全局Δacc +0.0153** | alpha 0.9990
  ep23 train loss 0.7194 acc 0.0285 | val 头内Δacc +0.0267 **全局Δacc +0.0156** | alpha 0.9990
  ep24 train loss 0.7182 acc 0.0293 | val 头内Δacc +0.0262 **全局Δacc +0.0172** | alpha 0.9990
  ep25 train loss 0.7179 acc 0.0296 | val 头内Δacc +0.0281 **全局Δacc +0.0151** | alpha 0.9990
  ep26 train loss 0.7166 acc 0.0307 | val 头内Δacc +0.0276 **全局Δacc +0.0170** | alpha 0.9990
  ep27 train loss 0.7168 acc 0.0313 | val 头内Δacc +0.0289 **全局Δacc +0.0166** | alpha 0.9990
  ep28 train loss 0.7154 acc 0.0322 | val 头内Δacc +0.0293 **全局Δacc +0.0164** | alpha 0.9990
  ep29 train loss 0.7156 acc 0.0321 | val 头内Δacc +0.0293 **全局Δacc +0.0172** | alpha 0.9990
  ep30 train loss 0.7146 acc 0.0328 | val 头内Δacc +0.0301 **全局Δacc +0.0167** | alpha 0.9990
  ep31 train loss 0.7137 acc 0.0338 | val 头内Δacc +0.0315 **全局Δacc +0.0178** | alpha 0.9990
  ep32 train loss 0.7140 acc 0.0337 | val 头内Δacc +0.0303 **全局Δacc +0.0173** | alpha 0.9990
  ep33 train loss 0.7144 acc 0.0339 | val 头内Δacc +0.0310 **全局Δacc +0.0168** | alpha 0.9990
  ep34 train loss 0.7125 acc 0.0344 | val 头内Δacc +0.0309 **全局Δacc +0.0172** | alpha 0.9990
  ep35 train loss 0.7120 acc 0.0352 | val 头内Δacc +0.0321 **全局Δacc +0.0167** | alpha 0.9990
  ep36 train loss 0.7119 acc 0.0356 | val 头内Δacc +0.0327 **全局Δacc +0.0177** | alpha 0.9990
  ep37 train loss 0.7102 acc 0.0364 | val 头内Δacc +0.0333 **全局Δacc +0.0189** | alpha 0.9990
