  [档位 v2] 目录有 30 篇，取前 10 篇（上游 load_fineweb('fineweb_10k_cat')，教师 --n_cat 0（默认））
  [校验] 10 篇 trace 的 sha256 与 v2 训练时逐字节相同
trace 10 篇 → 训练 8 / 验证 2　L=28 H=4
参数 423.3K　alpha 0.9990（冻结）
  ep0 train loss 0.6808 Δacc +0.0079 | val 头内Δacc +0.0110 **全局Δacc -0.0028**
  ep1 train loss 0.6806 Δacc +0.0088 | val 头内Δacc +0.0101 **全局Δacc +0.0002**
  ep2 train loss 0.6801 Δacc +0.0073 | val 头内Δacc +0.0109 **全局Δacc +0.0032**
  ep3 train loss 0.6793 Δacc +0.0088 | val 头内Δacc +0.0113 **全局Δacc +0.0042**
  ep4 train loss 0.6802 Δacc +0.0079 | val 头内Δacc +0.0120 **全局Δacc +0.0049**
  ep5 train loss 0.6802 Δacc +0.0088 | val 头内Δacc +0.0117 **全局Δacc +0.0062**
  ep6 train loss 0.6786 Δacc +0.0094 | val 头内Δacc +0.0122 **全局Δacc +0.0056**
  ep7 train loss 0.6784 Δacc +0.0104 | val 头内Δacc +0.0120 **全局Δacc +0.0062**
  ep8 train loss 0.6767 Δacc +0.0110 | val 头内Δacc +0.0120 **全局Δacc +0.0065**
  ep9 train loss 0.6763 Δacc +0.0116 | val 头内Δacc +0.0119 **全局Δacc +0.0069**
  ep10 train loss 0.6751 Δacc +0.0120 | val 头内Δacc +0.0119 **全局Δacc +0.0086**
  ep11 train loss 0.6746 Δacc +0.0118 | val 头内Δacc +0.0117 **全局Δacc +0.0082**
  ep12 train loss 0.6742 Δacc +0.0123 | val 头内Δacc +0.0121 **全局Δacc +0.0088**
  ep13 train loss 0.6727 Δacc +0.0131 | val 头内Δacc +0.0124 **全局Δacc +0.0088**
  ep14 train loss 0.6723 Δacc +0.0134 | val 头内Δacc +0.0128 **全局Δacc +0.0082**
  ep15 train loss 0.6715 Δacc +0.0144 | val 头内Δacc +0.0136 **全局Δacc +0.0092**
  ep16 train loss 0.6690 Δacc +0.0153 | val 头内Δacc +0.0145 **全局Δacc +0.0106**
  ep17 train loss 0.6682 Δacc +0.0165 | val 头内Δacc +0.0155 **全局Δacc +0.0109**
  ep18 train loss 0.6666 Δacc +0.0179 | val 头内Δacc +0.0165 **全局Δacc +0.0113**
  ep19 train loss 0.6662 Δacc +0.0189 | val 头内Δacc +0.0172 **全局Δacc +0.0109**
  ep20 train loss 0.6650 Δacc +0.0205 | val 头内Δacc +0.0186 **全局Δacc +0.0112**
  ep21 train loss 0.6631 Δacc +0.0213 | val 头内Δacc +0.0194 **全局Δacc +0.0116**
  ep22 train loss 0.6615 Δacc +0.0227 | val 头内Δacc +0.0204 **全局Δacc +0.0109**
  ep23 train loss 0.6603 Δacc +0.0237 | val 头内Δacc +0.0211 **全局Δacc +0.0115**
  ep24 train loss 0.6594 Δacc +0.0237 | val 头内Δacc +0.0211 **全局Δacc +0.0112**
  ep25 train loss 0.6575 Δacc +0.0241 | val 头内Δacc +0.0210 **全局Δacc +0.0113**
  ep26 train loss 0.6555 Δacc +0.0236 | val 头内Δacc +0.0208 **全局Δacc +0.0116**
  ep27 train loss 0.6544 Δacc +0.0239 | val 头内Δacc +0.0216 **全局Δacc +0.0129**
  ep28 train loss 0.6541 Δacc +0.0253 | val 头内Δacc +0.0222 **全局Δacc +0.0133**
  ep29 train loss 0.6532 Δacc +0.0255 | val 头内Δacc +0.0228 **全局Δacc +0.0129**
  ep30 train loss 0.6507 Δacc +0.0265 | val 头内Δacc +0.0234 **全局Δacc +0.0133**
  ep31 train loss 0.6500 Δacc +0.0272 | val 头内Δacc +0.0237 **全局Δacc +0.0136**
  ep32 train loss 0.6488 Δacc +0.0279 | val 头内Δacc +0.0246 **全局Δacc +0.0136**
  ep33 train loss 0.6489 Δacc +0.0289 | val 头内Δacc +0.0253 **全局Δacc +0.0130**
  ep34 train loss 0.6476 Δacc +0.0302 | val 头内Δacc +0.0255 **全局Δacc +0.0127**
  ep35 train loss 0.6462 Δacc +0.0308 | val 头内Δacc +0.0260 **全局Δacc +0.0130**
  ep36 train loss 0.6459 Δacc +0.0306 | val 头内Δacc +0.0267 **全局Δacc +0.0137**
  ep37 train loss 0.6448 Δacc +0.0313 | val 头内Δacc +0.0269 **全局Δacc +0.0133**
  ep38 train loss 0.6453 Δacc +0.0317 | val 头内Δacc +0.0275 **全局Δacc +0.0133**
  ep39 train loss 0.6426 Δacc +0.0325 | val 头内Δacc +0.0276 **全局Δacc +0.0133**
已保存 varikv/v2c_s2.pt　+ 兼容版 *_compat.pt（可直接喂 eval_chunk --ctrlm_ckpt）
提醒：训练侧 Δacc 不是下游证据。历史上验证最好的 ckpt 下游最差。
