  [档位 v2] 目录有 30 篇，取前 10 篇（上游 load_fineweb('fineweb_10k_cat')，教师 --n_cat 0（默认））
  [校验] 10 篇 trace 的 sha256 与 v2 训练时逐字节相同
trace 10 篇 → 训练 8 / 验证 2　L=28 H=4
参数 423.3K　alpha 0.9990（冻结）
  ep0 train loss 0.6823 Δacc +0.0086 | val 头内Δacc +0.0107 **全局Δacc +0.0032**
  ep1 train loss 0.6813 Δacc +0.0107 | val 头内Δacc +0.0126 **全局Δacc +0.0051**
  ep2 train loss 0.6810 Δacc +0.0117 | val 头内Δacc +0.0143 **全局Δacc +0.0062**
  ep3 train loss 0.6805 Δacc +0.0129 | val 头内Δacc +0.0156 **全局Δacc +0.0078**
  ep4 train loss 0.6808 Δacc +0.0133 | val 头内Δacc +0.0157 **全局Δacc +0.0096**
  ep5 train loss 0.6800 Δacc +0.0133 | val 头内Δacc +0.0162 **全局Δacc +0.0090**
  ep6 train loss 0.6797 Δacc +0.0135 | val 头内Δacc +0.0165 **全局Δacc +0.0080**
  ep7 train loss 0.6782 Δacc +0.0144 | val 头内Δacc +0.0164 **全局Δacc +0.0076**
  ep8 train loss 0.6769 Δacc +0.0151 | val 头内Δacc +0.0167 **全局Δacc +0.0089**
  ep9 train loss 0.6758 Δacc +0.0154 | val 头内Δacc +0.0163 **全局Δacc +0.0090**
  ep10 train loss 0.6752 Δacc +0.0149 | val 头内Δacc +0.0157 **全局Δacc +0.0103**
  ep11 train loss 0.6745 Δacc +0.0155 | val 头内Δacc +0.0156 **全局Δacc +0.0113**
  ep12 train loss 0.6750 Δacc +0.0155 | val 头内Δacc +0.0155 **全局Δacc +0.0106**
  ep13 train loss 0.6727 Δacc +0.0162 | val 头内Δacc +0.0161 **全局Δacc +0.0102**
  ep14 train loss 0.6713 Δacc +0.0166 | val 头内Δacc +0.0164 **全局Δacc +0.0102**
  ep15 train loss 0.6721 Δacc +0.0178 | val 头内Δacc +0.0169 **全局Δacc +0.0093**
  ep16 train loss 0.6697 Δacc +0.0187 | val 头内Δacc +0.0176 **全局Δacc +0.0092**
  ep17 train loss 0.6687 Δacc +0.0185 | val 头内Δacc +0.0170 **全局Δacc +0.0092**
  ep18 train loss 0.6677 Δacc +0.0186 | val 头内Δacc +0.0173 **全局Δacc +0.0099**
  ep19 train loss 0.6675 Δacc +0.0185 | val 头内Δacc +0.0164 **全局Δacc +0.0102**
  ep20 train loss 0.6655 Δacc +0.0180 | val 头内Δacc +0.0162 **全局Δacc +0.0112**
  ep21 train loss 0.6640 Δacc +0.0181 | val 头内Δacc +0.0167 **全局Δacc +0.0123**
  ep22 train loss 0.6617 Δacc +0.0192 | val 头内Δacc +0.0175 **全局Δacc +0.0139**
  ep23 train loss 0.6600 Δacc +0.0199 | val 头内Δacc +0.0180 **全局Δacc +0.0140**
  ep24 train loss 0.6586 Δacc +0.0209 | val 头内Δacc +0.0192 **全局Δacc +0.0140**
  ep25 train loss 0.6574 Δacc +0.0216 | val 头内Δacc +0.0200 **全局Δacc +0.0146**
  ep26 train loss 0.6561 Δacc +0.0229 | val 头内Δacc +0.0208 **全局Δacc +0.0136**
  ep27 train loss 0.6548 Δacc +0.0240 | val 头内Δacc +0.0217 **全局Δacc +0.0132**
  ep28 train loss 0.6539 Δacc +0.0252 | val 头内Δacc +0.0224 **全局Δacc +0.0126**
  ep29 train loss 0.6532 Δacc +0.0258 | val 头内Δacc +0.0227 **全局Δacc +0.0129**
  ep30 train loss 0.6526 Δacc +0.0262 | val 头内Δacc +0.0232 **全局Δacc +0.0129**
  ep31 train loss 0.6508 Δacc +0.0272 | val 头内Δacc +0.0237 **全局Δacc +0.0132**
  ep32 train loss 0.6494 Δacc +0.0283 | val 头内Δacc +0.0246 **全局Δacc +0.0136**
  ep33 train loss 0.6481 Δacc +0.0287 | val 头内Δacc +0.0250 **全局Δacc +0.0146**
  ep34 train loss 0.6483 Δacc +0.0293 | val 头内Δacc +0.0252 **全局Δacc +0.0140**
  ep35 train loss 0.6475 Δacc +0.0299 | val 头内Δacc +0.0259 **全局Δacc +0.0133**
  ep36 train loss 0.6454 Δacc +0.0308 | val 头内Δacc +0.0262 **全局Δacc +0.0136**
  ep37 train loss 0.6463 Δacc +0.0312 | val 头内Δacc +0.0265 **全局Δacc +0.0136**
  ep38 train loss 0.6451 Δacc +0.0315 | val 头内Δacc +0.0270 **全局Δacc +0.0140**
  ep39 train loss 0.6444 Δacc +0.0320 | val 头内Δacc +0.0272 **全局Δacc +0.0130**
已保存 varikv/v2c_s0.pt　+ 兼容版 *_compat.pt（可直接喂 eval_chunk --ctrlm_ckpt）
提醒：训练侧 Δacc 不是下游证据。历史上验证最好的 ckpt 下游最差。
