  [档位 v2] 目录有 30 篇，取前 10 篇（上游 load_fineweb('fineweb_10k_cat')，教师 --n_cat 0（默认））
  [校验] 10 篇 trace 的 sha256 与 v2 训练时逐字节相同
trace 10 篇 → 训练 8 / 验证 2　L=28 H=4
参数 423.3K　alpha 0.9990（冻结）
  ep0 train loss 0.6821 Δacc +0.0075 | val 头内Δacc +0.0079 **全局Δacc -0.0009**
  ep1 train loss 0.6814 Δacc +0.0101 | val 头内Δacc +0.0098 **全局Δacc +0.0033**
  ep2 train loss 0.6826 Δacc +0.0108 | val 头内Δacc +0.0106 **全局Δacc +0.0054**
  ep3 train loss 0.6830 Δacc +0.0107 | val 头内Δacc +0.0122 **全局Δacc +0.0073**
  ep4 train loss 0.6821 Δacc +0.0116 | val 头内Δacc +0.0136 **全局Δacc +0.0069**
  ep5 train loss 0.6818 Δacc +0.0120 | val 头内Δacc +0.0147 **全局Δacc +0.0073**
  ep6 train loss 0.6809 Δacc +0.0130 | val 头内Δacc +0.0152 **全局Δacc +0.0077**
  ep7 train loss 0.6789 Δacc +0.0136 | val 头内Δacc +0.0153 **全局Δacc +0.0108**
  ep8 train loss 0.6763 Δacc +0.0142 | val 头内Δacc +0.0158 **全局Δacc +0.0121**
  ep9 train loss 0.6767 Δacc +0.0146 | val 头内Δacc +0.0154 **全局Δacc +0.0096**
  ep10 train loss 0.6765 Δacc +0.0143 | val 头内Δacc +0.0155 **全局Δacc +0.0099**
  ep11 train loss 0.6748 Δacc +0.0151 | val 头内Δacc +0.0151 **全局Δacc +0.0110**
  ep12 train loss 0.6763 Δacc +0.0155 | val 头内Δacc +0.0155 **全局Δacc +0.0107**
  ep13 train loss 0.6742 Δacc +0.0158 | val 头内Δacc +0.0159 **全局Δacc +0.0100**
  ep14 train loss 0.6742 Δacc +0.0166 | val 头内Δacc +0.0165 **全局Δacc +0.0096**
  ep15 train loss 0.6725 Δacc +0.0177 | val 头内Δacc +0.0175 **全局Δacc +0.0100**
  ep16 train loss 0.6710 Δacc +0.0185 | val 头内Δacc +0.0180 **全局Δacc +0.0116**
  ep17 train loss 0.6703 Δacc +0.0196 | val 头内Δacc +0.0186 **全局Δacc +0.0117**
  ep18 train loss 0.6679 Δacc +0.0205 | val 头内Δacc +0.0199 **全局Δacc +0.0133**
  ep19 train loss 0.6669 Δacc +0.0221 | val 头内Δacc +0.0207 **全局Δacc +0.0136**
  ep20 train loss 0.6647 Δacc +0.0229 | val 头内Δacc +0.0208 **全局Δacc +0.0133**
  ep21 train loss 0.6632 Δacc +0.0230 | val 头内Δacc +0.0204 **全局Δacc +0.0146**
  ep22 train loss 0.6621 Δacc +0.0223 | val 头内Δacc +0.0187 **全局Δacc +0.0140**
  ep23 train loss 0.6603 Δacc +0.0207 | val 头内Δacc +0.0181 **全局Δacc +0.0156**
  ep24 train loss 0.6588 Δacc +0.0209 | val 头内Δacc +0.0192 **全局Δacc +0.0149**
  ep25 train loss 0.6580 Δacc +0.0223 | val 头内Δacc +0.0204 **全局Δacc +0.0142**
  ep26 train loss 0.6552 Δacc +0.0234 | val 头内Δacc +0.0211 **全局Δacc +0.0139**
  ep27 train loss 0.6546 Δacc +0.0246 | val 头内Δacc +0.0221 **全局Δacc +0.0153**
  ep28 train loss 0.6534 Δacc +0.0252 | val 头内Δacc +0.0233 **全局Δacc +0.0160**
  ep29 train loss 0.6526 Δacc +0.0263 | val 头内Δacc +0.0236 **全局Δacc +0.0146**
  ep30 train loss 0.6513 Δacc +0.0272 | val 头内Δacc +0.0242 **全局Δacc +0.0153**
  ep31 train loss 0.6495 Δacc +0.0275 | val 头内Δacc +0.0243 **全局Δacc +0.0160**
  ep32 train loss 0.6496 Δacc +0.0282 | val 头内Δacc +0.0252 **全局Δacc +0.0160**
  ep33 train loss 0.6485 Δacc +0.0296 | val 头内Δacc +0.0253 **全局Δacc +0.0157**
  ep34 train loss 0.6474 Δacc +0.0296 | val 头内Δacc +0.0259 **全局Δacc +0.0157**
  ep35 train loss 0.6472 Δacc +0.0304 | val 头内Δacc +0.0261 **全局Δacc +0.0150**
  ep36 train loss 0.6453 Δacc +0.0306 | val 头内Δacc +0.0265 **全局Δacc +0.0143**
  ep37 train loss 0.6453 Δacc +0.0317 | val 头内Δacc +0.0269 **全局Δacc +0.0147**
  ep38 train loss 0.6447 Δacc +0.0316 | val 头内Δacc +0.0272 **全局Δacc +0.0153**
  ep39 train loss 0.6447 Δacc +0.0319 | val 头内Δacc +0.0269 **全局Δacc +0.0157**
已保存 varikv/v2c_s1.pt　+ 兼容版 *_compat.pt（可直接喂 eval_chunk --ctrlm_ckpt）
提醒：训练侧 Δacc 不是下游证据。历史上验证最好的 ckpt 下游最差。
