Sliding Window Attention is enabled but not implemented for `eager`; unexpected results may be encountered.
[tier 4] evict=free_energy absorb=point 可训练参数 0.40M
训练样本 3200
训练上下文截断到 4096 token（评测用完整长度；修好 RoPE 后记忆位置无关，短训长推成立）
step     0  lm 7.9418  free_energy 1.1759  predictor 0.1340
step    10  lm 3.2807  free_energy 1.0168  predictor 0.1359
step    20  lm 5.4014  free_energy 5.8048  predictor 0.1355
step    30  lm 4.4369  free_energy 29.2761  predictor 0.1368
step    40  lm 4.8321  free_energy 18.5377  predictor 0.1368
step    50  lm 5.6035  free_energy 22.6888  predictor 0.1361
step    60  lm 6.3338  free_energy 15.8502  predictor 0.1366
step    70  lm 5.3173  free_energy 33.1409  predictor 0.1360
step    80  lm 4.5586  free_energy 17.3528  predictor 0.1381
step    90  lm 5.0556  free_energy 16.7709  predictor 0.1369
step   100  lm 4.3958  free_energy 19.2915  predictor 0.1364
step   110  lm 4.9941  free_energy 22.9175  predictor 0.1366
step   120  lm 5.4034  free_energy 14.7926  predictor 0.1359
step   130  lm 5.3897  free_energy 12.3617  predictor 0.1361
step   140  lm 5.9869  free_energy 12.4821  predictor 0.1369
step   150  lm 4.9190  free_energy 29.6980  predictor 0.1348
step   160  lm 3.2954  free_energy 22.5600  predictor 0.1348
step   170  lm 5.6490  free_energy 20.1482  predictor 0.1345
step   180  lm 4.1486  free_energy 16.9714  predictor 0.1341
step   190  lm 5.6836  free_energy 26.9490  predictor 0.1346
step   200  lm 5.3185  free_energy 21.8951  predictor 0.1329
step   210  lm 4.4449  free_energy 22.8158  predictor 0.1331
step   220  lm 3.4860  free_energy 25.4032  predictor 0.1339
step   230  lm 4.0597  free_energy 15.7960  predictor 0.1320
step   240  lm 3.7427  free_energy 31.8497  predictor 0.1305
step   250  lm 4.8973  free_energy 21.3317  predictor 0.1305
step   260  lm 3.4754  free_energy 8.4259  predictor 0.1304
step   270  lm 4.2383  free_energy 22.8586  predictor 0.1298
step   280  lm 4.7175  free_energy 23.2279  predictor 0.1276
step   290  lm 4.2130  free_energy 19.3601  predictor 0.1271
step   300  lm 4.0957  free_energy 21.8222  predictor 0.1266
step   310  lm 4.3038  free_energy 10.8391  predictor 0.1242
step   320  lm 4.5765  free_energy 10.0840  predictor 0.1201
step   330  lm 3.4005  free_energy 8.5788  predictor 0.1196
step   340  lm 2.3584  free_energy 19.9568  predictor 0.1172
step   350  lm 3.7575  free_energy 21.7872  predictor 0.1135
step   360  lm 4.0680  free_energy 21.9946  predictor 0.1093
step   370  lm 6.3788  free_energy 25.4642  predictor 0.1070
step   380  lm 4.3777  free_energy 24.3262  predictor 0.1061
step   390  lm 4.6186  free_energy 16.8235  predictor 0.1041
step   400  lm 4.4092  free_energy 14.4280  predictor 0.0981
step   410  lm 4.3504  free_energy 22.5895  predictor 0.0954
step   420  lm 4.1512  free_energy 8.6586  predictor 0.0931
step   430  lm 3.2346  free_energy 25.1025  predictor 0.0911
step   440  lm 3.6740  free_energy 23.1323  predictor 0.0842
step   450  lm 3.0450  free_energy 21.6249  predictor 0.0798
step   460  lm 2.6078  free_energy 18.6561  predictor 0.0753
step   470  lm 4.2671  free_energy 25.7774  predictor 0.0700
step   480  lm 5.2563  free_energy 26.6640  predictor 0.0588
step   490  lm 4.8639  free_energy 17.1676  predictor 0.0556
step   500  lm 4.4777  free_energy 23.5937  predictor 0.0529
step   510  lm 4.5406  free_energy 19.5518  predictor 0.0512
step   520  lm 3.7880  free_energy 17.0316  predictor 0.0492
step   530  lm 3.9817  free_energy 33.8066  predictor 0.0488
step   540  lm 4.6857  free_energy 18.3967  predictor 0.0490
step   550  lm 4.5546  free_energy 20.5835  predictor 0.0503
step   560  lm 4.8196  free_energy 25.8153  predictor 0.0493
step   570  lm 2.9609  free_energy 23.1912  predictor 0.0499
step   580  lm 3.6091  free_energy 22.5997  predictor 0.0485
step   590  lm 3.5141  free_energy 8.5250  predictor 0.0498
step   600  lm 4.1033  free_energy 18.5083  predictor 0.0480
step   610  lm 3.8163  free_energy 23.4353  predictor 0.0477
step   620  lm 4.3405  free_energy 18.1286  predictor 0.0471
step   630  lm 2.1923  free_energy 22.5697  predictor 0.0464
step   640  lm 4.2343  free_energy 14.4187  predictor 0.0463
step   650  lm 2.2891  free_energy 11.0299  predictor 0.0471
step   660  lm 4.7252  free_energy 25.4671  predictor 0.0458
step   670  lm 4.4408  free_energy 18.0578  predictor 0.0458
step   680  lm 2.1348  free_energy 21.7536  predictor 0.0458
step   690  lm 2.6350  free_energy 8.1930  predictor 0.0450
step   700  lm 2.7316  free_energy 22.0595  predictor 0.0453
step   710  lm 5.2516  free_energy 20.9839  predictor 0.0459
step   720  lm 3.7344  free_energy 15.3302  predictor 0.0447
step   730  lm 2.2541  free_energy 19.0363  predictor 0.0446
step   740  lm 3.0756  free_energy 24.0906  predictor 0.0447
step   750  lm 4.6111  free_energy 18.4258  predictor 0.0441
step   760  lm 3.4524  free_energy 10.2277  predictor 0.0455
step   770  lm 3.9053  free_energy 29.1264  predictor 0.0441
step   780  lm 3.1344  free_energy 23.6829  predictor 0.0436
step   790  lm 3.4596  free_energy 31.2430  predictor 0.0443
step   800  lm 3.2838  free_energy 23.3306  predictor 0.0443
step   810  lm 3.4567  free_energy 16.6092  predictor 0.0440
step   820  lm 2.1422  free_energy 21.2673  predictor 0.0431
step   830  lm 3.3614  free_energy 8.8710  predictor 0.0435
step   840  lm 3.2164  free_energy 20.9720  predictor 0.0434
step   850  lm 2.9285  free_energy 17.3429  predictor 0.0442
step   860  lm 3.4503  free_energy 11.0392  predictor 0.0430
step   870  lm 2.7577  free_energy 15.5542  predictor 0.0435
step   880  lm 4.9154  free_energy 30.8902  predictor 0.0431
step   890  lm 5.0236  free_energy 12.7780  predictor 0.0434
step   900  lm 2.4981  free_energy 16.4917  predictor 0.0431
step   910  lm 3.2862  free_energy 24.4436  predictor 0.0436
step   920  lm 1.7837  free_energy 18.5438  predictor 0.0432
step   930  lm 2.9035  free_energy 13.4802  predictor 0.0432
step   940  lm 2.4913  free_energy 18.2193  predictor 0.0431
step   950  lm 3.3390  free_energy 20.5483  predictor 0.0432
step   960  lm 3.1970  free_energy 8.3810  predictor 0.0431
step   970  lm 2.9285  free_energy 32.5050  predictor 0.0441
step   980  lm 4.3536  free_energy 8.0572  predictor 0.0433
step   990  lm 3.1624  free_energy 15.3988  predictor 0.0425
step  1000  lm 3.4634  free_energy 12.8616  predictor 0.0420
step  1010  lm 4.7859  free_energy 24.3666  predictor 0.0427
step  1020  lm 4.4776  free_energy 8.4465  predictor 0.0427
step  1030  lm 3.5701  free_energy 13.7189  predictor 0.0429
step  1040  lm 3.4213  free_energy 19.7573  predictor 0.0426
step  1050  lm 3.2579  free_energy 23.4141  predictor 0.0430
step  1060  lm 2.8118  free_energy 24.4665  predictor 0.0427
step  1070  lm 3.8087  free_energy 30.8569  predictor 0.0428
step  1080  lm 3.9451  free_energy 18.3432  predictor 0.0423
step  1090  lm 2.2620  free_energy 27.0650  predictor 0.0426
step  1100  lm 3.0078  free_energy 17.0407  predictor 0.0423
step  1110  lm 3.6370  free_energy 35.7782  predictor 0.0430
step  1120  lm 2.9156  free_energy 17.2827  predictor 0.0425
step  1130  lm 2.1880  free_energy 24.4454  predictor 0.0426
step  1140  lm 2.5559  free_energy 15.5217  predictor 0.0427
step  1150  lm 2.4937  free_energy 13.3645  predictor 0.0433
step  1160  lm 2.0264  free_energy 18.5426  predictor 0.0422
step  1170  lm 1.9865  free_energy 20.3578  predictor 0.0428
step  1180  lm 3.7811  free_energy 14.0436  predictor 0.0430
step  1190  lm 2.9518  free_energy 27.2512  predictor 0.0429
step  1200  lm 2.2870  free_energy 23.8930  predictor 0.0435
step  1210  lm 2.4745  free_energy 14.2056  predictor 0.0429
step  1220  lm 3.6426  free_energy 28.8993  predictor 0.0425
step  1230  lm 2.9778  free_energy 9.5034  predictor 0.0428
step  1240  lm 3.4341  free_energy 17.2852  predictor 0.0425
step  1250  lm 2.9945  free_energy 26.3878  predictor 0.0426
step  1260  lm 2.6128  free_energy 19.1600  predictor 0.0428
step  1270  lm 3.0638  free_energy 21.7870  predictor 0.0426
step  1280  lm 3.1746  free_energy 22.3042  predictor 0.0416
step  1290  lm 3.8240  free_energy 28.5989  predictor 0.0434
step  1300  lm 2.3846  free_energy 26.4873  predictor 0.0433
step  1310  lm 3.3352  free_energy 13.9681  predictor 0.0430
step  1320  lm 3.1650  free_energy 19.1994  predictor 0.0429
step  1330  lm 3.7310  free_energy 29.7218  predictor 0.0427
step  1340  lm 4.2572  free_energy 23.2967  predictor 0.0421
step  1350  lm 2.1136  free_energy 15.4081  predictor 0.0430
step  1360  lm 2.6998  free_energy 24.5705  predictor 0.0419
step  1370  lm 3.8866  free_energy 15.7883  predictor 0.0422
step  1380  lm 2.2292  free_energy 29.9438  predictor 0.0428
step  1390  lm 3.1986  free_energy 31.1714  predictor 0.0421
step  1400  lm 2.6545  free_energy 13.0605  predictor 0.0420
step  1410  lm 2.8538  free_energy 19.3666  predictor 0.0432
step  1420  lm 2.9558  free_energy 13.5971  predictor 0.0429
step  1430  lm 2.0654  free_energy 26.1494  predictor 0.0424
step  1440  lm 2.4935  free_energy 24.8345  predictor 0.0421
step  1450  lm 3.8611  free_energy 18.0386  predictor 0.0418
step  1460  lm 2.4385  free_energy 15.3904  predictor 0.0429
step  1470  lm 2.4797  free_energy 26.4492  predictor 0.0426
step  1480  lm 3.4352  free_energy 29.1352  predictor 0.0427
step  1490  lm 2.7662  free_energy 26.2460  predictor 0.0433
saved varikv/ckpt/tier4.pt
（跳过 527 个短于预算 256 的样本 —— 它们不触发驱逐，训不到记忆）
