Sliding Window Attention is enabled but not implemented for `eager`; unexpected results may be encountered.
[tier 5] evict=free_energy absorb=dist 可训练参数 0.40M
训练样本 3200
训练上下文截断到 4096 token（评测用完整长度；修好 RoPE 后记忆位置无关，短训长推成立）
step     0  lm 6.7110  free_energy 1.9413  predictor 0.1420
step    10  lm 3.9540  free_energy 2.0270  predictor 0.1459
step    20  lm 5.0803  free_energy 7.7540  predictor 0.1444
step    30  lm 4.4118  free_energy 30.0635  predictor 0.1477
step    40  lm 4.8132  free_energy 19.3587  predictor 0.1468
step    50  lm 5.7887  free_energy 27.9879  predictor 0.1458
step    60  lm 6.5024  free_energy 16.0091  predictor 0.1462
step    70  lm 5.5727  free_energy 33.8084  predictor 0.1460
step    80  lm 5.8445  free_energy 17.5880  predictor 0.1481
step    90  lm 4.8643  free_energy 23.0725  predictor 0.1463
step   100  lm 4.3694  free_energy 19.5160  predictor 0.1469
step   110  lm 5.7405  free_energy 29.2540  predictor 0.1467
step   120  lm 6.8059  free_energy 16.1321  predictor 0.1447
step   130  lm 5.3311  free_energy 13.4225  predictor 0.1468
step   140  lm 6.1569  free_energy 13.4055  predictor 0.1492
step   150  lm 5.2569  free_energy 35.3739  predictor 0.1437
step   160  lm 3.4440  free_energy 23.5922  predictor 0.1461
step   170  lm 5.5552  free_energy 22.9654  predictor 0.1441
step   180  lm 4.2921  free_energy 14.2903  predictor 0.1442
step   190  lm 5.8520  free_energy 38.4972  predictor 0.1451
step   200  lm 5.1212  free_energy 28.6608  predictor 0.1428
step   210  lm 4.1773  free_energy 22.7925  predictor 0.1438
step   220  lm 3.5469  free_energy 25.9339  predictor 0.1421
step   230  lm 4.6493  free_energy 16.4485  predictor 0.1404
step   240  lm 3.9333  free_energy 32.3191  predictor 0.1395
step   250  lm 4.8376  free_energy 28.4548  predictor 0.1389
step   260  lm 3.4179  free_energy 9.5241  predictor 0.1384
step   270  lm 4.3082  free_energy 18.6424  predictor 0.1401
step   280  lm 4.3277  free_energy 24.0071  predictor 0.1365
step   290  lm 4.0840  free_energy 24.7274  predictor 0.1368
step   300  lm 3.7818  free_energy 28.4593  predictor 0.1345
step   310  lm 4.2919  free_energy 18.4231  predictor 0.1333
step   320  lm 4.4906  free_energy 10.3859  predictor 0.1302
step   330  lm 3.1719  free_energy 9.1500  predictor 0.1279
step   340  lm 3.2648  free_energy 20.6804  predictor 0.1230
step   350  lm 3.1911  free_energy 22.3562  predictor 0.1220
step   360  lm 4.0118  free_energy 17.9308  predictor 0.1147
step   370  lm 6.5808  free_energy 26.5008  predictor 0.1123
step   380  lm 5.2960  free_energy 24.2741  predictor 0.1123
step   390  lm 5.3838  free_energy 16.8734  predictor 0.1076
step   400  lm 3.9949  free_energy 14.9180  predictor 0.1021
step   410  lm 4.3419  free_energy 29.3993  predictor 0.0992
step   420  lm 4.5750  free_energy 19.8087  predictor 0.0972
step   430  lm 3.0684  free_energy 20.2167  predictor 0.0940
step   440  lm 2.3935  free_energy 23.7936  predictor 0.0873
step   450  lm 2.9916  free_energy 22.2416  predictor 0.0821
step   460  lm 2.4079  free_energy 25.5798  predictor 0.0796
step   470  lm 4.4345  free_energy 26.4550  predictor 0.0710
step   480  lm 5.2738  free_energy 21.5495  predictor 0.0626
step   490  lm 4.4087  free_energy 17.2172  predictor 0.0594
step   500  lm 4.7763  free_energy 29.7999  predictor 0.0590
step   510  lm 4.3713  free_energy 25.9979  predictor 0.0582
step   520  lm 3.5778  free_energy 34.9269  predictor 0.0549
step   530  lm 3.6518  free_energy 40.5765  predictor 0.0521
step   540  lm 4.2608  free_energy 18.4613  predictor 0.0548
step   550  lm 4.7337  free_energy 28.0136  predictor 0.0526
step   560  lm 4.8056  free_energy 26.5123  predictor 0.0556
step   570  lm 3.1140  free_energy 23.8832  predictor 0.0533
step   580  lm 3.3762  free_energy 28.6371  predictor 0.0539
step   590  lm 3.5258  free_energy 22.9095  predictor 0.0540
step   600  lm 4.1071  free_energy 20.9933  predictor 0.0539
step   610  lm 3.8958  free_energy 23.9896  predictor 0.0523
step   620  lm 3.5958  free_energy 23.5175  predictor 0.0529
step   630  lm 2.7281  free_energy 23.3351  predictor 0.0521
step   640  lm 5.0269  free_energy 14.7843  predictor 0.0520
step   650  lm 2.3818  free_energy 18.7015  predictor 0.0520
step   660  lm 3.4268  free_energy 21.5779  predictor 0.0511
step   670  lm 4.8195  free_energy 18.7944  predictor 0.0527
step   680  lm 3.1461  free_energy 22.4775  predictor 0.0504
step   690  lm 3.3192  free_energy 8.6559  predictor 0.0506
step   700  lm 2.9809  free_energy 25.6707  predictor 0.0512
step   710  lm 4.3624  free_energy 40.6609  predictor 0.0498
step   720  lm 4.1210  free_energy 15.9909  predictor 0.0488
step   730  lm 3.3672  free_energy 19.5766  predictor 0.0486
step   740  lm 4.1364  free_energy 30.8722  predictor 0.0502
step   750  lm 5.0240  free_energy 19.1218  predictor 0.0497
step   760  lm 3.1822  free_energy 24.6105  predictor 0.0508
step   770  lm 3.9662  free_energy 34.9185  predictor 0.0497
step   780  lm 3.3058  free_energy 28.7772  predictor 0.0500
step   790  lm 4.4310  free_energy 28.8067  predictor 0.0520
step   800  lm 3.2672  free_energy 23.4549  predictor 0.0485
step   810  lm 4.1860  free_energy 17.6899  predictor 0.0500
step   820  lm 2.2288  free_energy 20.9144  predictor 0.0486
step   830  lm 4.1022  free_energy 16.3206  predictor 0.0506
step   840  lm 4.0525  free_energy 33.5856  predictor 0.0509
step   850  lm 3.6491  free_energy 16.1181  predictor 0.0503
step   860  lm 3.3901  free_energy 17.2996  predictor 0.0494
step   870  lm 3.2990  free_energy 25.8604  predictor 0.0494
step   880  lm 4.5256  free_energy 26.4352  predictor 0.0494
step   890  lm 5.6564  free_energy 19.2694  predictor 0.0487
step   900  lm 2.4503  free_energy 22.5126  predictor 0.0483
step   910  lm 3.2007  free_energy 35.2078  predictor 0.0467
step   920  lm 3.5118  free_energy 18.9665  predictor 0.0498
step   930  lm 3.6226  free_energy 14.5275  predictor 0.0485
step   940  lm 3.2195  free_energy 25.2987  predictor 0.0478
step   950  lm 3.4794  free_energy 26.9497  predictor 0.0490
step   960  lm 3.5432  free_energy 15.5450  predictor 0.0475
step   970  lm 2.9330  free_energy 45.5173  predictor 0.0490
step   980  lm 2.9998  free_energy 20.1587  predictor 0.0510
step   990  lm 2.7116  free_energy 21.7728  predictor 0.0510
step  1000  lm 3.0115  free_energy 25.5690  predictor 0.0479
step  1010  lm 4.0445  free_energy 30.4472  predictor 0.0496
step  1020  lm 4.9513  free_energy 15.1840  predictor 0.0491
step  1030  lm 3.3940  free_energy 15.6602  predictor 0.0474
step  1040  lm 2.8964  free_energy 26.4094  predictor 0.0486
step  1050  lm 2.8180  free_energy 32.2037  predictor 0.0495
step  1060  lm 3.4836  free_energy 23.8610  predictor 0.0491
step  1070  lm 2.7685  free_energy 31.6701  predictor 0.0499
step  1080  lm 2.9199  free_energy 38.2048  predictor 0.0496
step  1090  lm 3.9798  free_energy 34.0537  predictor 0.0511
step  1100  lm 2.3399  free_energy 17.4964  predictor 0.0513
step  1110  lm 2.9022  free_energy 45.6329  predictor 0.0491
step  1120  lm 1.6845  free_energy 17.8161  predictor 0.0516
step  1130  lm 2.0302  free_energy 31.2978  predictor 0.0502
step  1140  lm 1.9447  free_energy 15.8424  predictor 0.0505
step  1150  lm 3.6692  free_energy 27.2318  predictor 0.0509
step  1160  lm 3.1352  free_energy 39.2852  predictor 0.0478
step  1170  lm 1.9773  free_energy 27.9002  predictor 0.0495
step  1180  lm 3.7173  free_energy 27.3764  predictor 0.0503
step  1190  lm 2.0921  free_energy 39.2109  predictor 0.0528
step  1200  lm 2.3638  free_energy 28.5570  predictor 0.0520
step  1210  lm 1.8733  free_energy 21.0994  predictor 0.0490
step  1220  lm 2.7864  free_energy 52.0532  predictor 0.0516
step  1230  lm 2.8713  free_energy 42.0882  predictor 0.0498
step  1240  lm 2.5015  free_energy 26.6295  predictor 0.0528
step  1250  lm 2.9327  free_energy 47.3267  predictor 0.0513
step  1260  lm 3.1891  free_energy 31.7606  predictor 0.0508
step  1270  lm 2.3542  free_energy 35.6295  predictor 0.0518
step  1280  lm 3.2359  free_energy 29.0507  predictor 0.0535
step  1290  lm 3.8076  free_energy 34.3468  predictor 0.0533
step  1300  lm 2.9512  free_energy 46.9000  predictor 0.0517
step  1310  lm 2.3568  free_energy 20.8205  predictor 0.0527
step  1320  lm 2.0146  free_energy 26.0587  predictor 0.0529
step  1330  lm 2.3270  free_energy 36.7688  predictor 0.0542
step  1340  lm 3.2095  free_energy 29.9149  predictor 0.0513
step  1350  lm 2.2917  free_energy 22.5765  predictor 0.0508
step  1360  lm 2.8621  free_energy 36.3884  predictor 0.0539
step  1370  lm 3.3978  free_energy 28.3459  predictor 0.0531
step  1380  lm 1.7363  free_energy 28.1043  predictor 0.0518
step  1390  lm 2.5272  free_energy 36.9518  predictor 0.0561
step  1400  lm 2.1411  free_energy 17.8420  predictor 0.0528
step  1410  lm 3.0768  free_energy 36.7163  predictor 0.0516
step  1420  lm 2.7966  free_energy 20.0070  predictor 0.0534
step  1430  lm 2.8822  free_energy 47.3094  predictor 0.0568
step  1440  lm 2.0089  free_energy 36.1583  predictor 0.0543
step  1450  lm 3.6350  free_energy 38.3400  predictor 0.0595
step  1460  lm 2.0759  free_energy 35.8895  predictor 0.0524
step  1470  lm 2.1638  free_energy 47.9634  predictor 0.0539
step  1480  lm 2.3961  free_energy 37.3992  predictor 0.0520
step  1490  lm 2.2535  free_energy 33.4893  predictor 0.0551
saved varikv/ckpt/tier5.pt
（跳过 527 个短于预算 256 的样本 —— 它们不触发驱逐，训不到记忆）
