Sliding Window Attention is enabled but not implemented for `eager`; unexpected results may be encountered.
[tier 2] evict=recency absorb=point 可训练参数 0.33M
训练样本 3200
训练上下文截断到 4096 token（评测用完整长度；修好 RoPE 后记忆位置无关，短训长推成立）
step     0  lm 7.9000  free_energy 89.8750
step    10  lm 3.4356  free_energy 89.8571
step    20  lm 4.2852  free_energy 89.9375
step    30  lm 3.9509  free_energy 89.8750
step    40  lm 5.3459  free_energy 89.9375
step    50  lm 5.9081  free_energy 89.8750
step    60  lm 6.1427  free_energy 89.8571
step    70  lm 4.9507  free_energy 89.8750
step    80  lm 4.7931  free_energy 89.8571
step    90  lm 5.1349  free_energy 89.8750
step   100  lm 4.8249  free_energy 89.8571
step   110  lm 4.9041  free_energy 89.8750
step   120  lm 6.1885  free_energy 89.8750
step   130  lm 6.6302  free_energy 89.8750
step   140  lm 4.9762  free_energy 89.8750
step   150  lm 5.1246  free_energy 89.9375
step   160  lm 4.5438  free_energy 89.8750
step   170  lm 5.9741  free_energy 89.9375
step   180  lm 3.5308  free_energy 89.8750
step   190  lm 5.4699  free_energy 89.9375
step   200  lm 4.9691  free_energy 89.8750
step   210  lm 4.4521  free_energy 89.9375
step   220  lm 4.0296  free_energy 89.8571
step   230  lm 4.2974  free_energy 89.8571
step   240  lm 5.3757  free_energy 89.8750
step   250  lm 5.2582  free_energy 89.8571
step   260  lm 3.5016  free_energy 89.8571
step   270  lm 4.6270  free_energy 89.8750
step   280  lm 4.9833  free_energy 89.8750
step   290  lm 3.6498  free_energy 89.8750
step   300  lm 2.6696  free_energy 89.9375
step   310  lm 4.1409  free_energy 89.8571
step   320  lm 4.1360  free_energy 89.8750
step   330  lm 4.4593  free_energy 89.8571
step   340  lm 4.1772  free_energy 89.9286
step   350  lm 5.0043  free_energy 89.8750
step   360  lm 4.1046  free_energy 89.8571
step   370  lm 6.6684  free_energy 89.8750
step   380  lm 4.8955  free_energy 89.9375
step   390  lm 5.1526  free_energy 89.8571
step   400  lm 4.7249  free_energy 89.8571
step   410  lm 4.2003  free_energy 89.8750
step   420  lm 4.4548  free_energy 89.8571
step   430  lm 4.5086  free_energy 89.9375
step   440  lm 5.5433  free_energy 89.9375
step   450  lm 5.1091  free_energy 89.8571
step   460  lm 2.7321  free_energy 89.8750
step   470  lm 4.2240  free_energy 89.8571
step   480  lm 5.5609  free_energy 89.9375
step   490  lm 5.3841  free_energy 89.9286
step   500  lm 4.8811  free_energy 89.9375
step   510  lm 4.2513  free_energy 89.9375
step   520  lm 3.2410  free_energy 89.9375
step   530  lm 3.5040  free_energy 89.9375
step   540  lm 3.3488  free_energy 89.8750
step   550  lm 4.6311  free_energy 89.9286
step   560  lm 4.4478  free_energy 89.9375
step   570  lm 3.5131  free_energy 89.9286
step   580  lm 3.6797  free_energy 89.9375
step   590  lm 4.0876  free_energy 89.9286
step   600  lm 4.2566  free_energy 89.9375
step   610  lm 3.7281  free_energy 89.9375
step   620  lm 4.7485  free_energy 89.9375
step   630  lm 4.4878  free_energy 89.9375
step   640  lm 5.8524  free_energy 89.9375
step   650  lm 2.3321  free_energy 89.9286
step   660  lm 2.8231  free_energy 89.9286
step   670  lm 4.0734  free_energy 89.9375
step   680  lm 3.2323  free_energy 89.9375
step   690  lm 3.9955  free_energy 89.9375
step   700  lm 2.8186  free_energy 89.9375
step   710  lm 4.0784  free_energy 89.8571
step   720  lm 3.4554  free_energy 89.9286
step   730  lm 2.2110  free_energy 89.8571
step   740  lm 4.3749  free_energy 89.8571
step   750  lm 3.9500  free_energy 89.8750
step   760  lm 3.5229  free_energy 89.8750
step   770  lm 4.0991  free_energy 89.8750
step   780  lm 4.0267  free_energy 89.9375
step   790  lm 4.8006  free_energy 89.8750
step   800  lm 5.1286  free_energy 89.9375
step   810  lm 3.0556  free_energy 89.9286
step   820  lm 3.4302  free_energy 89.9286
step   830  lm 3.1230  free_energy 89.9286
step   840  lm 5.2197  free_energy 89.9375
step   850  lm 3.2646  free_energy 89.9286
step   860  lm 3.7624  free_energy 89.9375
step   870  lm 3.0612  free_energy 89.9375
step   880  lm 4.9779  free_energy 89.9375
step   890  lm 4.5262  free_energy 89.9375
step   900  lm 4.4911  free_energy 89.9375
step   910  lm 3.5428  free_energy 89.9286
step   920  lm 2.1492  free_energy 89.9375
step   930  lm 3.5922  free_energy 89.9375
step   940  lm 3.5888  free_energy 89.9286
step   950  lm 3.1053  free_energy 89.9375
step   960  lm 3.3798  free_energy 89.9286
step   970  lm 3.6822  free_energy 89.9286
step   980  lm 2.9701  free_energy 89.9375
step   990  lm 2.7614  free_energy 89.9375
step  1000  lm 3.4866  free_energy 89.9375
step  1010  lm 3.7364  free_energy 89.9375
step  1020  lm 4.7620  free_energy 89.9375
step  1030  lm 4.9921  free_energy 89.9286
step  1040  lm 2.5156  free_energy 89.9375
step  1050  lm 3.9724  free_energy 89.9375
step  1060  lm 3.3916  free_energy 89.9286
step  1070  lm 3.4267  free_energy 89.9375
step  1080  lm 3.1154  free_energy 89.9375
step  1090  lm 2.4814  free_energy 89.9375
step  1100  lm 2.9428  free_energy 89.9375
step  1110  lm 3.7143  free_energy 89.9286
step  1120  lm 2.5380  free_energy 89.9375
step  1130  lm 3.1250  free_energy 89.9286
step  1140  lm 3.1604  free_energy 89.9375
step  1150  lm 3.1166  free_energy 89.9286
step  1160  lm 3.5634  free_energy 89.9286
step  1170  lm 2.3953  free_energy 89.9286
step  1180  lm 4.4822  free_energy 89.9286
step  1190  lm 3.0528  free_energy 89.9375
step  1200  lm 3.8563  free_energy 89.9375
step  1210  lm 2.6174  free_energy 89.9286
step  1220  lm 4.4564  free_energy 89.9375
step  1230  lm 2.4008  free_energy 89.9286
step  1240  lm 4.4862  free_energy 89.9375
step  1250  lm 3.1889  free_energy 89.9286
step  1260  lm 3.0582  free_energy 89.9375
step  1270  lm 2.8083  free_energy 89.9286
step  1280  lm 2.8161  free_energy 90.0000
step  1290  lm 4.5138  free_energy 90.0000
step  1300  lm 3.1754  free_energy 90.0000
step  1310  lm 3.4651  free_energy 90.0000
step  1320  lm 2.9157  free_energy 90.0000
step  1330  lm 3.6394  free_energy 90.0000
step  1340  lm 4.7612  free_energy 90.0000
step  1350  lm 2.7538  free_energy 90.0000
step  1360  lm 2.4662  free_energy 90.0000
step  1370  lm 4.7225  free_energy 90.0000
step  1380  lm 2.5285  free_energy 90.0000
step  1390  lm 3.1675  free_energy 90.0000
step  1400  lm 3.6989  free_energy 90.0000
step  1410  lm 3.7930  free_energy 90.0000
step  1420  lm 3.7933  free_energy 89.9375
step  1430  lm 4.3435  free_energy 89.9375
step  1440  lm 2.3516  free_energy 89.9375
step  1450  lm 3.9315  free_energy 89.9375
step  1460  lm 3.3081  free_energy 89.9286
step  1470  lm 2.7793  free_energy 89.9286
step  1480  lm 2.9542  free_energy 89.9286
step  1490  lm 3.9782  free_energy 89.9286
saved varikv/ckpt/tier2.pt
（跳过 527 个短于预算 256 的样本 —— 它们不触发驱逐，训不到记忆）
