Sliding Window Attention is enabled but not implemented for `eager`; unexpected results may be encountered.
[tier 4] evict=free_energy absorb=point 可训练参数 0.40M
训练样本 3200
训练上下文截断到 4096 token（评测用完整长度；修好 RoPE 后记忆位置无关，短训长推成立）
step     0  lm 6.2698  free_energy 2.4629  predictor 0.2006
step    10  lm 4.6540  free_energy 0.7492  predictor 0.2020
step    20  lm 7.1745  free_energy 11.8310  predictor 0.2027
step    30  lm 6.0733  free_energy 22.9099  predictor 0.2018
step    40  lm 7.1449  free_energy 28.0288  predictor 0.2023
step    50  lm 6.3453  free_energy 27.8702  predictor 0.2015
step    60  lm 5.8872  free_energy 24.6491  predictor 0.2018
step    70  lm 4.5596  free_energy 22.3620  predictor 0.2029
step    80  lm 6.5137  free_energy 20.9320  predictor 0.2012
step    90  lm 4.1953  free_energy 14.7961  predictor 0.2033
step   100  lm 4.4992  free_energy 9.9132  predictor 0.2022
step   110  lm 5.4588  free_energy 24.6751  predictor 0.2013
step   120  lm 4.8034  free_energy 23.5532  predictor 0.2011
step   130  lm 5.6188  free_energy 23.6853  predictor 0.2009
step   140  lm 5.2702  free_energy 20.4159  predictor 0.2006
step   150  lm 5.3079  free_energy 17.9539  predictor 0.2005
step   160  lm 4.5084  free_energy 29.2339  predictor 0.1997
step   170  lm 6.7361  free_energy 20.2264  predictor 0.2006
step   180  lm 2.5544  free_energy 7.8239  predictor 0.1994
step   190  lm 5.3930  free_energy 19.5280  predictor 0.1991
step   200  lm 5.0681  free_energy 26.6800  predictor 0.1994
step   210  lm 2.8456  free_energy 33.5904  predictor 0.1971
step   220  lm 2.9345  free_energy 18.5203  predictor 0.1971
step   230  lm 3.3554  free_energy 17.9382  predictor 0.1963
step   240  lm 6.3062  free_energy 31.2359  predictor 0.1942
step   250  lm 3.7892  free_energy 23.8435  predictor 0.1930
step   260  lm 2.7272  free_energy 20.8840  predictor 0.1924
step   270  lm 3.9154  free_energy 28.8321  predictor 0.1919
step   280  lm 5.9048  free_energy 26.7478  predictor 0.1889
step   290  lm 5.8639  free_energy 13.2233  predictor 0.1888
step   300  lm 4.5046  free_energy 22.1051  predictor 0.1873
step   310  lm 3.4030  free_energy 21.1314  predictor 0.1866
step   320  lm 3.6458  free_energy 22.4907  predictor 0.1828
step   330  lm 4.9650  free_energy 15.2008  predictor 0.1801
step   340  lm 4.0293  free_energy 23.4801  predictor 0.1766
step   350  lm 4.2832  free_energy 27.7483  predictor 0.1735
step   360  lm 4.9429  free_energy 24.1573  predictor 0.1682
step   370  lm 7.4204  free_energy 17.5233  predictor 0.1660
step   380  lm 7.0535  free_energy 17.7662  predictor 0.1622
step   390  lm 5.1425  free_energy 17.7470  predictor 0.1586
step   400  lm 5.5252  free_energy 22.2339  predictor 0.1510
step   410  lm 3.9905  free_energy 28.4520  predictor 0.1475
step   420  lm 3.5182  free_energy 8.1560  predictor 0.1437
step   430  lm 3.6189  free_energy 20.6103  predictor 0.1393
step   440  lm 4.9048  free_energy 29.0742  predictor 0.1305
step   450  lm 5.3445  free_energy 16.1670  predictor 0.1246
step   460  lm 2.1968  free_energy 30.0127  predictor 0.1172
step   470  lm 4.1078  free_energy 26.1090  predictor 0.1067
step   480  lm 6.3603  free_energy 26.7382  predictor 0.0852
step   490  lm 5.2467  free_energy 23.8850  predictor 0.0763
step   500  lm 6.3164  free_energy 23.4335  predictor 0.0675
step   510  lm 5.7408  free_energy 25.6535  predictor 0.0623
step   520  lm 3.1533  free_energy 22.9933  predictor 0.0560
step   530  lm 4.4570  free_energy 21.5229  predictor 0.0513
step   540  lm 4.4915  free_energy 18.2779  predictor 0.0525
step   550  lm 3.2622  free_energy 27.0088  predictor 0.0517
step   560  lm 4.9554  free_energy 18.2273  predictor 0.0503
step   570  lm 4.3269  free_energy 29.9151  predictor 0.0520
step   580  lm 4.0672  free_energy 21.1232  predictor 0.0497
step   590  lm 3.1395  free_energy 20.7210  predictor 0.0526
step   600  lm 5.7701  free_energy 18.2640  predictor 0.0509
step   610  lm 3.7576  free_energy 28.9930  predictor 0.0508
step   620  lm 4.2984  free_energy 17.5806  predictor 0.0493
step   630  lm 4.6459  free_energy 22.8499  predictor 0.0486
step   640  lm 5.6571  free_energy 14.1233  predictor 0.0486
step   650  lm 2.4670  free_energy 11.4693  predictor 0.0492
step   660  lm 3.2748  free_energy 25.1270  predictor 0.0480
step   670  lm 5.3148  free_energy 24.1440  predictor 0.0479
step   680  lm 2.6947  free_energy 21.9865  predictor 0.0494
step   690  lm 3.2769  free_energy 19.2912  predictor 0.0474
step   700  lm 3.9392  free_energy 19.3134  predictor 0.0469
step   710  lm 4.6674  free_energy 21.3066  predictor 0.0476
step   720  lm 4.6632  free_energy 22.3860  predictor 0.0465
step   730  lm 4.5438  free_energy 35.0684  predictor 0.0475
step   740  lm 4.5739  free_energy 17.6203  predictor 0.0471
step   750  lm 3.8691  free_energy 18.6794  predictor 0.0467
step   760  lm 3.1760  free_energy 15.3130  predictor 0.0465
step   770  lm 5.7674  free_energy 27.9257  predictor 0.0462
step   780  lm 3.6854  free_energy 24.6941  predictor 0.0452
step   790  lm 3.3898  free_energy 34.3746  predictor 0.0451
step   800  lm 5.3609  free_energy 23.2151  predictor 0.0455
step   810  lm 3.9502  free_energy 19.1479  predictor 0.0458
step   820  lm 3.4040  free_energy 27.8259  predictor 0.0450
step   830  lm 2.7164  free_energy 8.9457  predictor 0.0448
step   840  lm 3.1947  free_energy 19.6658  predictor 0.0443
step   850  lm 2.3712  free_energy 15.7514  predictor 0.0458
step   860  lm 4.2126  free_energy 11.2637  predictor 0.0443
step   870  lm 3.3418  free_energy 18.6227  predictor 0.0443
step   880  lm 4.6339  free_energy 35.5007  predictor 0.0451
step   890  lm 3.9884  free_energy 12.9302  predictor 0.0443
step   900  lm 3.8395  free_energy 22.4139  predictor 0.0446
step   910  lm 3.3500  free_energy 16.5503  predictor 0.0449
step   920  lm 2.5746  free_energy 18.8003  predictor 0.0444
step   930  lm 3.0356  free_energy 13.8363  predictor 0.0449
step   940  lm 3.7006  free_energy 19.0662  predictor 0.0449
step   950  lm 2.8041  free_energy 14.8736  predictor 0.0451
step   960  lm 3.8602  free_energy 8.3683  predictor 0.0439
step   970  lm 2.9628  free_energy 25.9014  predictor 0.0445
step   980  lm 2.5396  free_energy 13.7968  predictor 0.0437
step   990  lm 3.3961  free_energy 21.3674  predictor 0.0442
step  1000  lm 2.6659  free_energy 20.8065  predictor 0.0432
step  1010  lm 5.0289  free_energy 24.3194  predictor 0.0437
step  1020  lm 4.1733  free_energy 8.3880  predictor 0.0435
step  1030  lm 3.7090  free_energy 13.8945  predictor 0.0443
step  1040  lm 4.7485  free_energy 19.7987  predictor 0.0430
step  1050  lm 3.8384  free_energy 23.6207  predictor 0.0433
step  1060  lm 3.6438  free_energy 23.8894  predictor 0.0441
step  1070  lm 4.0975  free_energy 25.4696  predictor 0.0443
step  1080  lm 3.0718  free_energy 23.9848  predictor 0.0435
step  1090  lm 3.3783  free_energy 21.4566  predictor 0.0439
step  1100  lm 2.4306  free_energy 17.0977  predictor 0.0433
step  1110  lm 4.4272  free_energy 28.1391  predictor 0.0442
step  1120  lm 3.3307  free_energy 23.3163  predictor 0.0432
step  1130  lm 3.6294  free_energy 31.3978  predictor 0.0441
step  1140  lm 4.0258  free_energy 15.3110  predictor 0.0432
step  1150  lm 3.4238  free_energy 34.1539  predictor 0.0438
step  1160  lm 4.2365  free_energy 19.2975  predictor 0.0440
step  1170  lm 2.8067  free_energy 18.9206  predictor 0.0439
step  1180  lm 4.2207  free_energy 27.1811  predictor 0.0434
step  1190  lm 3.3924  free_energy 32.7649  predictor 0.0436
step  1200  lm 2.1886  free_energy 29.5487  predictor 0.0438
step  1210  lm 2.8503  free_energy 14.0318  predictor 0.0435
step  1220  lm 3.1759  free_energy 22.7107  predictor 0.0430
step  1230  lm 4.1645  free_energy 14.7588  predictor 0.0436
step  1240  lm 2.6288  free_energy 22.0525  predictor 0.0432
step  1250  lm 2.2630  free_energy 26.2373  predictor 0.0431
step  1260  lm 3.9513  free_energy 18.1042  predictor 0.0423
step  1270  lm 3.1159  free_energy 28.8397  predictor 0.0438
step  1280  lm 2.8036  free_energy 23.1580  predictor 0.0429
step  1290  lm 4.3424  free_energy 28.5564  predictor 0.0440
step  1300  lm 3.1697  free_energy 26.0083  predictor 0.0432
step  1310  lm 3.4018  free_energy 14.3613  predictor 0.0426
step  1320  lm 4.1194  free_energy 18.7751  predictor 0.0435
step  1330  lm 4.1940  free_energy 23.3136  predictor 0.0432
step  1340  lm 4.8538  free_energy 29.2053  predictor 0.0426
step  1350  lm 2.8210  free_energy 15.5802  predictor 0.0427
step  1360  lm 3.5120  free_energy 30.1107  predictor 0.0431
step  1370  lm 3.2378  free_energy 15.6963  predictor 0.0426
step  1380  lm 2.6487  free_energy 20.8662  predictor 0.0430
step  1390  lm 2.9262  free_energy 30.4505  predictor 0.0424
step  1400  lm 2.6309  free_energy 13.4909  predictor 0.0423
step  1410  lm 2.1084  free_energy 19.9680  predictor 0.0438
step  1420  lm 3.2376  free_energy 13.7136  predictor 0.0425
step  1430  lm 3.0330  free_energy 26.3497  predictor 0.0430
step  1440  lm 2.4933  free_energy 29.4435  predictor 0.0413
step  1450  lm 4.3411  free_energy 20.6257  predictor 0.0428
step  1460  lm 2.2795  free_energy 21.6380  predictor 0.0426
step  1470  lm 2.8264  free_energy 22.3928  predictor 0.0431
step  1480  lm 3.3672  free_energy 15.1010  predictor 0.0433
step  1490  lm 3.5438  free_energy 27.6218  predictor 0.0435
saved varikv/ckpt/k64_tier4.pt
（跳过 527 个短于预算 256 的样本 —— 它们不触发驱逐，训不到记忆）
