Sliding Window Attention is enabled but not implemented for `eager`; unexpected results may be encountered.
[tier 2] evict=recency absorb=point 可训练参数 0.33M
训练样本 3200
训练上下文截断到 4096 token（评测用完整长度；修好 RoPE 后记忆位置无关，短训长推成立）
step     0  lm 6.9292  free_energy 89.8750
step    10  lm 4.6126  free_energy 89.7143
step    20  lm 6.7164  free_energy 89.8750
step    30  lm 5.4422  free_energy 89.7500
step    40  lm 4.5049  free_energy 89.8125
step    50  lm 7.3825  free_energy 89.8750
step    60  lm 4.9944  free_energy 89.7143
step    70  lm 4.4968  free_energy 89.8750
step    80  lm 7.4112  free_energy 89.8571
step    90  lm 4.1690  free_energy 89.8750
step   100  lm 3.3603  free_energy 89.7857
step   110  lm 3.5039  free_energy 89.8750
step   120  lm 4.3524  free_energy 89.8750
step   130  lm 4.6108  free_energy 89.8125
step   140  lm 4.1207  free_energy 89.8125
step   150  lm 4.2416  free_energy 89.8750
step   160  lm 4.9206  free_energy 89.8750
step   170  lm 8.7527  free_energy 89.8750
step   180  lm 2.9722  free_energy 89.8750
step   190  lm 4.1107  free_energy 89.8125
step   200  lm 4.5249  free_energy 89.7500
step   210  lm 3.3764  free_energy 89.7500
step   220  lm 4.0141  free_energy 89.7857
step   230  lm 3.8579  free_energy 89.7143
step   240  lm 5.7137  free_energy 89.8750
step   250  lm 3.7304  free_energy 89.8571
step   260  lm 2.7089  free_energy 89.8571
step   270  lm 5.3863  free_energy 89.8125
step   280  lm 6.0580  free_energy 89.8750
step   290  lm 6.1247  free_energy 89.8125
step   300  lm 5.2611  free_energy 89.8750
step   310  lm 3.2940  free_energy 89.7857
step   320  lm 3.7644  free_energy 89.8750
step   330  lm 4.6783  free_energy 89.8571
step   340  lm 4.9281  free_energy 89.8571
step   350  lm 4.5835  free_energy 89.8750
step   360  lm 4.6429  free_energy 89.8571
step   370  lm 6.1816  free_energy 89.8125
step   380  lm 5.2564  free_energy 89.8125
step   390  lm 3.2443  free_energy 89.8571
step   400  lm 6.3288  free_energy 89.7857
step   410  lm 4.2913  free_energy 89.8750
step   420  lm 4.0992  free_energy 89.8571
step   430  lm 4.2394  free_energy 89.8750
step   440  lm 4.6000  free_energy 89.8125
step   450  lm 4.3265  free_energy 89.7857
step   460  lm 3.4371  free_energy 89.8750
step   470  lm 2.7647  free_energy 89.8571
step   480  lm 4.9194  free_energy 89.8750
step   490  lm 4.2303  free_energy 89.7143
step   500  lm 4.0669  free_energy 89.8750
step   510  lm 6.4800  free_energy 89.7500
step   520  lm 2.6638  free_energy 89.8125
step   530  lm 2.6732  free_energy 89.8125
step   540  lm 4.2990  free_energy 89.8750
step   550  lm 4.7990  free_energy 89.6429
step   560  lm 3.5796  free_energy 89.7500
step   570  lm 2.7066  free_energy 89.8571
step   580  lm 3.4472  free_energy 89.7500
step   590  lm 2.8061  free_energy 89.7857
step   600  lm 4.3329  free_energy 89.6875
step   610  lm 2.4815  free_energy 89.6875
step   620  lm 4.2198  free_energy 89.8125
step   630  lm 4.2947  free_energy 89.8750
step   640  lm 5.1610  free_energy 89.8125
step   650  lm 1.7667  free_energy 89.7143
step   660  lm 2.0679  free_energy 89.6429
step   670  lm 4.1552  free_energy 89.6875
step   680  lm 3.8479  free_energy 89.7500
step   690  lm 3.8880  free_energy 89.6875
step   700  lm 1.6402  free_energy 89.7500
step   710  lm 2.9397  free_energy 89.7143
step   720  lm 2.4790  free_energy 89.8571
step   730  lm 2.0761  free_energy 89.7857
step   740  lm 3.6374  free_energy 89.8571
step   750  lm 2.7839  free_energy 89.8750
step   760  lm 2.5755  free_energy 89.8750
step   770  lm 5.6733  free_energy 89.8750
step   780  lm 3.0635  free_energy 89.8750
step   790  lm 3.6900  free_energy 89.8750
step   800  lm 4.2205  free_energy 89.8750
step   810  lm 2.1542  free_energy 89.8571
step   820  lm 2.7800  free_energy 89.8571
step   830  lm 2.6025  free_energy 89.8571
step   840  lm 4.3553  free_energy 89.8750
step   850  lm 1.7175  free_energy 89.9286
step   860  lm 3.0677  free_energy 89.8750
step   870  lm 2.5095  free_energy 89.8125
step   880  lm 4.2668  free_energy 89.8750
step   890  lm 2.4772  free_energy 89.8750
step   900  lm 4.2387  free_energy 89.8125
step   910  lm 3.0704  free_energy 89.7857
step   920  lm 1.7614  free_energy 89.8125
step   930  lm 2.9910  free_energy 89.7500
step   940  lm 2.7169  free_energy 89.7143
step   950  lm 2.4597  free_energy 89.8125
step   960  lm 2.7722  free_energy 89.6429
step   970  lm 2.2795  free_energy 89.5714
step   980  lm 1.9236  free_energy 89.5625
step   990  lm 2.1844  free_energy 89.6250
step  1000  lm 1.9572  free_energy 89.6250
step  1010  lm 2.3581  free_energy 89.5625
step  1020  lm 2.9377  free_energy 89.5625
step  1030  lm 2.9573  free_energy 89.5714
step  1040  lm 1.9213  free_energy 89.5625
step  1050  lm 2.6766  free_energy 89.5625
step  1060  lm 2.6768  free_energy 89.6429
step  1070  lm 3.1074  free_energy 89.5625
step  1080  lm 1.8702  free_energy 89.5625
step  1090  lm 1.8632  free_energy 89.6250
step  1100  lm 1.6948  free_energy 89.5625
step  1110  lm 3.0249  free_energy 89.5714
step  1120  lm 1.8044  free_energy 89.5625
step  1130  lm 2.4784  free_energy 89.5714
step  1140  lm 2.2272  free_energy 89.5625
step  1150  lm 3.1401  free_energy 89.5714
step  1160  lm 3.3067  free_energy 89.5714
step  1170  lm 1.7359  free_energy 89.5714
step  1180  lm 3.3243  free_energy 89.5714
step  1190  lm 3.2644  free_energy 89.6250
step  1200  lm 2.9528  free_energy 89.6250
step  1210  lm 2.3031  free_energy 89.5714
step  1220  lm 2.4235  free_energy 89.5625
step  1230  lm 2.1702  free_energy 89.5714
step  1240  lm 2.7486  free_energy 89.5625
step  1250  lm 2.1267  free_energy 89.5714
step  1260  lm 3.3461  free_energy 89.5625
step  1270  lm 2.2963  free_energy 89.5714
step  1280  lm 2.0549  free_energy 89.5625
step  1290  lm 4.3840  free_energy 89.5714
step  1300  lm 2.5660  free_energy 89.5714
step  1310  lm 2.7966  free_energy 89.5625
step  1320  lm 4.0164  free_energy 89.5714
step  1330  lm 2.5193  free_energy 89.5625
step  1340  lm 3.1383  free_energy 89.5625
step  1350  lm 1.8698  free_energy 89.5714
step  1360  lm 2.1439  free_energy 89.5625
step  1370  lm 3.5502  free_energy 89.5625
step  1380  lm 2.3019  free_energy 89.5714
step  1390  lm 1.8917  free_energy 89.5625
step  1400  lm 3.3158  free_energy 89.5625
step  1410  lm 2.8551  free_energy 89.5714
step  1420  lm 2.9350  free_energy 89.5625
step  1430  lm 3.3019  free_energy 89.5625
step  1440  lm 2.3967  free_energy 89.5625
step  1450  lm 2.5107  free_energy 89.5625
step  1460  lm 1.6445  free_energy 89.5714
step  1470  lm 2.5561  free_energy 89.5714
step  1480  lm 2.6508  free_energy 89.5714
step  1490  lm 2.6704  free_energy 89.5714
saved varikv/ckpt/k4_tier2.pt
（跳过 527 个短于预算 256 的样本 —— 它们不触发驱逐，训不到记忆）
