Sliding Window Attention is enabled but not implemented for `eager`; unexpected results may be encountered.
[tier 5] evict=free_energy absorb=dist 可训练参数 0.40M
训练样本 3200
训练上下文截断到 4096 token（评测用完整长度；修好 RoPE 后记忆位置无关，短训长推成立）
step     0  lm 6.2742  free_energy 2.1040  predictor 0.1106
step    10  lm 4.5856  free_energy 1.8206  predictor 0.1124
step    20  lm 4.8338  free_energy 12.5281  predictor 0.1155
step    30  lm 5.7939  free_energy 41.8503  predictor 0.1146
step    40  lm 5.0063  free_energy 23.4677  predictor 0.1144
step    50  lm 4.3357  free_energy 41.6313  predictor 0.1150
step    60  lm 4.9198  free_energy 29.1216  predictor 0.1130
step    70  lm 5.1527  free_energy 36.8218  predictor 0.1140
step    80  lm 6.7008  free_energy 34.6869  predictor 0.1152
step    90  lm 5.4672  free_energy 15.1139  predictor 0.1161
step   100  lm 4.8410  free_energy 49.7609  predictor 0.1138
step   110  lm 5.8407  free_energy 38.9564  predictor 0.1151
step   120  lm 4.9166  free_energy 34.2806  predictor 0.1133
step   130  lm 6.0496  free_energy 35.5019  predictor 0.1140
step   140  lm 5.5987  free_energy 26.3521  predictor 0.1148
step   150  lm 4.8332  free_energy 37.3793  predictor 0.1139
step   160  lm 5.7747  free_energy 36.0043  predictor 0.1144
step   170  lm 4.2615  free_energy 29.4568  predictor 0.1157
step   180  lm 3.8545  free_energy 28.2712  predictor 0.1132
step   190  lm 4.5533  free_energy 32.0322  predictor 0.1140
step   200  lm 5.5383  free_energy 31.4499  predictor 0.1115
step   210  lm 4.1860  free_energy 40.2613  predictor 0.1104
step   220  lm 3.8644  free_energy 26.2550  predictor 0.1122
step   230  lm 4.5968  free_energy 40.4690  predictor 0.1114
step   240  lm 5.9152  free_energy 38.7433  predictor 0.1099
step   250  lm 2.1770  free_energy 33.5733  predictor 0.1089
step   260  lm 3.5909  free_energy 22.9865  predictor 0.1084
step   270  lm 3.7072  free_energy 35.8798  predictor 0.1087
step   280  lm 5.7308  free_energy 35.9527  predictor 0.1065
step   290  lm 4.5276  free_energy 20.6777  predictor 0.1070
step   300  lm 5.0018  free_energy 29.6938  predictor 0.1061
step   310  lm 3.5083  free_energy 38.8228  predictor 0.1056
step   320  lm 3.9165  free_energy 45.6801  predictor 0.1039
step   330  lm 5.2005  free_energy 22.5559  predictor 0.1000
step   340  lm 4.5061  free_energy 27.8650  predictor 0.0988
step   350  lm 3.7718  free_energy 52.2812  predictor 0.0972
step   360  lm 4.2256  free_energy 35.7955  predictor 0.0913
step   370  lm 4.1108  free_energy 35.9702  predictor 0.0896
step   380  lm 6.0726  free_energy 39.7083  predictor 0.0889
step   390  lm 2.9600  free_energy 23.9838  predictor 0.0879
step   400  lm 3.9060  free_energy 22.5281  predictor 0.0834
step   410  lm 3.9456  free_energy 35.4781  predictor 0.0816
step   420  lm 2.9743  free_energy 9.1245  predictor 0.0774
step   430  lm 5.0155  free_energy 19.1755  predictor 0.0770
step   440  lm 5.0591  free_energy 29.6437  predictor 0.0654
step   450  lm 3.6952  free_energy 30.2116  predictor 0.0608
step   460  lm 2.0456  free_energy 30.4537  predictor 0.0560
step   470  lm 2.7744  free_energy 27.2828  predictor 0.0520
step   480  lm 4.4949  free_energy 27.2580  predictor 0.0515
step   490  lm 3.5533  free_energy 31.1234  predictor 0.0532
step   500  lm 4.1695  free_energy 28.1507  predictor 0.0524
step   510  lm 4.7933  free_energy 26.0712  predictor 0.0539
step   520  lm 2.2276  free_energy 34.4291  predictor 0.0535
step   530  lm 3.0439  free_energy 46.7004  predictor 0.0526
step   540  lm 4.4172  free_energy 27.5223  predictor 0.0523
step   550  lm 2.7367  free_energy 21.2895  predictor 0.0513
step   560  lm 3.2498  free_energy 23.1112  predictor 0.0527
step   570  lm 3.4227  free_energy 24.7116  predictor 0.0522
step   580  lm 2.9953  free_energy 29.3773  predictor 0.0522
step   590  lm 4.0283  free_energy 17.6292  predictor 0.0500
step   600  lm 4.2919  free_energy 31.0446  predictor 0.0512
step   610  lm 2.9798  free_energy 35.8824  predictor 0.0502
step   620  lm 3.8617  free_energy 18.7026  predictor 0.0488
step   630  lm 4.1410  free_energy 25.4470  predictor 0.0505
step   640  lm 5.0662  free_energy 25.8366  predictor 0.0516
step   650  lm 2.1593  free_energy 17.2081  predictor 0.0495
step   660  lm 3.1621  free_energy 32.5946  predictor 0.0498
step   670  lm 3.8279  free_energy 18.8903  predictor 0.0507
step   680  lm 3.8277  free_energy 22.3126  predictor 0.0500
step   690  lm 4.0173  free_energy 15.6140  predictor 0.0489
step   700  lm 3.1078  free_energy 19.6873  predictor 0.0488
step   710  lm 3.0780  free_energy 17.9404  predictor 0.0503
step   720  lm 3.5420  free_energy 29.0033  predictor 0.0472
step   730  lm 4.0166  free_energy 36.4116  predictor 0.0498
step   740  lm 4.1499  free_energy 23.6897  predictor 0.0490
step   750  lm 3.9897  free_energy 36.4986  predictor 0.0513
step   760  lm 3.0429  free_energy 15.9851  predictor 0.0502
step   770  lm 4.9872  free_energy 39.2059  predictor 0.0512
step   780  lm 2.3367  free_energy 36.3861  predictor 0.0488
step   790  lm 3.4493  free_energy 46.5926  predictor 0.0480
step   800  lm 4.0096  free_energy 23.4874  predictor 0.0482
step   810  lm 3.7465  free_energy 38.3523  predictor 0.0466
step   820  lm 2.6435  free_energy 50.5526  predictor 0.0471
step   830  lm 3.1048  free_energy 30.4315  predictor 0.0475
step   840  lm 3.3090  free_energy 36.0533  predictor 0.0484
step   850  lm 2.0701  free_energy 22.6430  predictor 0.0495
step   860  lm 3.6592  free_energy 12.4045  predictor 0.0485
step   870  lm 2.5678  free_energy 54.4623  predictor 0.0469
step   880  lm 3.4922  free_energy 43.4535  predictor 0.0492
step   890  lm 3.2827  free_energy 19.1101  predictor 0.0481
step   900  lm 3.5337  free_energy 46.4297  predictor 0.0503
step   910  lm 3.2371  free_energy 37.7982  predictor 0.0478
step   920  lm 2.7232  free_energy 25.4234  predictor 0.0488
step   930  lm 3.4997  free_energy 26.2730  predictor 0.0476
step   940  lm 2.9999  free_energy 38.7780  predictor 0.0489
step   950  lm 2.2968  free_energy 41.2225  predictor 0.0507
step   960  lm 4.1253  free_energy 15.7394  predictor 0.0471
step   970  lm 2.5495  free_energy 45.4386  predictor 0.0467
step   980  lm 2.9542  free_energy 38.0386  predictor 0.0473
step   990  lm 3.2332  free_energy 33.6785  predictor 0.0491
step  1000  lm 2.6971  free_energy 42.7996  predictor 0.0476
step  1010  lm 3.5324  free_energy 24.5388  predictor 0.0480
step  1020  lm 2.3450  free_energy 19.6631  predictor 0.0477
step  1030  lm 2.5017  free_energy 29.0306  predictor 0.0469
step  1040  lm 3.7932  free_energy 32.1211  predictor 0.0479
step  1050  lm 3.5026  free_energy 35.7254  predictor 0.0478
step  1060  lm 2.7483  free_energy 31.1717  predictor 0.0471
step  1070  lm 3.2902  free_energy 39.6417  predictor 0.0475
step  1080  lm 2.4674  free_energy 47.1766  predictor 0.0490
step  1090  lm 3.2359  free_energy 35.5888  predictor 0.0486
step  1100  lm 2.2680  free_energy 47.4450  predictor 0.0483
step  1110  lm 3.2588  free_energy 51.6435  predictor 0.0471
step  1120  lm 2.1069  free_energy 35.2458  predictor 0.0469
step  1130  lm 2.8525  free_energy 42.6224  predictor 0.0476
step  1140  lm 3.0086  free_energy 41.7859  predictor 0.0479
step  1150  lm 3.5293  free_energy 41.5004  predictor 0.0483
step  1160  lm 3.3432  free_energy 44.8046  predictor 0.0454
step  1170  lm 1.3733  free_energy 41.1786  predictor 0.0466
step  1180  lm 2.9043  free_energy 40.5489  predictor 0.0470
step  1190  lm 2.0622  free_energy 27.6992  predictor 0.0478
step  1200  lm 3.0903  free_energy 47.0492  predictor 0.0466
step  1210  lm 2.4597  free_energy 47.9004  predictor 0.0458
step  1220  lm 2.5300  free_energy 35.4636  predictor 0.0481
step  1230  lm 3.0063  free_energy 41.6744  predictor 0.0459
step  1240  lm 3.0412  free_energy 44.4443  predictor 0.0507
step  1250  lm 2.0755  free_energy 47.9457  predictor 0.0468
step  1260  lm 3.4336  free_energy 31.9435  predictor 0.0478
step  1270  lm 2.8566  free_energy 49.0577  predictor 0.0487
step  1280  lm 4.1813  free_energy 32.7633  predictor 0.0483
step  1290  lm 3.4288  free_energy 52.7498  predictor 0.0474
step  1300  lm 1.7034  free_energy 46.6729  predictor 0.0460
step  1310  lm 2.2319  free_energy 34.0280  predictor 0.0473
step  1320  lm 3.6063  free_energy 52.8281  predictor 0.0476
step  1330  lm 3.2136  free_energy 43.1224  predictor 0.0506
step  1340  lm 3.9895  free_energy 53.7390  predictor 0.0479
step  1350  lm 1.7795  free_energy 45.7192  predictor 0.0486
step  1360  lm 3.2533  free_energy 42.2612  predictor 0.0493
step  1370  lm 2.5179  free_energy 51.7546  predictor 0.0489
step  1380  lm 2.6376  free_energy 41.2733  predictor 0.0479
step  1390  lm 1.7964  free_energy 43.1570  predictor 0.0486
step  1400  lm 2.9803  free_energy 21.7961  predictor 0.0466
step  1410  lm 2.4586  free_energy 40.7166  predictor 0.0467
step  1420  lm 3.1648  free_energy 37.6096  predictor 0.0489
step  1430  lm 3.2313  free_energy 55.5336  predictor 0.0492
step  1440  lm 2.8203  free_energy 41.4850  predictor 0.0481
step  1450  lm 2.9742  free_energy 36.7915  predictor 0.0492
step  1460  lm 1.5689  free_energy 42.8378  predictor 0.0472
step  1470  lm 2.5105  free_energy 41.5238  predictor 0.0478
step  1480  lm 2.0987  free_energy 36.2761  predictor 0.0463
step  1490  lm 2.9012  free_energy 54.0586  predictor 0.0494
saved varikv/ckpt/k32_tier5.pt
（跳过 527 个短于预算 256 的样本 —— 它们不触发驱逐，训不到记忆）
