Sliding Window Attention is enabled but not implemented for `eager`; unexpected results may be encountered.
[tier 2] evict=recency absorb=point 可训练参数 0.33M
训练样本 3200
训练上下文截断到 4096 token（评测用完整长度；修好 RoPE 后记忆位置无关，短训长推成立）
step     0  lm 6.0943  free_energy 89.8750
step    10  lm 4.5881  free_energy 89.8571
step    20  lm 6.6778  free_energy 89.8750
step    30  lm 4.7160  free_energy 89.8750
step    40  lm 4.9579  free_energy 89.8750
step    50  lm 8.1468  free_energy 89.8750
step    60  lm 5.5256  free_energy 89.8571
step    70  lm 4.7059  free_energy 89.8750
step    80  lm 6.5163  free_energy 89.8571
step    90  lm 4.5094  free_energy 89.8750
step   100  lm 5.2051  free_energy 89.8571
step   110  lm 3.5160  free_energy 89.8750
step   120  lm 4.6439  free_energy 89.8750
step   130  lm 5.1202  free_energy 89.8750
step   140  lm 4.5490  free_energy 89.8750
step   150  lm 5.1245  free_energy 89.9375
step   160  lm 4.6783  free_energy 89.8750
step   170  lm 8.6969  free_energy 89.8750
step   180  lm 3.3901  free_energy 89.8750
step   190  lm 5.8185  free_energy 89.8750
step   200  lm 4.7174  free_energy 89.8750
step   210  lm 4.3270  free_energy 89.8750
step   220  lm 4.0982  free_energy 89.8571
step   230  lm 4.4036  free_energy 89.8571
step   240  lm 5.8853  free_energy 89.8750
step   250  lm 4.6614  free_energy 89.8571
step   260  lm 3.0504  free_energy 89.8571
step   270  lm 7.2930  free_energy 89.8750
step   280  lm 5.4940  free_energy 89.8750
step   290  lm 6.3705  free_energy 89.8750
step   300  lm 4.5725  free_energy 89.9375
step   310  lm 3.8086  free_energy 89.8571
step   320  lm 4.7407  free_energy 89.8750
step   330  lm 4.7953  free_energy 89.8571
step   340  lm 5.7490  free_energy 89.8571
step   350  lm 5.0801  free_energy 89.8750
step   360  lm 4.6635  free_energy 89.8571
step   370  lm 6.2812  free_energy 89.8750
step   380  lm 5.0948  free_energy 89.8750
step   390  lm 5.2011  free_energy 89.8571
step   400  lm 6.6681  free_energy 89.8571
step   410  lm 4.6444  free_energy 89.8750
step   420  lm 4.2913  free_energy 89.8571
step   430  lm 4.3270  free_energy 89.8750
step   440  lm 4.7367  free_energy 89.8750
step   450  lm 4.0171  free_energy 89.8571
step   460  lm 4.8726  free_energy 89.8750
step   470  lm 4.8117  free_energy 89.8571
step   480  lm 5.2069  free_energy 89.8750
step   490  lm 3.7742  free_energy 89.8571
step   500  lm 3.7849  free_energy 89.8750
step   510  lm 5.9083  free_energy 89.8750
step   520  lm 2.6897  free_energy 89.8750
step   530  lm 2.9853  free_energy 89.8750
step   540  lm 4.3110  free_energy 89.8750
step   550  lm 4.7510  free_energy 89.8571
step   560  lm 3.5903  free_energy 89.8750
step   570  lm 2.9555  free_energy 89.8571
step   580  lm 3.2350  free_energy 89.8750
step   590  lm 2.8472  free_energy 89.9286
step   600  lm 3.6726  free_energy 89.8750
step   610  lm 2.0477  free_energy 89.8750
step   620  lm 5.2307  free_energy 89.9375
step   630  lm 4.1242  free_energy 89.8750
step   640  lm 4.9949  free_energy 89.8750
step   650  lm 1.6150  free_energy 89.8571
step   660  lm 1.7996  free_energy 89.8571
step   670  lm 3.4290  free_energy 89.8750
step   680  lm 3.4107  free_energy 89.8750
step   690  lm 3.7869  free_energy 89.8750
step   700  lm 1.3815  free_energy 89.8750
step   710  lm 2.9023  free_energy 89.8571
step   720  lm 2.6418  free_energy 89.8571
step   730  lm 1.6825  free_energy 89.8571
step   740  lm 3.1061  free_energy 89.8571
step   750  lm 2.3471  free_energy 89.8750
step   760  lm 2.5075  free_energy 89.8750
step   770  lm 5.9138  free_energy 89.8125
step   780  lm 3.2480  free_energy 89.8750
step   790  lm 3.0445  free_energy 89.8750
step   800  lm 4.2665  free_energy 89.8750
step   810  lm 1.6081  free_energy 89.8571
step   820  lm 2.5414  free_energy 89.7857
step   830  lm 2.3384  free_energy 89.8571
step   840  lm 3.9998  free_energy 89.8750
step   850  lm 1.7401  free_energy 89.8571
step   860  lm 3.1630  free_energy 89.8750
step   870  lm 2.8167  free_energy 89.8750
step   880  lm 4.6929  free_energy 89.8750
step   890  lm 3.0535  free_energy 89.8125
step   900  lm 4.5898  free_energy 89.8750
step   910  lm 3.4043  free_energy 89.7857
step   920  lm 2.8973  free_energy 89.8125
step   930  lm 3.4467  free_energy 89.8125
step   940  lm 3.0922  free_energy 89.7857
step   950  lm 2.3871  free_energy 89.8750
step   960  lm 3.0389  free_energy 89.8571
step   970  lm 2.7129  free_energy 89.8571
step   980  lm 2.4355  free_energy 89.8750
step   990  lm 2.0509  free_energy 89.8125
step  1000  lm 1.9647  free_energy 89.9375
step  1010  lm 3.1918  free_energy 89.9375
step  1020  lm 2.9863  free_energy 89.8750
step  1030  lm 3.7644  free_energy 89.8571
step  1040  lm 2.0539  free_energy 89.9375
step  1050  lm 3.4260  free_energy 89.8750
step  1060  lm 2.6360  free_energy 89.9286
step  1070  lm 3.0427  free_energy 89.8750
step  1080  lm 3.4181  free_energy 89.8750
step  1090  lm 1.8548  free_energy 89.9375
step  1100  lm 1.7687  free_energy 89.8750
step  1110  lm 3.9972  free_energy 89.9286
step  1120  lm 1.8630  free_energy 89.8750
step  1130  lm 2.8884  free_energy 89.8571
step  1140  lm 2.0167  free_energy 89.8750
step  1150  lm 3.0332  free_energy 89.8571
step  1160  lm 3.8378  free_energy 89.9286
step  1170  lm 1.6802  free_energy 89.7857
step  1180  lm 3.5635  free_energy 89.8571
step  1190  lm 3.5079  free_energy 89.9375
step  1200  lm 3.5505  free_energy 89.8750
step  1210  lm 2.2822  free_energy 89.9286
step  1220  lm 2.6409  free_energy 89.8750
step  1230  lm 2.1013  free_energy 89.9286
step  1240  lm 3.1001  free_energy 89.8750
step  1250  lm 2.2224  free_energy 89.9286
step  1260  lm 3.1506  free_energy 89.8750
step  1270  lm 2.4781  free_energy 89.9286
step  1280  lm 2.6234  free_energy 89.8750
step  1290  lm 4.4652  free_energy 89.8571
step  1300  lm 3.0485  free_energy 89.8571
step  1310  lm 3.2058  free_energy 89.9375
step  1320  lm 3.5798  free_energy 89.9286
step  1330  lm 2.8103  free_energy 89.8750
step  1340  lm 3.3111  free_energy 89.8750
step  1350  lm 1.9142  free_energy 89.8571
step  1360  lm 2.2841  free_energy 89.8750
step  1370  lm 3.3467  free_energy 89.8750
step  1380  lm 2.2677  free_energy 89.8571
step  1390  lm 2.2422  free_energy 89.8750
step  1400  lm 3.9444  free_energy 89.9375
step  1410  lm 2.8346  free_energy 89.8571
step  1420  lm 2.7008  free_energy 89.9375
step  1430  lm 4.0841  free_energy 89.8750
step  1440  lm 2.5632  free_energy 89.9375
step  1450  lm 2.7289  free_energy 89.9375
step  1460  lm 2.2713  free_energy 89.8571
step  1470  lm 2.7892  free_energy 89.8571
step  1480  lm 2.4705  free_energy 89.7857
step  1490  lm 2.3922  free_energy 89.5714
saved varikv/ckpt/k8_tier2.pt
（跳过 527 个短于预算 256 的样本 —— 它们不触发驱逐，训不到记忆）
