Sliding Window Attention is enabled but not implemented for `eager`; unexpected results may be encountered.
[tier 2] evict=recency absorb=point 可训练参数 0.34M
训练样本 3200
训练上下文截断到 4096 token（评测用完整长度；修好 RoPE 后记忆位置无关，短训长推成立）
step     0  lm 6.5498  free_energy 89.9375
step    10  lm 4.7649  free_energy 89.9286
step    20  lm 7.6456  free_energy 89.9375
step    30  lm 4.7831  free_energy 89.9375
step    40  lm 6.5095  free_energy 89.9375
step    50  lm 5.5364  free_energy 90.0000
step    60  lm 4.7180  free_energy 89.9286
step    70  lm 3.7503  free_energy 89.9375
step    80  lm 5.9656  free_energy 89.9286
step    90  lm 3.6058  free_energy 89.9375
step   100  lm 2.9793  free_energy 89.9286
step   110  lm 4.1069  free_energy 89.9375
step   120  lm 4.0577  free_energy 89.9375
step   130  lm 5.6779  free_energy 89.9375
step   140  lm 4.9127  free_energy 89.9375
step   150  lm 4.9533  free_energy 89.9375
step   160  lm 4.9124  free_energy 89.9375
step   170  lm 7.2256  free_energy 89.9375
step   180  lm 2.0793  free_energy 89.9375
step   190  lm 5.5006  free_energy 89.9375
step   200  lm 3.8534  free_energy 89.9375
step   210  lm 2.0024  free_energy 89.9375
step   220  lm 2.8569  free_energy 89.9286
step   230  lm 2.8456  free_energy 89.9286
step   240  lm 5.0375  free_energy 89.9375
step   250  lm 3.9716  free_energy 89.9286
step   260  lm 3.0488  free_energy 89.9286
step   270  lm 4.1896  free_energy 89.9375
step   280  lm 5.8138  free_energy 89.9375
step   290  lm 4.6950  free_energy 89.9375
step   300  lm 4.3966  free_energy 89.9375
step   310  lm 3.1532  free_energy 89.9286
step   320  lm 3.8007  free_energy 89.9375
step   330  lm 3.9936  free_energy 89.9286
step   340  lm 4.5636  free_energy 89.9286
step   350  lm 3.7488  free_energy 89.9375
step   360  lm 4.8328  free_energy 89.9286
step   370  lm 6.1268  free_energy 89.9375
step   380  lm 4.8037  free_energy 89.9375
step   390  lm 4.9468  free_energy 89.9286
step   400  lm 5.5803  free_energy 89.9286
step   410  lm 4.2357  free_energy 89.9375
step   420  lm 3.5941  free_energy 89.9286
step   430  lm 3.7849  free_energy 89.9375
step   440  lm 3.8442  free_energy 89.9375
step   450  lm 3.6376  free_energy 89.9286
step   460  lm 2.6466  free_energy 90.0000
step   470  lm 3.9648  free_energy 89.9286
step   480  lm 5.8181  free_energy 89.9375
step   490  lm 4.2263  free_energy 89.9286
step   500  lm 4.4653  free_energy 89.9375
step   510  lm 5.5201  free_energy 89.9375
step   520  lm 3.3571  free_energy 90.0000
step   530  lm 3.6603  free_energy 89.9375
step   540  lm 3.1992  free_energy 90.0000
step   550  lm 3.7407  free_energy 89.9286
step   560  lm 4.1043  free_energy 89.9375
step   570  lm 3.5054  free_energy 89.9286
step   580  lm 3.4445  free_energy 89.9375
step   590  lm 3.2440  free_energy 89.9286
step   600  lm 4.9090  free_energy 89.9375
step   610  lm 2.3378  free_energy 89.9375
step   620  lm 3.4097  free_energy 89.9375
step   630  lm 5.0464  free_energy 89.9375
step   640  lm 6.3575  free_energy 89.9375
step   650  lm 2.1099  free_energy 89.9286
step   660  lm 1.9331  free_energy 89.9286
step   670  lm 4.0537  free_energy 89.9375
step   680  lm 4.1592  free_energy 89.9375
step   690  lm 3.6856  free_energy 89.9375
step   700  lm 2.0239  free_energy 90.0000
step   710  lm 3.4749  free_energy 89.9286
step   720  lm 2.2660  free_energy 89.9286
step   730  lm 2.2558  free_energy 89.9286
step   740  lm 4.4463  free_energy 89.9286
step   750  lm 5.5851  free_energy 89.9375
step   760  lm 3.2446  free_energy 90.0000
step   770  lm 4.6711  free_energy 89.9375
step   780  lm 3.2456  free_energy 90.0000
step   790  lm 3.0547  free_energy 89.9375
step   800  lm 5.0117  free_energy 89.9375
step   810  lm 2.9966  free_energy 89.9286
step   820  lm 3.4017  free_energy 89.9286
step   830  lm 2.0608  free_energy 89.9286
step   840  lm 3.6136  free_energy 89.9375
step   850  lm 2.1744  free_energy 89.9286
step   860  lm 4.1666  free_energy 89.9375
step   870  lm 2.2886  free_energy 89.9375
step   880  lm 4.0191  free_energy 89.9375
step   890  lm 4.2508  free_energy 89.9375
step   900  lm 3.9548  free_energy 89.9375
step   910  lm 4.9037  free_energy 89.9286
step   920  lm 3.4204  free_energy 89.9375
step   930  lm 3.3820  free_energy 89.9375
step   940  lm 3.1248  free_energy 89.9286
step   950  lm 2.6487  free_energy 89.9375
step   960  lm 3.0631  free_energy 89.9286
step   970  lm 2.8650  free_energy 89.9286
step   980  lm 2.5541  free_energy 89.9375
step   990  lm 3.0060  free_energy 89.9375
step  1000  lm 2.7140  free_energy 89.9375
step  1010  lm 3.1534  free_energy 89.9375
step  1020  lm 3.2535  free_energy 89.9375
step  1030  lm 4.2186  free_energy 89.9286
step  1040  lm 2.9143  free_energy 89.9375
step  1050  lm 3.8616  free_energy 89.9375
step  1060  lm 3.1862  free_energy 89.9286
step  1070  lm 3.3113  free_energy 89.9375
step  1080  lm 3.1469  free_energy 89.9375
step  1090  lm 2.3805  free_energy 89.9375
step  1100  lm 2.3468  free_energy 89.9375
step  1110  lm 4.1418  free_energy 89.9286
step  1120  lm 2.6991  free_energy 89.9375
step  1130  lm 3.6368  free_energy 89.9286
step  1140  lm 4.3137  free_energy 89.9375
step  1150  lm 3.2507  free_energy 89.9286
step  1160  lm 3.9264  free_energy 89.9286
step  1170  lm 2.3314  free_energy 89.9286
step  1180  lm 4.0380  free_energy 89.9286
step  1190  lm 3.1505  free_energy 89.9375
step  1200  lm 3.6450  free_energy 89.9375
step  1210  lm 2.6158  free_energy 89.9286
step  1220  lm 3.2174  free_energy 89.9375
step  1230  lm 3.3931  free_energy 89.9286
step  1240  lm 3.2762  free_energy 89.9375
step  1250  lm 2.1371  free_energy 89.9286
step  1260  lm 3.1439  free_energy 89.9375
step  1270  lm 3.2562  free_energy 89.9286
step  1280  lm 3.1601  free_energy 89.9375
step  1290  lm 4.5696  free_energy 89.9286
step  1300  lm 3.4757  free_energy 89.9286
step  1310  lm 3.3750  free_energy 89.9375
step  1320  lm 4.0553  free_energy 89.9286
step  1330  lm 3.0985  free_energy 89.9375
step  1340  lm 4.0192  free_energy 89.9375
step  1350  lm 2.1076  free_energy 89.9286
step  1360  lm 2.8294  free_energy 89.9375
step  1370  lm 4.5012  free_energy 89.9375
step  1380  lm 2.6888  free_energy 89.9286
step  1390  lm 2.6382  free_energy 89.9375
step  1400  lm 4.5730  free_energy 89.9375
step  1410  lm 3.1665  free_energy 89.9286
step  1420  lm 3.5017  free_energy 89.9375
step  1430  lm 4.0701  free_energy 89.9375
step  1440  lm 2.2593  free_energy 89.9375
step  1450  lm 3.1380  free_energy 89.9375
step  1460  lm 2.5578  free_energy 89.9286
step  1470  lm 3.0247  free_energy 89.9286
step  1480  lm 3.2756  free_energy 89.9286
step  1490  lm 3.1359  free_energy 89.9286
saved varikv/ckpt/k64_tier2.pt
（跳过 527 个短于预算 256 的样本 —— 它们不触发驱逐，训不到记忆）
