Sliding Window Attention is enabled but not implemented for `eager`; unexpected results may be encountered.
[tier 4] evict=free_energy absorb=point 可训练参数 0.40M
训练样本 3200
训练上下文截断到 4096 token（评测用完整长度；修好 RoPE 后记忆位置无关，短训长推成立）
step     0  lm 6.4529  free_energy 1.2074  predictor 0.1065
step    10  lm 5.1827  free_energy 1.2203  predictor 0.1091
step    20  lm 5.9834  free_energy 7.3269  predictor 0.1102
step    30  lm 6.0361  free_energy 46.7475  predictor 0.1091
step    40  lm 6.1083  free_energy 33.7882  predictor 0.1098
step    50  lm 5.7448  free_energy 34.4755  predictor 0.1103
step    60  lm 4.6061  free_energy 28.7316  predictor 0.1093
step    70  lm 5.5810  free_energy 31.4172  predictor 0.1089
step    80  lm 6.3420  free_energy 34.4379  predictor 0.1090
step    90  lm 4.9020  free_energy 22.7760  predictor 0.1103
step   100  lm 4.3018  free_energy 22.7666  predictor 0.1098
step   110  lm 5.8847  free_energy 31.9171  predictor 0.1099
step   120  lm 5.2981  free_energy 39.2233  predictor 0.1103
step   130  lm 5.9045  free_energy 34.3407  predictor 0.1088
step   140  lm 5.7712  free_energy 25.5048  predictor 0.1097
step   150  lm 5.3236  free_energy 36.1248  predictor 0.1093
step   160  lm 5.3371  free_energy 29.2843  predictor 0.1082
step   170  lm 5.3713  free_energy 34.5875  predictor 0.1091
step   180  lm 3.5640  free_energy 32.2454  predictor 0.1088
step   190  lm 4.3314  free_energy 31.2272  predictor 0.1077
step   200  lm 4.9687  free_energy 30.3716  predictor 0.1073
step   210  lm 4.6160  free_energy 43.2332  predictor 0.1070
step   220  lm 3.4236  free_energy 25.7021  predictor 0.1072
step   230  lm 4.2572  free_energy 40.1799  predictor 0.1069
step   240  lm 5.6541  free_energy 37.3561  predictor 0.1058
step   250  lm 2.8209  free_energy 34.8297  predictor 0.1051
step   260  lm 2.7136  free_energy 22.5751  predictor 0.1046
step   270  lm 4.0958  free_energy 51.0688  predictor 0.1051
step   280  lm 6.3225  free_energy 40.0840  predictor 0.1029
step   290  lm 5.1339  free_energy 19.5605  predictor 0.1034
step   300  lm 5.3734  free_energy 33.7010  predictor 0.1035
step   310  lm 3.6702  free_energy 31.1403  predictor 0.1019
step   320  lm 4.6179  free_energy 51.3247  predictor 0.1007
step   330  lm 5.3447  free_energy 35.0457  predictor 0.0991
step   340  lm 5.2187  free_energy 27.2004  predictor 0.0976
step   350  lm 4.6527  free_energy 45.2990  predictor 0.0963
step   360  lm 4.9821  free_energy 40.4538  predictor 0.0920
step   370  lm 5.0258  free_energy 29.4577  predictor 0.0906
step   380  lm 6.8971  free_energy 50.9942  predictor 0.0886
step   390  lm 2.3259  free_energy 36.7165  predictor 0.0881
step   400  lm 5.0310  free_energy 41.5906  predictor 0.0845
step   410  lm 4.3933  free_energy 40.2412  predictor 0.0817
step   420  lm 3.1949  free_energy 15.1081  predictor 0.0798
step   430  lm 5.0425  free_energy 24.5941  predictor 0.0770
step   440  lm 5.0885  free_energy 34.6241  predictor 0.0717
step   450  lm 3.9745  free_energy 36.2323  predictor 0.0674
step   460  lm 3.5801  free_energy 28.4020  predictor 0.0619
step   470  lm 2.8177  free_energy 26.2094  predictor 0.0574
step   480  lm 6.0582  free_energy 26.3336  predictor 0.0499
step   490  lm 4.0023  free_energy 30.6783  predictor 0.0505
step   500  lm 3.4548  free_energy 27.6339  predictor 0.0473
step   510  lm 5.6794  free_energy 30.8459  predictor 0.0483
step   520  lm 2.3121  free_energy 29.0651  predictor 0.0478
step   530  lm 3.9545  free_energy 44.9980  predictor 0.0474
step   540  lm 4.1057  free_energy 27.1871  predictor 0.0478
step   550  lm 3.1670  free_energy 20.4065  predictor 0.0486
step   560  lm 3.7236  free_energy 21.2749  predictor 0.0480
step   570  lm 3.2824  free_energy 23.5037  predictor 0.0487
step   580  lm 3.7191  free_energy 37.2772  predictor 0.0465
step   590  lm 4.1565  free_energy 16.6954  predictor 0.0479
step   600  lm 4.6802  free_energy 30.0757  predictor 0.0468
step   610  lm 3.1752  free_energy 37.2011  predictor 0.0469
step   620  lm 3.5185  free_energy 18.3393  predictor 0.0466
step   630  lm 3.6733  free_energy 28.5459  predictor 0.0461
step   640  lm 4.6617  free_energy 13.9177  predictor 0.0463
step   650  lm 2.2652  free_energy 10.2022  predictor 0.0455
step   660  lm 3.0897  free_energy 38.7607  predictor 0.0455
step   670  lm 4.3337  free_energy 18.7040  predictor 0.0451
step   680  lm 2.4023  free_energy 21.2478  predictor 0.0451
step   690  lm 3.5122  free_energy 14.8679  predictor 0.0446
step   700  lm 3.0017  free_energy 19.1551  predictor 0.0447
step   710  lm 3.6014  free_energy 21.4305  predictor 0.0446
step   720  lm 3.6805  free_energy 16.3986  predictor 0.0450
step   730  lm 3.1627  free_energy 31.6022  predictor 0.0451
step   740  lm 4.1831  free_energy 24.5596  predictor 0.0442
step   750  lm 2.9832  free_energy 24.1881  predictor 0.0444
step   760  lm 3.2304  free_energy 14.8957  predictor 0.0453
step   770  lm 5.1465  free_energy 29.2402  predictor 0.0446
step   780  lm 3.7348  free_energy 34.2592  predictor 0.0438
step   790  lm 3.7296  free_energy 39.8423  predictor 0.0440
step   800  lm 4.1747  free_energy 22.7374  predictor 0.0441
step   810  lm 3.4232  free_energy 38.1490  predictor 0.0443
step   820  lm 2.9348  free_energy 21.1757  predictor 0.0436
step   830  lm 2.6152  free_energy 15.2995  predictor 0.0436
step   840  lm 3.3954  free_energy 25.3956  predictor 0.0436
step   850  lm 2.5432  free_energy 22.4390  predictor 0.0436
step   860  lm 3.8275  free_energy 11.0277  predictor 0.0428
step   870  lm 2.1023  free_energy 30.4012  predictor 0.0423
step   880  lm 4.4188  free_energy 31.3351  predictor 0.0435
step   890  lm 4.1778  free_energy 12.1900  predictor 0.0431
step   900  lm 4.2045  free_energy 27.9356  predictor 0.0426
step   910  lm 3.4493  free_energy 29.5523  predictor 0.0429
step   920  lm 2.1527  free_energy 24.3450  predictor 0.0430
step   930  lm 3.9017  free_energy 8.4554  predictor 0.0431
step   940  lm 3.8776  free_energy 18.3614  predictor 0.0435
step   950  lm 2.7757  free_energy 17.3138  predictor 0.0430
step   960  lm 4.0241  free_energy 8.4227  predictor 0.0430
step   970  lm 2.7773  free_energy 24.2382  predictor 0.0432
step   980  lm 2.2796  free_energy 31.1170  predictor 0.0424
step   990  lm 1.9447  free_energy 15.6771  predictor 0.0432
step  1000  lm 2.9593  free_energy 18.8019  predictor 0.0417
step  1010  lm 3.5990  free_energy 24.1522  predictor 0.0427
step  1020  lm 3.0217  free_energy 7.8963  predictor 0.0427
step  1030  lm 3.4557  free_energy 13.6421  predictor 0.0433
step  1040  lm 3.4735  free_energy 19.8418  predictor 0.0419
step  1050  lm 3.4984  free_energy 22.9467  predictor 0.0429
step  1060  lm 3.2828  free_energy 41.6705  predictor 0.0430
step  1070  lm 3.7079  free_energy 31.3432  predictor 0.0436
step  1080  lm 2.9671  free_energy 18.4095  predictor 0.0426
step  1090  lm 3.1604  free_energy 26.7154  predictor 0.0429
step  1100  lm 2.6149  free_energy 17.2787  predictor 0.0425
step  1110  lm 3.2870  free_energy 28.9708  predictor 0.0435
step  1120  lm 2.8459  free_energy 23.0158  predictor 0.0425
step  1130  lm 3.1992  free_energy 31.0367  predictor 0.0422
step  1140  lm 3.6891  free_energy 15.1939  predictor 0.0426
step  1150  lm 3.5246  free_energy 20.8843  predictor 0.0425
step  1160  lm 3.5711  free_energy 18.9286  predictor 0.0421
step  1170  lm 1.4676  free_energy 17.7546  predictor 0.0425
step  1180  lm 3.5135  free_energy 26.7479  predictor 0.0424
step  1190  lm 2.7375  free_energy 44.5276  predictor 0.0419
step  1200  lm 3.6887  free_energy 23.8869  predictor 0.0427
step  1210  lm 2.7694  free_energy 13.5565  predictor 0.0425
step  1220  lm 2.8979  free_energy 34.4407  predictor 0.0419
step  1230  lm 3.5057  free_energy 14.3637  predictor 0.0418
step  1240  lm 3.4328  free_energy 19.7600  predictor 0.0429
step  1250  lm 2.5006  free_energy 32.6788  predictor 0.0426
step  1260  lm 4.1937  free_energy 17.8166  predictor 0.0414
step  1270  lm 3.3302  free_energy 22.4286  predictor 0.0425
step  1280  lm 3.9730  free_energy 25.7532  predictor 0.0416
step  1290  lm 4.2070  free_energy 31.7416  predictor 0.0427
step  1300  lm 5.3078  free_energy 32.5975  predictor 0.0425
step  1310  lm 3.3892  free_energy 13.6918  predictor 0.0419
step  1320  lm 3.8913  free_energy 18.4926  predictor 0.0422
step  1330  lm 3.9880  free_energy 21.2477  predictor 0.0429
step  1340  lm 3.4678  free_energy 35.0058  predictor 0.0420
step  1350  lm 2.2605  free_energy 14.8865  predictor 0.0417
step  1360  lm 2.9783  free_energy 35.1124  predictor 0.0423
step  1370  lm 4.0555  free_energy 15.8235  predictor 0.0423
step  1380  lm 2.3944  free_energy 40.6588  predictor 0.0421
step  1390  lm 2.7570  free_energy 37.4025  predictor 0.0421
step  1400  lm 3.0758  free_energy 13.4607  predictor 0.0415
step  1410  lm 3.4262  free_energy 30.7251  predictor 0.0418
step  1420  lm 3.4474  free_energy 12.7007  predictor 0.0424
step  1430  lm 2.8634  free_energy 35.1733  predictor 0.0419
step  1440  lm 3.0913  free_energy 34.1240  predictor 0.0410
step  1450  lm 4.2764  free_energy 18.4228  predictor 0.0414
step  1460  lm 1.8024  free_energy 26.6583  predictor 0.0424
step  1470  lm 2.3822  free_energy 27.5658  predictor 0.0418
step  1480  lm 2.7585  free_energy 21.9332  predictor 0.0420
step  1490  lm 3.5771  free_energy 27.1892  predictor 0.0428
saved varikv/ckpt/k32_tier4.pt
（跳过 527 个短于预算 256 的样本 —— 它们不触发驱逐，训不到记忆）
