Sliding Window Attention is enabled but not implemented for `eager`; unexpected results may be encountered.
[tier 5] evict=free_energy absorb=dist 可训练参数 0.40M
训练样本 3200
训练上下文截断到 4096 token（评测用完整长度；修好 RoPE 后记忆位置无关，短训长推成立）
step     0  lm 6.5843  free_energy 2.3022  predictor 0.2017
step    10  lm 4.1888  free_energy 1.8246  predictor 0.2035
step    20  lm 5.6444  free_energy 24.2578  predictor 0.2084
step    30  lm 6.1549  free_energy 23.9864  predictor 0.2051
step    40  lm 5.5386  free_energy 17.0399  predictor 0.2047
step    50  lm 5.4313  free_energy 30.2494  predictor 0.2051
step    60  lm 6.2291  free_energy 18.1120  predictor 0.2046
step    70  lm 4.5044  free_energy 23.2447  predictor 0.2055
step    80  lm 6.2953  free_energy 21.5636  predictor 0.2046
step    90  lm 4.8287  free_energy 25.5180  predictor 0.2071
step   100  lm 4.7905  free_energy 10.2920  predictor 0.2049
step   110  lm 5.2298  free_energy 25.8105  predictor 0.2036
step   120  lm 4.7481  free_energy 24.7146  predictor 0.2042
step   130  lm 7.0787  free_energy 24.3105  predictor 0.2041
step   140  lm 4.4932  free_energy 20.8731  predictor 0.2027
step   150  lm 5.1445  free_energy 18.9144  predictor 0.2032
step   160  lm 5.0444  free_energy 29.9604  predictor 0.2037
step   170  lm 4.1100  free_energy 21.6443  predictor 0.2044
step   180  lm 2.2488  free_energy 8.4050  predictor 0.2027
step   190  lm 5.5583  free_energy 20.5070  predictor 0.2036
step   200  lm 4.4707  free_energy 27.2358  predictor 0.2013
step   210  lm 2.6501  free_energy 34.4725  predictor 0.2004
step   220  lm 3.1751  free_energy 33.1195  predictor 0.2003
step   230  lm 3.1224  free_energy 15.4032  predictor 0.1971
step   240  lm 5.3557  free_energy 32.2489  predictor 0.1956
step   250  lm 4.0012  free_energy 23.6854  predictor 0.1939
step   260  lm 3.2295  free_energy 15.7349  predictor 0.1947
step   270  lm 4.4071  free_energy 29.6795  predictor 0.1939
step   280  lm 5.3118  free_energy 27.2487  predictor 0.1917
step   290  lm 3.9183  free_energy 14.2819  predictor 0.1900
step   300  lm 3.9610  free_energy 22.6066  predictor 0.1865
step   310  lm 3.7411  free_energy 22.4041  predictor 0.1833
step   320  lm 3.3131  free_energy 23.9708  predictor 0.1779
step   330  lm 4.0243  free_energy 15.8947  predictor 0.1750
step   340  lm 4.4118  free_energy 23.4379  predictor 0.1717
step   350  lm 3.4108  free_energy 34.5180  predictor 0.1681
step   360  lm 4.5919  free_energy 24.8453  predictor 0.1627
step   370  lm 7.2186  free_energy 18.4222  predictor 0.1597
step   380  lm 6.3819  free_energy 18.4071  predictor 0.1561
step   390  lm 4.4937  free_energy 18.6014  predictor 0.1521
step   400  lm 4.9170  free_energy 23.2757  predictor 0.1435
step   410  lm 3.9834  free_energy 29.3386  predictor 0.1404
step   420  lm 3.8740  free_energy 8.9655  predictor 0.1366
step   430  lm 4.1559  free_energy 21.2783  predictor 0.1331
step   440  lm 3.9598  free_energy 29.9314  predictor 0.1205
step   450  lm 5.4702  free_energy 16.6621  predictor 0.1102
step   460  lm 2.1274  free_energy 31.5970  predictor 0.1004
step   470  lm 4.0223  free_energy 26.6394  predictor 0.0884
step   480  lm 5.8129  free_energy 33.3633  predictor 0.0690
step   490  lm 4.0909  free_energy 23.2464  predictor 0.0617
step   500  lm 5.1290  free_energy 24.0244  predictor 0.0567
step   510  lm 4.9381  free_energy 26.5238  predictor 0.0546
step   520  lm 2.7908  free_energy 23.7184  predictor 0.0531
step   530  lm 4.1299  free_energy 22.4980  predictor 0.0539
step   540  lm 4.8236  free_energy 17.1116  predictor 0.0532
step   550  lm 2.8365  free_energy 34.3674  predictor 0.0523
step   560  lm 3.9611  free_energy 19.1007  predictor 0.0543
step   570  lm 4.4164  free_energy 30.6787  predictor 0.0522
step   580  lm 3.2521  free_energy 22.3886  predictor 0.0534
step   590  lm 4.4452  free_energy 28.5567  predictor 0.0523
step   600  lm 4.1206  free_energy 19.3525  predictor 0.0550
step   610  lm 3.3323  free_energy 41.7012  predictor 0.0518
step   620  lm 3.4842  free_energy 13.8357  predictor 0.0515
step   630  lm 4.5824  free_energy 23.4089  predictor 0.0510
step   640  lm 4.8601  free_energy 10.2406  predictor 0.0512
step   650  lm 2.0219  free_energy 13.6833  predictor 0.0525
step   660  lm 3.2766  free_energy 25.7571  predictor 0.0498
step   670  lm 4.5017  free_energy 36.9516  predictor 0.0520
step   680  lm 3.1860  free_energy 23.8773  predictor 0.0536
step   690  lm 4.8456  free_energy 17.5562  predictor 0.0530
step   700  lm 2.6634  free_energy 20.7482  predictor 0.0499
step   710  lm 4.4552  free_energy 27.7732  predictor 0.0507
step   720  lm 4.0159  free_energy 26.6310  predictor 0.0494
step   730  lm 4.4274  free_energy 30.0595  predictor 0.0506
step   740  lm 3.6874  free_energy 31.1814  predictor 0.0508
step   750  lm 3.3819  free_energy 24.9400  predictor 0.0500
step   760  lm 2.6936  free_energy 19.4536  predictor 0.0509
step   770  lm 4.1127  free_energy 29.7167  predictor 0.0502
step   780  lm 3.7406  free_energy 31.7027  predictor 0.0527
step   790  lm 3.7545  free_energy 41.8705  predictor 0.0493
step   800  lm 4.8501  free_energy 35.5547  predictor 0.0503
step   810  lm 4.1962  free_energy 33.2736  predictor 0.0511
step   820  lm 2.5576  free_energy 22.2659  predictor 0.0507
step   830  lm 2.7930  free_energy 22.6920  predictor 0.0488
step   840  lm 4.5515  free_energy 25.5612  predictor 0.0500
step   850  lm 2.0878  free_energy 29.2324  predictor 0.0515
step   860  lm 3.1534  free_energy 24.9841  predictor 0.0513
step   870  lm 2.7975  free_energy 26.4257  predictor 0.0506
step   880  lm 3.8372  free_energy 25.8561  predictor 0.0517
step   890  lm 4.4384  free_energy 20.7907  predictor 0.0525
step   900  lm 3.3396  free_energy 30.6740  predictor 0.0525
step   910  lm 3.1936  free_energy 24.5571  predictor 0.0510
step   920  lm 2.3221  free_energy 37.2751  predictor 0.0524
step   930  lm 4.0146  free_energy 26.0988  predictor 0.0497
step   940  lm 2.9112  free_energy 33.3354  predictor 0.0507
step   950  lm 2.8317  free_energy 29.3057  predictor 0.0515
step   960  lm 3.7252  free_energy 15.8086  predictor 0.0503
step   970  lm 2.4240  free_energy 28.2964  predictor 0.0534
step   980  lm 3.3828  free_energy 31.5113  predictor 0.0519
step   990  lm 3.6372  free_energy 38.7273  predictor 0.0506
step  1000  lm 3.4878  free_energy 26.2585  predictor 0.0493
step  1010  lm 3.7647  free_energy 32.6018  predictor 0.0498
step  1020  lm 3.1754  free_energy 26.1142  predictor 0.0487
step  1030  lm 2.7009  free_energy 29.3124  predictor 0.0490
step  1040  lm 3.1591  free_energy 32.9808  predictor 0.0497
step  1050  lm 3.2948  free_energy 30.1070  predictor 0.0529
step  1060  lm 2.8610  free_energy 51.9339  predictor 0.0510
step  1070  lm 3.7702  free_energy 45.5671  predictor 0.0490
step  1080  lm 2.7375  free_energy 32.2149  predictor 0.0556
step  1090  lm 3.2123  free_energy 33.3211  predictor 0.0512
step  1100  lm 2.3472  free_energy 36.1957  predictor 0.0486
step  1110  lm 3.4086  free_energy 43.1699  predictor 0.0487
step  1120  lm 2.1703  free_energy 25.5996  predictor 0.0482
step  1130  lm 2.9411  free_energy 31.8398  predictor 0.0503
step  1140  lm 3.1718  free_energy 37.6152  predictor 0.0502
step  1150  lm 4.0930  free_energy 38.6076  predictor 0.0487
step  1160  lm 3.5866  free_energy 30.6204  predictor 0.0489
step  1170  lm 1.4206  free_energy 41.7444  predictor 0.0497
step  1180  lm 3.4651  free_energy 40.3504  predictor 0.0486
step  1190  lm 2.6050  free_energy 35.0505  predictor 0.0497
step  1200  lm 3.4831  free_energy 33.0553  predictor 0.0477
step  1210  lm 2.4214  free_energy 28.1101  predictor 0.0468
step  1220  lm 2.7826  free_energy 29.9494  predictor 0.0471
step  1230  lm 3.4355  free_energy 28.7281  predictor 0.0473
step  1240  lm 2.9983  free_energy 35.2487  predictor 0.0491
step  1250  lm 2.4269  free_energy 46.7758  predictor 0.0487
step  1260  lm 3.3794  free_energy 27.7313  predictor 0.0492
step  1270  lm 2.6219  free_energy 35.8107  predictor 0.0495
step  1280  lm 4.2608  free_energy 35.1549  predictor 0.0506
step  1290  lm 4.0955  free_energy 34.2175  predictor 0.0488
step  1300  lm 2.8264  free_energy 35.4257  predictor 0.0479
step  1310  lm 2.2422  free_energy 27.1812  predictor 0.0506
step  1320  lm 3.8108  free_energy 39.8481  predictor 0.0497
step  1330  lm 3.0461  free_energy 32.7791  predictor 0.0499
step  1340  lm 3.2062  free_energy 31.4667  predictor 0.0517
step  1350  lm 2.5757  free_energy 42.7205  predictor 0.0463
step  1360  lm 3.6967  free_energy 48.4861  predictor 0.0494
step  1370  lm 3.1636  free_energy 40.2230  predictor 0.0478
step  1380  lm 2.0388  free_energy 28.1638  predictor 0.0495
step  1390  lm 1.8597  free_energy 36.9132  predictor 0.0477
step  1400  lm 2.2083  free_energy 21.9013  predictor 0.0461
step  1410  lm 2.7979  free_energy 33.7158  predictor 0.0479
step  1420  lm 2.9948  free_energy 32.1754  predictor 0.0486
step  1430  lm 2.9758  free_energy 45.9799  predictor 0.0474
step  1440  lm 2.7405  free_energy 41.0288  predictor 0.0470
step  1450  lm 3.0689  free_energy 24.2615  predictor 0.0502
step  1460  lm 1.5413  free_energy 36.1707  predictor 0.0472
step  1470  lm 2.9814  free_energy 55.2361  predictor 0.0490
step  1480  lm 2.1905  free_energy 36.3735  predictor 0.0468
step  1490  lm 2.7125  free_energy 41.6916  predictor 0.0495
saved varikv/ckpt/k64_tier5.pt
（跳过 527 个短于预算 256 的样本 —— 它们不触发驱逐，训不到记忆）
