Sliding Window Attention is enabled but not implemented for `eager`; unexpected results may be encountered.
[tier 5] evict=free_energy absorb=dist 可训练参数 0.40M
训练样本 3200
训练上下文截断到 4096 token（评测用完整长度；修好 RoPE 后记忆位置无关，短训长推成立）
step     0  lm 6.9272  free_energy 2.7582  predictor 0.0971
step    10  lm 4.1799  free_energy 1.1745  predictor 0.0997
step    20  lm 6.8226  free_energy 6.3247  predictor 0.1006
step    30  lm 5.9852  free_energy 29.7713  predictor 0.0993
step    40  lm 5.1726  free_energy 26.0413  predictor 0.0992
step    50  lm 8.1187  free_energy 28.6045  predictor 0.0996
step    60  lm 5.7867  free_energy 23.0219  predictor 0.0991
step    70  lm 5.4714  free_energy 39.0978  predictor 0.0986
step    80  lm 6.2165  free_energy 20.9983  predictor 0.0989
step    90  lm 5.6465  free_energy 30.7482  predictor 0.1002
step   100  lm 4.3400  free_energy 13.8905  predictor 0.0999
step   110  lm 5.3100  free_energy 29.4560  predictor 0.1003
step   120  lm 5.2728  free_energy 15.7071  predictor 0.0992
step   130  lm 4.8882  free_energy 20.0448  predictor 0.0995
step   140  lm 5.4980  free_energy 18.2664  predictor 0.0999
step   150  lm 4.6143  free_energy 33.6242  predictor 0.0982
step   160  lm 5.6703  free_energy 29.3324  predictor 0.0988
step   170  lm 7.4705  free_energy 22.1898  predictor 0.0988
step   180  lm 3.3835  free_energy 24.3661  predictor 0.0980
step   190  lm 5.4455  free_energy 15.4418  predictor 0.1000
step   200  lm 6.0276  free_energy 25.5578  predictor 0.0971
step   210  lm 3.7634  free_energy 27.9112  predictor 0.0980
step   220  lm 4.3334  free_energy 33.0253  predictor 0.0970
step   230  lm 5.0373  free_energy 10.9053  predictor 0.0962
step   240  lm 7.2048  free_energy 34.7251  predictor 0.0949
step   250  lm 3.4195  free_energy 35.0876  predictor 0.0952
step   260  lm 3.1447  free_energy 30.1171  predictor 0.0944
step   270  lm 4.7274  free_energy 29.3246  predictor 0.0941
step   280  lm 5.6887  free_energy 29.5869  predictor 0.0921
step   290  lm 4.6495  free_energy 31.7348  predictor 0.0916
step   300  lm 4.4381  free_energy 33.9162  predictor 0.0909
step   310  lm 3.8221  free_energy 31.1343  predictor 0.0909
step   320  lm 4.1581  free_energy 19.1468  predictor 0.0890
step   330  lm 5.2167  free_energy 8.7044  predictor 0.0887
step   340  lm 5.1021  free_energy 21.1476  predictor 0.0852
step   350  lm 4.7105  free_energy 34.0715  predictor 0.0848
step   360  lm 4.4423  free_energy 44.8505  predictor 0.0816
step   370  lm 5.8822  free_energy 29.7028  predictor 0.0807
step   380  lm 5.9829  free_energy 24.8127  predictor 0.0784
step   390  lm 2.7748  free_energy 18.3739  predictor 0.0779
step   400  lm 4.8130  free_energy 28.2623  predictor 0.0737
step   410  lm 3.9251  free_energy 18.0519  predictor 0.0716
step   420  lm 4.8822  free_energy 22.0366  predictor 0.0704
step   430  lm 4.8088  free_energy 33.9842  predictor 0.0673
step   440  lm 5.2548  free_energy 35.7510  predictor 0.0613
step   450  lm 4.5431  free_energy 30.3056  predictor 0.0576
step   460  lm 2.3062  free_energy 46.7112  predictor 0.0544
step   470  lm 3.2238  free_energy 25.8267  predictor 0.0517
step   480  lm 5.2097  free_energy 27.4345  predictor 0.0503
step   490  lm 4.6276  free_energy 39.2637  predictor 0.0509
step   500  lm 4.0281  free_energy 29.4634  predictor 0.0478
step   510  lm 4.9856  free_energy 40.5005  predictor 0.0487
step   520  lm 2.5501  free_energy 29.7405  predictor 0.0496
step   530  lm 3.1251  free_energy 33.5374  predictor 0.0481
step   540  lm 5.1096  free_energy 30.1198  predictor 0.0495
step   550  lm 4.7684  free_energy 28.8272  predictor 0.0468
step   560  lm 3.6910  free_energy 31.5596  predictor 0.0489
step   570  lm 2.8097  free_energy 25.1228  predictor 0.0488
step   580  lm 4.2920  free_energy 30.2352  predictor 0.0495
step   590  lm 4.5234  free_energy 27.4692  predictor 0.0498
step   600  lm 4.1884  free_energy 30.2396  predictor 0.0481
step   610  lm 3.4941  free_energy 35.3672  predictor 0.0477
step   620  lm 4.4326  free_energy 40.2821  predictor 0.0488
step   630  lm 4.8409  free_energy 34.4319  predictor 0.0473
step   640  lm 5.1078  free_energy 30.7789  predictor 0.0475
step   650  lm 2.7680  free_energy 27.4274  predictor 0.0467
step   660  lm 2.6529  free_energy 36.5383  predictor 0.0482
step   670  lm 4.5558  free_energy 18.7801  predictor 0.0474
step   680  lm 3.2429  free_energy 33.6587  predictor 0.0476
step   690  lm 3.6271  free_energy 15.8905  predictor 0.0465
step   700  lm 1.1152  free_energy 39.6137  predictor 0.0469
step   710  lm 4.1709  free_energy 34.6120  predictor 0.0475
step   720  lm 4.0204  free_energy 35.6377  predictor 0.0480
step   730  lm 2.5034  free_energy 32.6394  predictor 0.0468
step   740  lm 2.7788  free_energy 30.9760  predictor 0.0468
step   750  lm 2.8619  free_energy 32.0986  predictor 0.0482
step   760  lm 2.4134  free_energy 32.7469  predictor 0.0478
step   770  lm 4.5631  free_energy 45.6244  predictor 0.0477
step   780  lm 3.5636  free_energy 30.0323  predictor 0.0466
step   790  lm 3.0219  free_energy 38.0463  predictor 0.0459
step   800  lm 4.5786  free_energy 39.4979  predictor 0.0486
step   810  lm 4.2406  free_energy 36.3818  predictor 0.0456
step   820  lm 3.1696  free_energy 30.0757  predictor 0.0459
step   830  lm 3.0077  free_energy 29.3183  predictor 0.0475
step   840  lm 2.7450  free_energy 31.2248  predictor 0.0469
step   850  lm 1.7414  free_energy 22.3295  predictor 0.0458
step   860  lm 2.9744  free_energy 29.1439  predictor 0.0460
step   870  lm 3.3507  free_energy 31.6333  predictor 0.0458
step   880  lm 3.9007  free_energy 30.8502  predictor 0.0466
step   890  lm 3.0565  free_energy 32.0496  predictor 0.0479
step   900  lm 2.5695  free_energy 31.5579  predictor 0.0466
step   910  lm 2.9253  free_energy 37.5991  predictor 0.0456
step   920  lm 3.1895  free_energy 40.8734  predictor 0.0477
step   930  lm 2.8328  free_energy 41.6292  predictor 0.0456
step   940  lm 1.8673  free_energy 25.4350  predictor 0.0464
step   950  lm 2.7656  free_energy 25.8206  predictor 0.0471
step   960  lm 3.3609  free_energy 42.0681  predictor 0.0474
step   970  lm 1.7847  free_energy 31.6500  predictor 0.0461
step   980  lm 3.0973  free_energy 30.8370  predictor 0.0463
step   990  lm 2.5870  free_energy 27.5832  predictor 0.0461
step  1000  lm 1.4274  free_energy 26.0352  predictor 0.0459
step  1010  lm 2.9408  free_energy 29.8916  predictor 0.0466
step  1020  lm 3.8784  free_energy 30.2424  predictor 0.0449
step  1030  lm 2.1701  free_energy 37.5459  predictor 0.0459
step  1040  lm 2.9800  free_energy 31.7379  predictor 0.0447
step  1050  lm 4.1081  free_energy 39.5761  predictor 0.0456
step  1060  lm 1.8802  free_energy 31.1006  predictor 0.0449
step  1070  lm 2.6587  free_energy 33.7045  predictor 0.0453
step  1080  lm 2.7012  free_energy 41.7445  predictor 0.0468
step  1090  lm 3.2957  free_energy 31.7715  predictor 0.0486
step  1100  lm 1.4030  free_energy 33.1894  predictor 0.0457
step  1110  lm 3.7086  free_energy 39.6720  predictor 0.0444
step  1120  lm 1.9012  free_energy 43.4205  predictor 0.0450
step  1130  lm 2.3633  free_energy 30.9848  predictor 0.0447
step  1140  lm 2.8283  free_energy 38.8783  predictor 0.0440
step  1150  lm 1.9559  free_energy 38.2824  predictor 0.0451
step  1160  lm 3.1669  free_energy 39.0372  predictor 0.0449
step  1170  lm 1.6432  free_energy 27.3700  predictor 0.0448
step  1180  lm 2.4720  free_energy 40.4416  predictor 0.0445
step  1190  lm 2.9210  free_energy 33.5892  predictor 0.0439
step  1200  lm 3.3357  free_energy 28.3137  predictor 0.0455
step  1210  lm 2.3158  free_energy 34.6404  predictor 0.0436
step  1220  lm 2.4734  free_energy 34.2678  predictor 0.0451
step  1230  lm 2.2779  free_energy 28.8280  predictor 0.0445
step  1240  lm 2.7763  free_energy 48.5356  predictor 0.0472
step  1250  lm 2.1033  free_energy 39.8702  predictor 0.0466
step  1260  lm 3.2675  free_energy 48.0511  predictor 0.0447
step  1270  lm 2.4797  free_energy 42.5731  predictor 0.0466
step  1280  lm 3.1547  free_energy 37.4118  predictor 0.0457
step  1290  lm 2.9808  free_energy 39.3973  predictor 0.0480
step  1300  lm 2.0694  free_energy 39.7919  predictor 0.0459
step  1310  lm 3.0370  free_energy 41.7134  predictor 0.0459
step  1320  lm 2.5271  free_energy 37.4526  predictor 0.0483
step  1330  lm 3.1189  free_energy 43.2017  predictor 0.0475
step  1340  lm 2.0457  free_energy 24.9023  predictor 0.0480
step  1350  lm 1.9548  free_energy 42.7107  predictor 0.0457
step  1360  lm 1.9423  free_energy 48.2031  predictor 0.0471
step  1370  lm 2.9654  free_energy 27.7671  predictor 0.0495
step  1380  lm 2.0200  free_energy 34.2250  predictor 0.0445
step  1390  lm 2.3427  free_energy 39.3001  predictor 0.0465
step  1400  lm 2.7968  free_energy 26.3263  predictor 0.0456
step  1410  lm 2.0373  free_energy 33.9983  predictor 0.0464
step  1420  lm 2.6348  free_energy 27.1010  predictor 0.0480
step  1430  lm 3.5229  free_energy 34.3872  predictor 0.0459
step  1440  lm 1.9231  free_energy 35.1350  predictor 0.0451
step  1450  lm 3.0613  free_energy 54.1394  predictor 0.0482
step  1460  lm 2.1890  free_energy 35.9143  predictor 0.0448
step  1470  lm 2.0260  free_energy 34.4741  predictor 0.0470
step  1480  lm 2.3021  free_energy 28.2944  predictor 0.0463
step  1490  lm 2.3241  free_energy 33.5879  predictor 0.0471
saved varikv/ckpt/k4_tier5.pt
（跳过 527 个短于预算 256 的样本 —— 它们不触发驱逐，训不到记忆）
