Sliding Window Attention is enabled but not implemented for `eager`; unexpected results may be encountered.
[tier 2] evict=recency absorb=point 可训练参数 0.33M
训练样本 3200
训练上下文截断到 4096 token（评测用完整长度；修好 RoPE 后记忆位置无关，短训长推成立）
step     0  lm 6.4833  free_energy 89.9375
step    10  lm 5.2923  free_energy 89.9286
step    20  lm 5.5626  free_energy 89.9375
step    30  lm 4.6607  free_energy 89.9375
step    40  lm 5.7146  free_energy 89.9375
step    50  lm 6.0963  free_energy 89.9375
step    60  lm 4.6252  free_energy 89.9286
step    70  lm 4.0267  free_energy 89.9375
step    80  lm 5.8924  free_energy 89.8571
step    90  lm 3.9665  free_energy 89.9375
step   100  lm 3.9526  free_energy 89.9286
step   110  lm 4.3712  free_energy 89.9375
step   120  lm 4.3723  free_energy 89.9375
step   130  lm 6.1669  free_energy 89.9375
step   140  lm 5.5754  free_energy 89.9375
step   150  lm 4.6643  free_energy 89.9375
step   160  lm 5.3246  free_energy 89.9375
step   170  lm 6.6592  free_energy 89.9375
step   180  lm 2.9987  free_energy 89.9375
step   190  lm 4.7906  free_energy 89.9375
step   200  lm 4.7926  free_energy 89.9375
step   210  lm 3.7085  free_energy 89.9375
step   220  lm 3.1274  free_energy 89.9286
step   230  lm 3.0156  free_energy 89.9286
step   240  lm 5.6200  free_energy 89.9375
step   250  lm 4.4473  free_energy 89.9286
step   260  lm 2.8497  free_energy 89.9286
step   270  lm 3.9931  free_energy 89.9375
step   280  lm 6.2774  free_energy 89.8750
step   290  lm 4.8166  free_energy 89.9375
step   300  lm 4.8338  free_energy 89.9375
step   310  lm 3.5506  free_energy 89.9286
step   320  lm 4.2757  free_energy 89.8750
step   330  lm 3.8124  free_energy 89.9286
step   340  lm 4.8194  free_energy 89.9286
step   350  lm 4.0901  free_energy 89.9375
step   360  lm 4.4151  free_energy 89.9286
step   370  lm 7.0508  free_energy 89.9375
step   380  lm 5.1034  free_energy 89.9375
step   390  lm 3.5556  free_energy 89.9286
step   400  lm 4.8671  free_energy 89.9286
step   410  lm 4.0996  free_energy 89.9375
step   420  lm 3.1812  free_energy 89.9286
step   430  lm 4.7896  free_energy 89.9375
step   440  lm 4.2037  free_energy 89.9375
step   450  lm 4.7178  free_energy 89.9286
step   460  lm 3.8895  free_energy 89.9375
step   470  lm 3.0826  free_energy 89.9286
step   480  lm 5.0176  free_energy 89.9375
step   490  lm 3.4920  free_energy 89.9286
step   500  lm 3.6098  free_energy 89.9375
step   510  lm 5.8754  free_energy 89.9375
step   520  lm 2.6771  free_energy 89.9375
step   530  lm 3.9520  free_energy 89.9375
step   540  lm 3.4187  free_energy 89.9375
step   550  lm 3.4721  free_energy 89.9286
step   560  lm 3.9120  free_energy 89.9375
step   570  lm 3.2268  free_energy 89.9286
step   580  lm 3.4314  free_energy 89.9375
step   590  lm 2.7975  free_energy 89.9286
step   600  lm 4.4254  free_energy 89.9375
step   610  lm 2.4355  free_energy 89.9375
step   620  lm 3.4721  free_energy 89.9375
step   630  lm 4.6062  free_energy 89.9375
step   640  lm 4.9178  free_energy 89.9375
step   650  lm 1.8549  free_energy 89.9286
step   660  lm 2.1784  free_energy 89.9286
step   670  lm 3.4985  free_energy 89.9375
step   680  lm 4.0954  free_energy 89.8750
step   690  lm 3.2627  free_energy 89.8750
step   700  lm 1.8013  free_energy 89.9375
step   710  lm 3.2121  free_energy 89.8571
step   720  lm 2.4010  free_energy 89.9286
step   730  lm 1.9420  free_energy 89.9286
step   740  lm 3.8921  free_energy 89.9286
step   750  lm 2.3204  free_energy 89.9375
step   760  lm 2.9524  free_energy 89.9375
step   770  lm 5.3940  free_energy 89.9375
step   780  lm 2.6820  free_energy 89.9375
step   790  lm 3.5568  free_energy 89.9375
step   800  lm 3.8580  free_energy 89.9375
step   810  lm 2.7356  free_energy 89.9286
step   820  lm 2.4405  free_energy 89.9286
step   830  lm 2.5376  free_energy 89.9286
step   840  lm 4.0828  free_energy 89.9375
step   850  lm 1.9820  free_energy 89.9286
step   860  lm 4.2844  free_energy 89.9375
step   870  lm 2.9975  free_energy 89.9375
step   880  lm 4.1462  free_energy 89.9375
step   890  lm 3.3663  free_energy 89.8750
step   900  lm 4.4117  free_energy 89.8750
step   910  lm 3.5955  free_energy 89.9286
step   920  lm 2.5661  free_energy 89.9375
step   930  lm 3.5606  free_energy 89.9375
step   940  lm 2.9633  free_energy 89.9286
step   950  lm 2.5344  free_energy 89.9375
step   960  lm 3.1788  free_energy 89.9286
step   970  lm 2.7979  free_energy 89.9286
step   980  lm 2.1085  free_energy 89.8750
step   990  lm 2.3385  free_energy 89.9375
step  1000  lm 2.5509  free_energy 89.9375
step  1010  lm 3.0715  free_energy 89.9375
step  1020  lm 2.9587  free_energy 89.9375
step  1030  lm 2.9326  free_energy 89.8571
step  1040  lm 2.8609  free_energy 89.9375
step  1050  lm 3.1945  free_energy 89.9375
step  1060  lm 2.7004  free_energy 89.9286
step  1070  lm 3.0507  free_energy 89.9375
step  1080  lm 2.5051  free_energy 89.9375
step  1090  lm 2.8237  free_energy 89.9375
step  1100  lm 1.9465  free_energy 89.9375
step  1110  lm 3.1806  free_energy 89.9286
step  1120  lm 2.0472  free_energy 89.8750
step  1130  lm 2.7376  free_energy 89.9286
step  1140  lm 2.7891  free_energy 89.9375
step  1150  lm 2.7809  free_energy 89.9286
step  1160  lm 3.8340  free_energy 89.9286
step  1170  lm 2.0227  free_energy 89.9286
step  1180  lm 3.7942  free_energy 89.9286
step  1190  lm 3.3804  free_energy 89.8750
step  1200  lm 3.2563  free_energy 89.9375
step  1210  lm 2.3974  free_energy 89.8571
step  1220  lm 3.0223  free_energy 89.8750
step  1230  lm 2.1462  free_energy 89.8571
step  1240  lm 3.0996  free_energy 89.8750
step  1250  lm 2.7619  free_energy 89.9286
step  1260  lm 3.3238  free_energy 89.8750
step  1270  lm 2.4888  free_energy 89.9286
step  1280  lm 1.9983  free_energy 89.9375
step  1290  lm 4.2726  free_energy 89.9286
step  1300  lm 3.4105  free_energy 89.8571
step  1310  lm 3.3972  free_energy 89.8750
step  1320  lm 3.5685  free_energy 89.8571
step  1330  lm 2.8306  free_energy 89.8750
step  1340  lm 3.5867  free_energy 89.8750
step  1350  lm 2.3344  free_energy 89.8571
step  1360  lm 2.4573  free_energy 89.8750
step  1370  lm 3.3463  free_energy 89.8750
step  1380  lm 2.0518  free_energy 89.8571
step  1390  lm 2.0073  free_energy 89.8750
step  1400  lm 3.7708  free_energy 89.8750
step  1410  lm 3.2696  free_energy 89.9286
step  1420  lm 2.8582  free_energy 89.8750
step  1430  lm 3.4182  free_energy 89.8750
step  1440  lm 2.3730  free_energy 89.9375
step  1450  lm 2.9435  free_energy 89.8750
step  1460  lm 1.9097  free_energy 89.8571
step  1470  lm 3.3107  free_energy 89.9286
step  1480  lm 2.9251  free_energy 90.0000
step  1490  lm 2.9934  free_energy 90.0000
saved varikv/ckpt/k32_tier2.pt
（跳过 527 个短于预算 256 的样本 —— 它们不触发驱逐，训不到记忆）
