Sliding Window Attention is enabled but not implemented for `eager`; unexpected results may be encountered.
[tier 4] evict=free_energy absorb=point 可训练参数 0.40M
训练样本 3200
训练上下文截断到 4096 token（评测用完整长度；修好 RoPE 后记忆位置无关，短训长推成立）
step     0  lm 6.1506  free_energy 1.3783  predictor 0.3544
step    10  lm 4.4627  free_energy 0.4526  predictor 0.3557
step    20  lm 6.4072  free_energy 3.4313  predictor 0.3542
step    30  lm 5.0024  free_energy 52.6632  predictor 0.3553
step    40  lm 5.5742  free_energy 44.0784  predictor 0.3553
step    50  lm 8.4848  free_energy 39.4183  predictor 0.3552
step    60  lm 5.7698  free_energy 28.8624  predictor 0.3553
step    70  lm 5.2148  free_energy 41.3899  predictor 0.3547
step    80  lm 6.9519  free_energy 53.8251  predictor 0.3553
step    90  lm 5.3360  free_energy 47.1463  predictor 0.3553
step   100  lm 5.3017  free_energy 31.0971  predictor 0.3553
step   110  lm 5.6082  free_energy 63.9966  predictor 0.3549
step   120  lm 5.2084  free_energy 42.9534  predictor 0.3544
step   130  lm 6.0491  free_energy 34.4902  predictor 0.3540
step   140  lm 5.8280  free_energy 47.7070  predictor 0.3539
step   150  lm 4.7437  free_energy 35.5215  predictor 0.3530
step   160  lm 4.6402  free_energy 57.3771  predictor 0.3532
step   170  lm 8.4588  free_energy 34.9281  predictor 0.3523
step   180  lm 3.3519  free_energy 38.1757  predictor 0.3525
step   190  lm 6.7105  free_energy 40.0409  predictor 0.3527
step   200  lm 5.1319  free_energy 51.8874  predictor 0.3509
step   210  lm 4.3930  free_energy 46.6314  predictor 0.3508
step   220  lm 3.6919  free_energy 65.4098  predictor 0.3501
step   230  lm 5.3817  free_energy 47.1666  predictor 0.3491
step   240  lm 6.5142  free_energy 47.7687  predictor 0.3469
step   250  lm 3.3919  free_energy 37.0415  predictor 0.3462
step   260  lm 3.3290  free_energy 48.4021  predictor 0.3452
step   270  lm 7.4408  free_energy 40.4639  predictor 0.3451
step   280  lm 5.5280  free_energy 34.6901  predictor 0.3416
step   290  lm 6.7545  free_energy 23.3095  predictor 0.3415
step   300  lm 4.4594  free_energy 45.3828  predictor 0.3397
step   310  lm 4.4578  free_energy 24.2321  predictor 0.3384
step   320  lm 4.8497  free_energy 45.1079  predictor 0.3350
step   330  lm 5.3715  free_energy 41.7568  predictor 0.3315
step   340  lm 5.0082  free_energy 46.4238  predictor 0.3278
step   350  lm 4.7672  free_energy 45.0977  predictor 0.3243
step   360  lm 4.5789  free_energy 55.0261  predictor 0.3180
step   370  lm 6.0548  free_energy 42.0159  predictor 0.3147
step   380  lm 5.7699  free_energy 45.0503  predictor 0.3108
step   390  lm 4.4103  free_energy 31.1603  predictor 0.3082
step   400  lm 7.4716  free_energy 53.9370  predictor 0.2998
step   410  lm 4.7189  free_energy 40.0906  predictor 0.2952
step   420  lm 5.2243  free_energy 50.5631  predictor 0.2918
step   430  lm 5.0797  free_energy 31.1863  predictor 0.2876
step   440  lm 4.7696  free_energy 46.2864  predictor 0.2789
step   450  lm 4.4712  free_energy 49.5147  predictor 0.2742
step   460  lm 4.4107  free_energy 42.6116  predictor 0.2709
step   470  lm 4.6307  free_energy 51.9654  predictor 0.2671
step   480  lm 6.7175  free_energy 56.1381  predictor 0.2578
step   490  lm 4.6274  free_energy 47.3286  predictor 0.2534
step   500  lm 4.1621  free_energy 34.5652  predictor 0.2478
step   510  lm 6.1837  free_energy 38.4207  predictor 0.2420
step   520  lm 3.4016  free_energy 56.5463  predictor 0.2206
step   530  lm 3.6071  free_energy 63.1677  predictor 0.2081
step   540  lm 4.9720  free_energy 41.0977  predictor 0.1966
step   550  lm 3.7764  free_energy 52.0991  predictor 0.1844
step   560  lm 3.9931  free_energy 37.3061  predictor 0.1600
step   570  lm 3.0200  free_energy 60.4210  predictor 0.1487
step   580  lm 4.7091  free_energy 45.8919  predictor 0.1363
step   590  lm 3.7871  free_energy 39.2225  predictor 0.1260
step   600  lm 4.3576  free_energy 47.7356  predictor 0.1086
step   610  lm 3.8829  free_energy 28.8876  predictor 0.1019
step   620  lm 5.5491  free_energy 48.5667  predictor 0.0962
step   630  lm 4.4505  free_energy 51.2084  predictor 0.0911
step   640  lm 4.4680  free_energy 53.8658  predictor 0.0804
step   650  lm 2.7321  free_energy 41.5022  predictor 0.0747
step   660  lm 3.7310  free_energy 42.8272  predictor 0.0676
step   670  lm 4.0493  free_energy 37.6371  predictor 0.0620
step   680  lm 2.2433  free_energy 56.8209  predictor 0.0528
step   690  lm 3.3366  free_energy 50.2719  predictor 0.0488
step   700  lm 3.0405  free_energy 44.3734  predictor 0.0479
step   710  lm 4.1878  free_energy 39.7772  predictor 0.0479
step   720  lm 3.1672  free_energy 48.5536  predictor 0.0469
step   730  lm 4.8706  free_energy 53.8394  predictor 0.0468
step   740  lm 4.0834  free_energy 36.6475  predictor 0.0471
step   750  lm 3.3100  free_energy 59.2867  predictor 0.0469
step   760  lm 2.8555  free_energy 38.3395  predictor 0.0480
step   770  lm 5.0898  free_energy 35.8265  predictor 0.0473
step   780  lm 3.5344  free_energy 34.5050  predictor 0.0465
step   790  lm 4.3781  free_energy 45.7463  predictor 0.0461
step   800  lm 4.7356  free_energy 40.3953  predictor 0.0472
step   810  lm 4.1631  free_energy 35.8009  predictor 0.0466
step   820  lm 3.5424  free_energy 47.6939  predictor 0.0458
step   830  lm 3.0327  free_energy 40.7757  predictor 0.0464
step   840  lm 3.4878  free_energy 37.4101  predictor 0.0453
step   850  lm 2.7088  free_energy 35.4409  predictor 0.0462
step   860  lm 3.2837  free_energy 53.0304  predictor 0.0451
step   870  lm 5.0732  free_energy 29.9925  predictor 0.0451
step   880  lm 4.7655  free_energy 37.2383  predictor 0.0456
step   890  lm 4.5579  free_energy 41.9327  predictor 0.0449
step   900  lm 4.6702  free_energy 45.3403  predictor 0.0448
step   910  lm 3.2984  free_energy 56.5945  predictor 0.0448
step   920  lm 2.9190  free_energy 51.0814  predictor 0.0453
step   930  lm 4.5469  free_energy 31.8913  predictor 0.0441
step   940  lm 2.7907  free_energy 31.5506  predictor 0.0449
step   950  lm 2.9233  free_energy 44.9192  predictor 0.0447
step   960  lm 5.0886  free_energy 48.5158  predictor 0.0445
step   970  lm 3.4935  free_energy 38.4745  predictor 0.0445
step   980  lm 3.9120  free_energy 48.8391  predictor 0.0444
step   990  lm 3.3654  free_energy 44.3830  predictor 0.0443
step  1000  lm 4.1934  free_energy 47.2572  predictor 0.0444
step  1010  lm 3.2287  free_energy 53.3943  predictor 0.0445
step  1020  lm 4.7206  free_energy 37.7108  predictor 0.0446
step  1030  lm 4.2706  free_energy 47.8200  predictor 0.0446
step  1040  lm 3.6876  free_energy 55.2001  predictor 0.0441
step  1050  lm 5.3837  free_energy 49.9922  predictor 0.0444
step  1060  lm 2.4190  free_energy 16.5961  predictor 0.0450
step  1070  lm 3.4846  free_energy 36.6184  predictor 0.0444
step  1080  lm 3.4937  free_energy 52.4905  predictor 0.0439
step  1090  lm 3.1054  free_energy 58.6330  predictor 0.0447
step  1100  lm 2.8904  free_energy 44.3374  predictor 0.0442
step  1110  lm 4.4216  free_energy 49.2949  predictor 0.0450
step  1120  lm 5.1936  free_energy 29.8316  predictor 0.0442
step  1130  lm 2.9013  free_energy 55.6373  predictor 0.0447
step  1140  lm 2.9251  free_energy 50.0787  predictor 0.0443
step  1150  lm 3.3901  free_energy 40.6322  predictor 0.0446
step  1160  lm 4.8674  free_energy 26.2868  predictor 0.0446
step  1170  lm 2.8689  free_energy 40.4867  predictor 0.0448
step  1180  lm 3.9916  free_energy 51.2986  predictor 0.0451
step  1190  lm 4.0928  free_energy 38.1958  predictor 0.0440
step  1200  lm 3.4911  free_energy 44.7224  predictor 0.0446
step  1210  lm 3.3922  free_energy 54.3107  predictor 0.0444
step  1220  lm 2.9121  free_energy 46.0759  predictor 0.0442
step  1230  lm 2.8508  free_energy 47.9871  predictor 0.0446
step  1240  lm 3.6892  free_energy 31.9238  predictor 0.0444
step  1250  lm 3.0600  free_energy 52.7704  predictor 0.0439
step  1260  lm 5.0513  free_energy 54.2194  predictor 0.0440
step  1270  lm 3.0546  free_energy 34.7210  predictor 0.0443
step  1280  lm 3.7829  free_energy 54.3960  predictor 0.0440
step  1290  lm 4.7840  free_energy 48.3656  predictor 0.0454
step  1300  lm 4.0517  free_energy 31.6546  predictor 0.0446
step  1310  lm 2.6774  free_energy 44.3935  predictor 0.0443
step  1320  lm 3.3614  free_energy 50.8307  predictor 0.0451
step  1330  lm 4.6571  free_energy 27.3873  predictor 0.0452
step  1340  lm 5.2819  free_energy 46.7319  predictor 0.0438
step  1350  lm 2.8297  free_energy 35.3579  predictor 0.0441
step  1360  lm 3.1669  free_energy 46.2588  predictor 0.0436
step  1370  lm 3.9344  free_energy 39.3689  predictor 0.0442
step  1380  lm 3.4763  free_energy 60.7549  predictor 0.0440
step  1390  lm 2.8933  free_energy 42.0593  predictor 0.0436
step  1400  lm 4.0188  free_energy 32.5153  predictor 0.0435
step  1410  lm 3.9364  free_energy 34.8740  predictor 0.0443
step  1420  lm 4.2737  free_energy 31.3960  predictor 0.0439
step  1430  lm 3.6951  free_energy 58.4288  predictor 0.0433
step  1440  lm 2.6123  free_energy 51.7716  predictor 0.0431
step  1450  lm 3.9045  free_energy 52.2921  predictor 0.0433
step  1460  lm 3.7063  free_energy 55.4617  predictor 0.0436
step  1470  lm 2.9648  free_energy 25.0115  predictor 0.0437
step  1480  lm 2.6086  free_energy 32.5857  predictor 0.0439
step  1490  lm 3.6589  free_energy 38.3274  predictor 0.0449
saved varikv/ckpt/k8_tier4.pt
（跳过 527 个短于预算 256 的样本 —— 它们不触发驱逐，训不到记忆）
