Sliding Window Attention is enabled but not implemented for `eager`; unexpected results may be encountered.
[tier 5] evict=free_energy absorb=dist 可训练参数 0.40M
训练样本 3200
训练上下文截断到 4096 token（评测用完整长度；修好 RoPE 后记忆位置无关，短训长推成立）
step     0  lm 5.5069  free_energy 2.0893  predictor 0.3570
step    10  lm 4.2632  free_energy 1.3095  predictor 0.3586
step    20  lm 6.2921  free_energy 7.1126  predictor 0.3579
step    30  lm 5.5426  free_energy 47.6580  predictor 0.3604
step    40  lm 5.0686  free_energy 45.6070  predictor 0.3600
step    50  lm 8.0942  free_energy 46.4319  predictor 0.3593
step    60  lm 6.2171  free_energy 36.2750  predictor 0.3589
step    70  lm 5.4913  free_energy 36.2538  predictor 0.3587
step    80  lm 5.9948  free_energy 47.6640  predictor 0.3597
step    90  lm 4.6773  free_energy 52.2891  predictor 0.3594
step   100  lm 5.0731  free_energy 38.7868  predictor 0.3585
step   110  lm 5.9429  free_energy 58.8226  predictor 0.3586
step   120  lm 5.3655  free_energy 39.0412  predictor 0.3588
step   130  lm 5.9304  free_energy 30.5419  predictor 0.3578
step   140  lm 5.2743  free_energy 43.2671  predictor 0.3589
step   150  lm 4.5506  free_energy 36.3758  predictor 0.3576
step   160  lm 5.3860  free_energy 47.2499  predictor 0.3590
step   170  lm 7.1660  free_energy 41.6841  predictor 0.3562
step   180  lm 3.3670  free_energy 33.2835  predictor 0.3574
step   190  lm 6.3068  free_energy 43.9160  predictor 0.3591
step   200  lm 5.7239  free_energy 52.8472  predictor 0.3552
step   210  lm 4.1912  free_energy 48.1448  predictor 0.3551
step   220  lm 3.5517  free_energy 52.7005  predictor 0.3542
step   230  lm 5.1347  free_energy 54.5055  predictor 0.3532
step   240  lm 6.5764  free_energy 60.9743  predictor 0.3503
step   250  lm 2.5832  free_energy 37.7695  predictor 0.3501
step   260  lm 3.1312  free_energy 42.5348  predictor 0.3483
step   270  lm 6.7783  free_energy 35.5208  predictor 0.3480
step   280  lm 5.2769  free_energy 41.6056  predictor 0.3448
step   290  lm 6.0412  free_energy 22.5913  predictor 0.3448
step   300  lm 4.5830  free_energy 45.3214  predictor 0.3428
step   310  lm 3.8465  free_energy 31.7021  predictor 0.3426
step   320  lm 4.6255  free_energy 39.8073  predictor 0.3392
step   330  lm 5.2291  free_energy 42.6673  predictor 0.3347
step   340  lm 4.1806  free_energy 47.6992  predictor 0.3291
step   350  lm 4.6395  free_energy 46.4518  predictor 0.3268
step   360  lm 3.7091  free_energy 48.9194  predictor 0.3187
step   370  lm 4.9548  free_energy 51.8056  predictor 0.3157
step   380  lm 5.9597  free_energy 45.5475  predictor 0.3124
step   390  lm 4.1512  free_energy 31.6721  predictor 0.3108
step   400  lm 5.4187  free_energy 54.6739  predictor 0.3027
step   410  lm 3.8617  free_energy 40.8921  predictor 0.3002
step   420  lm 4.8052  free_energy 43.7503  predictor 0.2993
step   430  lm 4.3261  free_energy 21.5073  predictor 0.2971
step   440  lm 3.8602  free_energy 37.9674  predictor 0.2944
step   450  lm 3.0041  free_energy 43.7355  predictor 0.2942
step   460  lm 4.3795  free_energy 43.0144  predictor 0.2944
step   470  lm 3.8179  free_energy 45.8938  predictor 0.2921
step   480  lm 5.4740  free_energy 45.7486  predictor 0.2879
step   490  lm 4.7787  free_energy 34.5727  predictor 0.2827
step   500  lm 3.6992  free_energy 47.1548  predictor 0.2808
step   510  lm 5.6775  free_energy 49.5300  predictor 0.2763
step   520  lm 2.3697  free_energy 45.6228  predictor 0.2676
step   530  lm 3.1576  free_energy 52.1328  predictor 0.2616
step   540  lm 4.3266  free_energy 42.0001  predictor 0.2504
step   550  lm 4.0582  free_energy 52.8402  predictor 0.2396
step   560  lm 4.0000  free_energy 34.3557  predictor 0.2149
step   570  lm 2.4161  free_energy 55.6837  predictor 0.2028
step   580  lm 3.3534  free_energy 54.7636  predictor 0.1892
step   590  lm 4.0327  free_energy 39.9161  predictor 0.1759
step   600  lm 4.4050  free_energy 48.2994  predictor 0.1479
step   610  lm 3.7118  free_energy 29.7935  predictor 0.1376
step   620  lm 3.5602  free_energy 47.9681  predictor 0.1275
step   630  lm 3.8568  free_energy 52.3019  predictor 0.1201
step   640  lm 4.4453  free_energy 54.8062  predictor 0.1113
step   650  lm 2.8232  free_energy 43.5672  predictor 0.1073
step   660  lm 4.3190  free_energy 46.3473  predictor 0.1038
step   670  lm 4.2070  free_energy 39.8889  predictor 0.1031
step   680  lm 2.9715  free_energy 57.6891  predictor 0.0975
step   690  lm 4.4843  free_energy 44.3424  predictor 0.0940
step   700  lm 3.1787  free_energy 44.1242  predictor 0.0924
step   710  lm 4.2389  free_energy 49.1356  predictor 0.0909
step   720  lm 3.3621  free_energy 47.1769  predictor 0.0863
step   730  lm 3.6662  free_energy 45.7946  predictor 0.0845
step   740  lm 4.3410  free_energy 44.8335  predictor 0.0829
step   750  lm 4.8019  free_energy 53.8019  predictor 0.0817
step   760  lm 2.9552  free_energy 51.7005  predictor 0.0805
step   770  lm 5.1752  free_energy 30.0137  predictor 0.0787
step   780  lm 6.1547  free_energy 47.1685  predictor 0.0768
step   790  lm 4.5409  free_energy 49.2156  predictor 0.0753
step   800  lm 5.0984  free_energy 28.5347  predictor 0.0754
step   810  lm 4.3461  free_energy 37.4058  predictor 0.0730
step   820  lm 3.4700  free_energy 38.1573  predictor 0.0732
step   830  lm 1.9138  free_energy 43.8049  predictor 0.0728
step   840  lm 3.3707  free_energy 48.5844  predictor 0.0705
step   850  lm 4.5581  free_energy 36.2428  predictor 0.0700
step   860  lm 2.9694  free_energy 53.0415  predictor 0.0699
step   870  lm 4.0667  free_energy 36.7544  predictor 0.0670
step   880  lm 5.0927  free_energy 54.7727  predictor 0.0648
step   890  lm 5.3518  free_energy 36.9871  predictor 0.0640
step   900  lm 5.6230  free_energy 63.4560  predictor 0.0630
step   910  lm 4.6452  free_energy 54.9919  predictor 0.0602
step   920  lm 3.0260  free_energy 46.2424  predictor 0.0570
step   930  lm 4.2616  free_energy 49.8493  predictor 0.0571
step   940  lm 3.7107  free_energy 32.0755  predictor 0.0543
step   950  lm 2.8782  free_energy 40.1456  predictor 0.0572
step   960  lm 4.4840  free_energy 48.9548  predictor 0.0501
step   970  lm 3.4005  free_energy 45.5615  predictor 0.0512
step   980  lm 3.1318  free_energy 38.9538  predictor 0.0512
step   990  lm 2.1881  free_energy 49.8838  predictor 0.0498
step  1000  lm 3.6462  free_energy 47.8624  predictor 0.0490
step  1010  lm 2.2922  free_energy 59.8924  predictor 0.0501
step  1020  lm 3.9447  free_energy 37.7712  predictor 0.0489
step  1030  lm 3.1206  free_energy 54.5345  predictor 0.0489
step  1040  lm 3.2717  free_energy 50.3806  predictor 0.0498
step  1050  lm 4.2585  free_energy 54.7149  predictor 0.0503
step  1060  lm 2.0869  free_energy 18.9258  predictor 0.0492
step  1070  lm 3.3145  free_energy 45.5130  predictor 0.0495
step  1080  lm 3.3668  free_energy 47.2400  predictor 0.0485
step  1090  lm 2.2521  free_energy 47.2592  predictor 0.0508
step  1100  lm 2.2404  free_energy 50.8766  predictor 0.0497
step  1110  lm 3.0245  free_energy 49.8137  predictor 0.0481
step  1120  lm 2.7682  free_energy 33.1309  predictor 0.0473
step  1130  lm 2.4562  free_energy 43.0077  predictor 0.0496
step  1140  lm 2.9499  free_energy 48.8766  predictor 0.0492
step  1150  lm 3.4359  free_energy 48.1121  predictor 0.0489
step  1160  lm 3.1063  free_energy 50.6072  predictor 0.0474
step  1170  lm 1.2844  free_energy 41.0576  predictor 0.0475
step  1180  lm 3.8025  free_energy 51.9095  predictor 0.0478
step  1190  lm 2.4184  free_energy 38.4482  predictor 0.0481
step  1200  lm 2.0109  free_energy 40.3047  predictor 0.0493
step  1210  lm 2.9435  free_energy 54.5029  predictor 0.0468
step  1220  lm 2.6272  free_energy 58.6939  predictor 0.0477
step  1230  lm 2.7394  free_energy 42.4927  predictor 0.0469
step  1240  lm 2.8811  free_energy 30.5903  predictor 0.0488
step  1250  lm 2.1167  free_energy 46.5762  predictor 0.0476
step  1260  lm 4.4597  free_energy 38.3088  predictor 0.0482
step  1270  lm 2.6965  free_energy 35.7451  predictor 0.0476
step  1280  lm 3.3904  free_energy 49.1248  predictor 0.0484
step  1290  lm 4.7581  free_energy 36.3602  predictor 0.0503
step  1300  lm 3.9286  free_energy 44.5009  predictor 0.0468
step  1310  lm 2.9764  free_energy 49.5643  predictor 0.0488
step  1320  lm 3.6131  free_energy 53.2258  predictor 0.0485
step  1330  lm 3.2079  free_energy 41.3892  predictor 0.0494
step  1340  lm 4.0656  free_energy 42.7141  predictor 0.0478
step  1350  lm 1.4990  free_energy 42.4764  predictor 0.0464
step  1360  lm 2.4160  free_energy 55.1362  predictor 0.0476
step  1370  lm 3.1297  free_energy 34.8857  predictor 0.0495
step  1380  lm 1.5836  free_energy 47.8614  predictor 0.0485
step  1390  lm 2.1459  free_energy 42.1688  predictor 0.0480
step  1400  lm 2.5047  free_energy 38.7506  predictor 0.0477
step  1410  lm 3.4219  free_energy 42.1107  predictor 0.0463
step  1420  lm 3.4164  free_energy 41.8036  predictor 0.0500
step  1430  lm 2.4100  free_energy 51.7762  predictor 0.0494
step  1440  lm 1.9113  free_energy 51.4365  predictor 0.0464
step  1450  lm 4.3275  free_energy 38.1504  predictor 0.0479
step  1460  lm 1.6973  free_energy 46.5852  predictor 0.0475
step  1470  lm 2.7427  free_energy 47.9173  predictor 0.0483
step  1480  lm 2.4334  free_energy 34.9519  predictor 0.0481
step  1490  lm 2.7463  free_energy 47.9188  predictor 0.0483
saved varikv/ckpt/k8_tier5.pt
（跳过 527 个短于预算 256 的样本 —— 它们不触发驱逐，训不到记忆）
