Sliding Window Attention is enabled but not implemented for `eager`; unexpected results may be encountered.
[tier 4] evict=free_energy absorb=point 可训练参数 0.40M
训练样本 3200
训练上下文截断到 4096 token（评测用完整长度；修好 RoPE 后记忆位置无关，短训长推成立）
step     0  lm 6.2759  free_energy 1.3029  predictor 0.0949
step    10  lm 4.5578  free_energy 0.6933  predictor 0.0974
step    20  lm 6.6957  free_energy 3.0145  predictor 0.0964
step    30  lm 6.4131  free_energy 34.9254  predictor 0.0972
step    40  lm 4.7997  free_energy 25.2278  predictor 0.0964
step    50  lm 7.4972  free_energy 28.2483  predictor 0.0955
step    60  lm 5.8432  free_energy 22.2603  predictor 0.0963
step    70  lm 5.0653  free_energy 38.0556  predictor 0.0959
step    80  lm 6.5203  free_energy 20.3451  predictor 0.0961
step    90  lm 5.4508  free_energy 30.0964  predictor 0.0967
step   100  lm 4.0661  free_energy 13.0498  predictor 0.0967
step   110  lm 5.3257  free_energy 23.0833  predictor 0.0962
step   120  lm 5.3324  free_energy 14.6075  predictor 0.0967
step   130  lm 4.9748  free_energy 18.3433  predictor 0.0958
step   140  lm 5.2533  free_energy 17.6726  predictor 0.0963
step   150  lm 4.7041  free_energy 38.8112  predictor 0.0951
step   160  lm 5.5216  free_energy 28.6615  predictor 0.0956
step   170  lm 8.5526  free_energy 15.5474  predictor 0.0955
step   180  lm 3.1717  free_energy 23.7339  predictor 0.0953
step   190  lm 4.9657  free_energy 14.3834  predictor 0.0952
step   200  lm 5.9042  free_energy 24.5592  predictor 0.0945
step   210  lm 3.7640  free_energy 32.6169  predictor 0.0943
step   220  lm 4.1875  free_energy 25.6553  predictor 0.0942
step   230  lm 4.8716  free_energy 11.0292  predictor 0.0939
step   240  lm 6.6140  free_energy 31.4744  predictor 0.0922
step   250  lm 2.9045  free_energy 35.0478  predictor 0.0929
step   260  lm 2.6425  free_energy 21.0122  predictor 0.0920
step   270  lm 4.6314  free_energy 22.5643  predictor 0.0914
step   280  lm 6.3423  free_energy 34.5466  predictor 0.0899
step   290  lm 6.1719  free_energy 30.5394  predictor 0.0894
step   300  lm 4.8947  free_energy 33.2467  predictor 0.0893
step   310  lm 4.0690  free_energy 24.1080  predictor 0.0888
step   320  lm 3.9826  free_energy 15.8592  predictor 0.0882
step   330  lm 5.1722  free_energy 8.0448  predictor 0.0870
step   340  lm 5.0316  free_energy 13.6312  predictor 0.0845
step   350  lm 4.5751  free_energy 33.2693  predictor 0.0828
step   360  lm 4.8898  free_energy 41.1662  predictor 0.0808
step   370  lm 6.0366  free_energy 22.5141  predictor 0.0783
step   380  lm 6.0260  free_energy 23.6261  predictor 0.0773
step   390  lm 2.8450  free_energy 18.4834  predictor 0.0767
step   400  lm 6.2896  free_energy 20.5736  predictor 0.0729
step   410  lm 5.0929  free_energy 15.9915  predictor 0.0702
step   420  lm 4.9392  free_energy 21.3792  predictor 0.0687
step   430  lm 5.4737  free_energy 33.5563  predictor 0.0659
step   440  lm 5.6847  free_energy 35.0792  predictor 0.0588
step   450  lm 4.9679  free_energy 29.7634  predictor 0.0555
step   460  lm 2.9723  free_energy 35.7916  predictor 0.0517
step   470  lm 2.8395  free_energy 25.3418  predictor 0.0505
step   480  lm 5.9308  free_energy 31.6704  predictor 0.0469
step   490  lm 4.5121  free_energy 24.8932  predictor 0.0483
step   500  lm 3.9583  free_energy 22.8184  predictor 0.0446
step   510  lm 5.8029  free_energy 31.1943  predictor 0.0460
step   520  lm 3.1510  free_energy 28.7232  predictor 0.0442
step   530  lm 3.0942  free_energy 32.8974  predictor 0.0437
step   540  lm 5.3777  free_energy 35.6374  predictor 0.0443
step   550  lm 4.7710  free_energy 26.7355  predictor 0.0448
step   560  lm 4.4700  free_energy 27.1131  predictor 0.0439
step   570  lm 3.2835  free_energy 22.8368  predictor 0.0447
step   580  lm 5.4902  free_energy 26.7925  predictor 0.0441
step   590  lm 4.7253  free_energy 22.7245  predictor 0.0454
step   600  lm 4.8167  free_energy 23.6826  predictor 0.0433
step   610  lm 3.1567  free_energy 34.6123  predictor 0.0433
step   620  lm 3.8188  free_energy 44.1855  predictor 0.0445
step   630  lm 5.3517  free_energy 33.7840  predictor 0.0429
step   640  lm 5.4813  free_energy 35.9279  predictor 0.0428
step   650  lm 2.8599  free_energy 20.2193  predictor 0.0432
step   660  lm 3.3362  free_energy 32.1215  predictor 0.0434
step   670  lm 5.0429  free_energy 25.0727  predictor 0.0426
step   680  lm 2.8036  free_energy 32.6053  predictor 0.0422
step   690  lm 3.9040  free_energy 21.0142  predictor 0.0421
step   700  lm 1.3014  free_energy 24.7459  predictor 0.0425
step   710  lm 4.4698  free_energy 35.2141  predictor 0.0436
step   720  lm 3.9758  free_energy 26.5238  predictor 0.0433
step   730  lm 3.6849  free_energy 25.0225  predictor 0.0425
step   740  lm 2.3833  free_energy 31.9508  predictor 0.0420
step   750  lm 3.0935  free_energy 18.1748  predictor 0.0418
step   760  lm 2.4851  free_energy 39.8075  predictor 0.0427
step   770  lm 4.1395  free_energy 33.3374  predictor 0.0421
step   780  lm 3.8642  free_energy 40.8482  predictor 0.0415
step   790  lm 2.3210  free_energy 43.2328  predictor 0.0420
step   800  lm 4.3757  free_energy 29.6857  predictor 0.0424
step   810  lm 3.4221  free_energy 29.1192  predictor 0.0425
step   820  lm 3.3157  free_energy 22.5121  predictor 0.0419
step   830  lm 2.3216  free_energy 28.5381  predictor 0.0419
step   840  lm 3.8904  free_energy 36.7280  predictor 0.0414
step   850  lm 1.2687  free_energy 15.1257  predictor 0.0427
step   860  lm 2.6456  free_energy 22.3591  predictor 0.0413
step   870  lm 2.9735  free_energy 30.6415  predictor 0.0414
step   880  lm 4.4234  free_energy 42.0013  predictor 0.0417
step   890  lm 3.2807  free_energy 35.1472  predictor 0.0415
step   900  lm 2.8601  free_energy 15.5493  predictor 0.0417
step   910  lm 3.1239  free_energy 35.1325  predictor 0.0414
step   920  lm 3.1112  free_energy 28.3974  predictor 0.0416
step   930  lm 3.2295  free_energy 24.0713  predictor 0.0417
step   940  lm 1.8200  free_energy 32.9862  predictor 0.0413
step   950  lm 2.5572  free_energy 19.0645  predictor 0.0411
step   960  lm 3.4742  free_energy 21.3978  predictor 0.0420
step   970  lm 2.0605  free_energy 24.6296  predictor 0.0417
step   980  lm 2.9824  free_energy 31.7045  predictor 0.0403
step   990  lm 2.3601  free_energy 32.5167  predictor 0.0414
step  1000  lm 1.9845  free_energy 19.0655  predictor 0.0409
step  1010  lm 3.0699  free_energy 23.1551  predictor 0.0411
step  1020  lm 3.8896  free_energy 24.9719  predictor 0.0404
step  1030  lm 1.8599  free_energy 20.7131  predictor 0.0413
step  1040  lm 3.1391  free_energy 25.3746  predictor 0.0412
step  1050  lm 3.7112  free_energy 35.0699  predictor 0.0415
step  1060  lm 1.7321  free_energy 29.8136  predictor 0.0410
step  1070  lm 2.6526  free_energy 34.3158  predictor 0.0416
step  1080  lm 2.0405  free_energy 45.9193  predictor 0.0406
step  1090  lm 3.3950  free_energy 33.5295  predictor 0.0411
step  1100  lm 1.9611  free_energy 38.2480  predictor 0.0416
step  1110  lm 2.6497  free_energy 37.3691  predictor 0.0418
step  1120  lm 1.9537  free_energy 28.2695  predictor 0.0409
step  1130  lm 1.9490  free_energy 32.1984  predictor 0.0408
step  1140  lm 2.9477  free_energy 35.8877  predictor 0.0414
step  1150  lm 3.5605  free_energy 28.4070  predictor 0.0410
step  1160  lm 1.6790  free_energy 24.2515  predictor 0.0406
step  1170  lm 1.8610  free_energy 45.9686  predictor 0.0416
step  1180  lm 3.0523  free_energy 21.4688  predictor 0.0417
step  1190  lm 2.3483  free_energy 27.0555  predictor 0.0415
step  1200  lm 3.3226  free_energy 27.4420  predictor 0.0414
step  1210  lm 2.1350  free_energy 32.4007  predictor 0.0411
step  1220  lm 2.1161  free_energy 23.9792  predictor 0.0408
step  1230  lm 2.0480  free_energy 42.1479  predictor 0.0407
step  1240  lm 3.4459  free_energy 24.2888  predictor 0.0415
step  1250  lm 1.6098  free_energy 39.0436  predictor 0.0407
step  1260  lm 3.1792  free_energy 30.1394  predictor 0.0408
step  1270  lm 2.7705  free_energy 48.1895  predictor 0.0418
step  1280  lm 3.1574  free_energy 31.4899  predictor 0.0404
step  1290  lm 3.1709  free_energy 38.2027  predictor 0.0410
step  1300  lm 2.2226  free_energy 45.5634  predictor 0.0421
step  1310  lm 2.4741  free_energy 23.9581  predictor 0.0407
step  1320  lm 4.1683  free_energy 31.7257  predictor 0.0420
step  1330  lm 3.5323  free_energy 26.9587  predictor 0.0420
step  1340  lm 2.7886  free_energy 33.4006  predictor 0.0405
step  1350  lm 1.6393  free_energy 28.1896  predictor 0.0414
step  1360  lm 2.6928  free_energy 29.4701  predictor 0.0402
step  1370  lm 2.8071  free_energy 32.6745  predictor 0.0414
step  1380  lm 2.3543  free_energy 40.1914  predictor 0.0403
step  1390  lm 1.6608  free_energy 35.3365  predictor 0.0408
step  1400  lm 3.1746  free_energy 29.2970  predictor 0.0403
step  1410  lm 2.1814  free_energy 20.9013  predictor 0.0411
step  1420  lm 2.6517  free_energy 37.9429  predictor 0.0404
step  1430  lm 3.5228  free_energy 46.0981  predictor 0.0405
step  1440  lm 2.7357  free_energy 33.2640  predictor 0.0400
step  1450  lm 3.4899  free_energy 33.9021  predictor 0.0408
step  1460  lm 2.1711  free_energy 28.1872  predictor 0.0408
step  1470  lm 2.8034  free_energy 38.1956  predictor 0.0412
step  1480  lm 2.3325  free_energy 21.8345  predictor 0.0409
step  1490  lm 2.9491  free_energy 25.5369  predictor 0.0420
saved varikv/ckpt/k4_tier4.pt
（跳过 527 个短于预算 256 的样本 —— 它们不触发驱逐，训不到记忆）
