Sliding Window Attention is enabled but not implemented for `eager`; unexpected results may be encountered.
[tier 5] evict=free_energy absorb=dist 可训练参数 0.40M
训练样本 3200
训练上下文截断到 4096 token（评测用完整长度；修好 RoPE 后记忆位置无关，短训长推成立）
step     0  lm 7.4997  free_energy 2.2315  predictor 0.0548
step    10  lm 3.8007  free_energy 1.4156  predictor 0.0586
step    20  lm 5.6370  free_energy 9.1818  predictor 0.0585
step    30  lm 5.6349  free_energy 32.0923  predictor 0.0585
step    40  lm 4.5075  free_energy 19.3768  predictor 0.0593
step    50  lm 7.3177  free_energy 35.7869  predictor 0.0583
step    60  lm 5.9192  free_energy 23.2794  predictor 0.0579
step    70  lm 4.9490  free_energy 34.0872  predictor 0.0583
step    80  lm 6.6322  free_energy 20.5523  predictor 0.0573
step    90  lm 5.8161  free_energy 36.4738  predictor 0.0578
step   100  lm 5.6540  free_energy 21.9250  predictor 0.0589
step   110  lm 5.3626  free_energy 29.5288  predictor 0.0575
step   120  lm 5.6322  free_energy 39.0647  predictor 0.0579
step   130  lm 5.8669  free_energy 17.5027  predictor 0.0586
step   140  lm 5.4666  free_energy 24.9555  predictor 0.0587
step   150  lm 4.4836  free_energy 29.8588  predictor 0.0579
step   160  lm 5.4785  free_energy 27.0521  predictor 0.0568
step   170  lm 5.9761  free_energy 20.4306  predictor 0.0570
step   180  lm 3.5351  free_energy 8.2803  predictor 0.0573
step   190  lm 5.0519  free_energy 38.0881  predictor 0.0575
step   200  lm 4.9573  free_energy 30.0210  predictor 0.0569
step   210  lm 3.8789  free_energy 34.2020  predictor 0.0564
step   220  lm 3.4025  free_energy 25.6037  predictor 0.0579
step   230  lm 6.2939  free_energy 26.2003  predictor 0.0561
step   240  lm 7.4675  free_energy 32.9167  predictor 0.0552
step   250  lm 4.2386  free_energy 17.1226  predictor 0.0560
step   260  lm 3.2935  free_energy 22.0911  predictor 0.0545
step   270  lm 5.6894  free_energy 27.9064  predictor 0.0549
step   280  lm 6.1192  free_energy 23.9113  predictor 0.0541
step   290  lm 6.4902  free_energy 14.4743  predictor 0.0530
step   300  lm 5.1289  free_energy 34.0523  predictor 0.0530
step   310  lm 4.3795  free_energy 10.8626  predictor 0.0527
step   320  lm 4.5592  free_energy 19.8955  predictor 0.0537
step   330  lm 5.3949  free_energy 15.7555  predictor 0.0525
step   340  lm 5.9989  free_energy 20.4658  predictor 0.0517
step   350  lm 4.7173  free_energy 45.8131  predictor 0.0505
step   360  lm 5.1412  free_energy 20.4721  predictor 0.0513
step   370  lm 6.4193  free_energy 35.1705  predictor 0.0505
step   380  lm 6.0792  free_energy 27.4352  predictor 0.0500
step   390  lm 3.0390  free_energy 24.8666  predictor 0.0506
step   400  lm 5.5429  free_energy 27.7420  predictor 0.0486
step   410  lm 2.6058  free_energy 28.9070  predictor 0.0484
step   420  lm 5.5285  free_energy 24.2968  predictor 0.0495
step   430  lm 4.9545  free_energy 27.4514  predictor 0.0505
step   440  lm 5.3580  free_energy 33.8539  predictor 0.0493
step   450  lm 5.2317  free_energy 35.9620  predictor 0.0488
step   460  lm 2.6694  free_energy 42.5393  predictor 0.0496
step   470  lm 2.7840  free_energy 35.9468  predictor 0.0485
step   480  lm 5.6105  free_energy 37.7953  predictor 0.0478
step   490  lm 4.1511  free_energy 31.4770  predictor 0.0483
step   500  lm 3.6979  free_energy 39.0145  predictor 0.0474
step   510  lm 5.5669  free_energy 40.9541  predictor 0.0474
step   520  lm 2.3591  free_energy 29.2109  predictor 0.0486
step   530  lm 3.7510  free_energy 27.8821  predictor 0.0471
step   540  lm 4.2254  free_energy 16.4478  predictor 0.0479
step   550  lm 3.5308  free_energy 20.4952  predictor 0.0460
step   560  lm 3.4154  free_energy 11.6163  predictor 0.0469
step   570  lm 3.4499  free_energy 25.2017  predictor 0.0489
step   580  lm 4.8676  free_energy 24.1819  predictor 0.0473
step   590  lm 4.0476  free_energy 22.1729  predictor 0.0460
step   600  lm 4.4055  free_energy 18.6726  predictor 0.0467
step   610  lm 2.8647  free_energy 33.5877  predictor 0.0460
step   620  lm 4.3605  free_energy 36.8253  predictor 0.0477
step   630  lm 4.5978  free_energy 28.0080  predictor 0.0462
step   640  lm 4.8610  free_energy 36.5408  predictor 0.0465
step   650  lm 2.6749  free_energy 29.0568  predictor 0.0465
step   660  lm 4.9610  free_energy 39.1763  predictor 0.0450
step   670  lm 4.2361  free_energy 25.2578  predictor 0.0480
step   680  lm 2.8851  free_energy 24.8589  predictor 0.0455
step   690  lm 4.5542  free_energy 24.0574  predictor 0.0449
step   700  lm 2.6667  free_energy 19.7451  predictor 0.0465
step   710  lm 4.5327  free_energy 26.2113  predictor 0.0452
step   720  lm 3.6763  free_energy 15.3730  predictor 0.0464
step   730  lm 4.2772  free_energy 28.9789  predictor 0.0469
step   740  lm 4.1325  free_energy 14.2030  predictor 0.0446
step   750  lm 2.7879  free_energy 35.9409  predictor 0.0460
step   760  lm 2.7912  free_energy 42.3332  predictor 0.0458
step   770  lm 4.0598  free_energy 55.1307  predictor 0.0462
step   780  lm 4.2093  free_energy 35.2145  predictor 0.0459
step   790  lm 3.8807  free_energy 34.4755  predictor 0.0447
step   800  lm 3.6820  free_energy 25.6547  predictor 0.0455
step   810  lm 3.2038  free_energy 28.7960  predictor 0.0450
step   820  lm 2.9883  free_energy 27.8324  predictor 0.0445
step   830  lm 2.3504  free_energy 29.1296  predictor 0.0459
step   840  lm 4.5980  free_energy 27.5607  predictor 0.0465
step   850  lm 3.6673  free_energy 28.3954  predictor 0.0459
step   860  lm 2.8008  free_energy 27.4235  predictor 0.0453
step   870  lm 2.6931  free_energy 17.4072  predictor 0.0461
step   880  lm 3.5129  free_energy 24.0157  predictor 0.0451
step   890  lm 3.8965  free_energy 18.7876  predictor 0.0471
step   900  lm 4.0441  free_energy 20.1089  predictor 0.0476
step   910  lm 4.2575  free_energy 20.4063  predictor 0.0449
step   920  lm 2.7804  free_energy 39.5451  predictor 0.0470
step   930  lm 2.7576  free_energy 36.1749  predictor 0.0444
step   940  lm 2.7062  free_energy 17.8309  predictor 0.0453
step   950  lm 2.8646  free_energy 23.7523  predictor 0.0473
step   960  lm 3.8067  free_energy 32.4646  predictor 0.0458
step   970  lm 2.8625  free_energy 27.1309  predictor 0.0448
step   980  lm 2.8062  free_energy 25.1342  predictor 0.0438
step   990  lm 2.7001  free_energy 17.3313  predictor 0.0457
step  1000  lm 2.2488  free_energy 42.2526  predictor 0.0453
step  1010  lm 3.7967  free_energy 36.3187  predictor 0.0460
step  1020  lm 4.4605  free_energy 21.4274  predictor 0.0445
step  1030  lm 1.9375  free_energy 27.3761  predictor 0.0448
step  1040  lm 2.8845  free_energy 25.8256  predictor 0.0464
step  1050  lm 3.5955  free_energy 24.9628  predictor 0.0447
step  1060  lm 2.6179  free_energy 4.9313  predictor 0.0455
step  1070  lm 3.0264  free_energy 50.2959  predictor 0.0449
step  1080  lm 2.9116  free_energy 31.8034  predictor 0.0449
step  1090  lm 3.0852  free_energy 27.1187  predictor 0.0461
step  1100  lm 2.0351  free_energy 32.2049  predictor 0.0465
step  1110  lm 3.1242  free_energy 32.8413  predictor 0.0440
step  1120  lm 2.5421  free_energy 26.6547  predictor 0.0449
step  1130  lm 2.3990  free_energy 30.3125  predictor 0.0455
step  1140  lm 3.8309  free_energy 26.2735  predictor 0.0467
step  1150  lm 3.3532  free_energy 21.9757  predictor 0.0469
step  1160  lm 3.5175  free_energy 29.4287  predictor 0.0453
step  1170  lm 1.3434  free_energy 28.8266  predictor 0.0457
step  1180  lm 3.2279  free_energy 27.5076  predictor 0.0450
step  1190  lm 2.6901  free_energy 26.8186  predictor 0.0448
step  1200  lm 2.9350  free_energy 32.9915  predictor 0.0459
step  1210  lm 2.5605  free_energy 27.1887  predictor 0.0444
step  1220  lm 3.0038  free_energy 24.8205  predictor 0.0447
step  1230  lm 2.1775  free_energy 35.5874  predictor 0.0439
step  1240  lm 3.4699  free_energy 29.8482  predictor 0.0462
step  1250  lm 1.5420  free_energy 25.0784  predictor 0.0455
step  1260  lm 4.5089  free_energy 42.2407  predictor 0.0448
step  1270  lm 2.2934  free_energy 37.6141  predictor 0.0470
step  1280  lm 3.7441  free_energy 31.5956  predictor 0.0463
step  1290  lm 4.6572  free_energy 21.9850  predictor 0.0461
step  1300  lm 3.4410  free_energy 39.3834  predictor 0.0457
step  1310  lm 2.5211  free_energy 39.2658  predictor 0.0452
step  1320  lm 3.0980  free_energy 26.3857  predictor 0.0471
step  1330  lm 3.7281  free_energy 20.3342  predictor 0.0471
step  1340  lm 2.3705  free_energy 25.7854  predictor 0.0473
step  1350  lm 1.8822  free_energy 27.4628  predictor 0.0458
step  1360  lm 3.3431  free_energy 34.8232  predictor 0.0493
step  1370  lm 2.6500  free_energy 30.2427  predictor 0.0488
step  1380  lm 2.0584  free_energy 27.2991  predictor 0.0457
step  1390  lm 2.0810  free_energy 27.3210  predictor 0.0482
step  1400  lm 2.2396  free_energy 29.8628  predictor 0.0452
step  1410  lm 2.8040  free_energy 37.0935  predictor 0.0450
step  1420  lm 2.9114  free_energy 42.9953  predictor 0.0476
step  1430  lm 2.9961  free_energy 46.7638  predictor 0.0482
step  1440  lm 2.6647  free_energy 35.7760  predictor 0.0489
step  1450  lm 3.3269  free_energy 46.8769  predictor 0.0490
step  1460  lm 1.6041  free_energy 22.6952  predictor 0.0462
step  1470  lm 1.3813  free_energy 28.6289  predictor 0.0486
step  1480  lm 2.1725  free_energy 22.1612  predictor 0.0498
step  1490  lm 2.2489  free_energy 40.3917  predictor 0.0502
saved varikv/ckpt/k2_tier5.pt
（跳过 527 个短于预算 256 的样本 —— 它们不触发驱逐，训不到记忆）
