Sliding Window Attention is enabled but not implemented for `eager`; unexpected results may be encountered.
[tier 2] evict=recency absorb=point 可训练参数 0.33M
训练样本 3200
训练上下文截断到 4096 token（评测用完整长度；修好 RoPE 后记忆位置无关，短训长推成立）
step     0  lm 7.6329  free_energy 89.8125
step    10  lm 5.1226  free_energy 89.6429
step    20  lm 5.8671  free_energy 89.8125
step    30  lm 5.2644  free_energy 89.6875
step    40  lm 4.0205  free_energy 89.7500
step    50  lm 7.4369  free_energy 89.8125
step    60  lm 5.8747  free_energy 89.6429
step    70  lm 4.6928  free_energy 89.8125
step    80  lm 6.8527  free_energy 89.7857
step    90  lm 4.0597  free_energy 89.6875
step   100  lm 3.3990  free_energy 89.6429
step   110  lm 3.6483  free_energy 89.8125
step   120  lm 4.2483  free_energy 89.8750
step   130  lm 5.0209  free_energy 89.7500
step   140  lm 4.3493  free_energy 89.7500
step   150  lm 4.3674  free_energy 89.7500
step   160  lm 5.0019  free_energy 89.7500
step   170  lm 7.7392  free_energy 89.8750
step   180  lm 3.3508  free_energy 89.8750
step   190  lm 4.6072  free_energy 89.8125
step   200  lm 4.7510  free_energy 89.6875
step   210  lm 3.6517  free_energy 89.6875
step   220  lm 3.6861  free_energy 89.7857
step   230  lm 3.5340  free_energy 89.5714
step   240  lm 6.3800  free_energy 89.8125
step   250  lm 3.8295  free_energy 89.8571
step   260  lm 3.3212  free_energy 89.6429
step   270  lm 5.1609  free_energy 89.6875
step   280  lm 5.9552  free_energy 89.7500
step   290  lm 6.2221  free_energy 89.6875
step   300  lm 5.2966  free_energy 89.8125
step   310  lm 3.4749  free_energy 89.5714
step   320  lm 3.9540  free_energy 89.7500
step   330  lm 4.2791  free_energy 89.7857
step   340  lm 5.3518  free_energy 89.5714
step   350  lm 4.6901  free_energy 89.5625
step   360  lm 4.6494  free_energy 89.5714
step   370  lm 6.1139  free_energy 89.6875
step   380  lm 5.3207  free_energy 89.6250
step   390  lm 3.0140  free_energy 89.6429
step   400  lm 5.4447  free_energy 89.5000
step   410  lm 4.1613  free_energy 89.6250
step   420  lm 4.3622  free_energy 89.6429
step   430  lm 4.4337  free_energy 89.7500
step   440  lm 4.9968  free_energy 89.6250
step   450  lm 4.4766  free_energy 89.7143
step   460  lm 3.7435  free_energy 89.7500
step   470  lm 2.8932  free_energy 89.7857
step   480  lm 4.6000  free_energy 89.6250
step   490  lm 5.1524  free_energy 89.5714
step   500  lm 3.5349  free_energy 89.6250
step   510  lm 6.2475  free_energy 89.5625
step   520  lm 2.2606  free_energy 89.7500
step   530  lm 3.9857  free_energy 89.6250
step   540  lm 3.5428  free_energy 89.7500
step   550  lm 4.6748  free_energy 89.5000
step   560  lm 3.9212  free_energy 89.6250
step   570  lm 2.6801  free_energy 89.5714
step   580  lm 3.5678  free_energy 89.6250
step   590  lm 2.4989  free_energy 89.5714
step   600  lm 3.9199  free_energy 89.7500
step   610  lm 2.3535  free_energy 89.5625
step   620  lm 3.5153  free_energy 89.7500
step   630  lm 4.5301  free_energy 89.6250
step   640  lm 5.1018  free_energy 89.6875
step   650  lm 1.5923  free_energy 89.5000
step   660  lm 1.7143  free_energy 89.5000
step   670  lm 3.6108  free_energy 89.5625
step   680  lm 3.1767  free_energy 89.6250
step   690  lm 3.4205  free_energy 89.5625
step   700  lm 1.4773  free_energy 89.6250
step   710  lm 3.2520  free_energy 89.5000
step   720  lm 2.8196  free_energy 89.6429
step   730  lm 1.9525  free_energy 89.5714
step   740  lm 3.0272  free_energy 89.6429
step   750  lm 2.8972  free_energy 89.8125
step   760  lm 2.5745  free_energy 89.8125
step   770  lm 3.9749  free_energy 89.7500
step   780  lm 3.2231  free_energy 89.6250
step   790  lm 3.8777  free_energy 89.6875
step   800  lm 4.4412  free_energy 89.6875
step   810  lm 1.6109  free_energy 89.6429
step   820  lm 2.6833  free_energy 89.6429
step   830  lm 2.8034  free_energy 89.6429
step   840  lm 4.3782  free_energy 89.6875
step   850  lm 2.0549  free_energy 89.7143
step   860  lm 2.8663  free_energy 89.7500
step   870  lm 3.2154  free_energy 89.5625
step   880  lm 4.0952  free_energy 89.6250
step   890  lm 2.7820  free_energy 89.6875
step   900  lm 5.5169  free_energy 89.6250
step   910  lm 3.4348  free_energy 89.5714
step   920  lm 2.4171  free_energy 89.6875
step   930  lm 3.3077  free_energy 89.6250
step   940  lm 2.5152  free_energy 89.5714
step   950  lm 3.0880  free_energy 89.6875
step   960  lm 2.9814  free_energy 89.7143
step   970  lm 2.5181  free_energy 89.6429
step   980  lm 2.5153  free_energy 89.6875
step   990  lm 2.9168  free_energy 89.7500
step  1000  lm 2.1559  free_energy 89.6875
step  1010  lm 3.1128  free_energy 89.8125
step  1020  lm 2.9425  free_energy 89.7500
step  1030  lm 3.4247  free_energy 89.7143
step  1040  lm 2.2151  free_energy 89.7500
step  1050  lm 3.2969  free_energy 89.8125
step  1060  lm 2.8626  free_energy 89.7857
step  1070  lm 3.1823  free_energy 89.7500
step  1080  lm 2.4289  free_energy 89.6250
step  1090  lm 2.0577  free_energy 89.6875
step  1100  lm 1.9890  free_energy 89.7500
step  1110  lm 3.7435  free_energy 89.6429
step  1120  lm 1.8211  free_energy 89.6875
step  1130  lm 2.8400  free_energy 89.7143
step  1140  lm 2.3183  free_energy 89.6250
step  1150  lm 3.0391  free_energy 89.7143
step  1160  lm 4.1214  free_energy 89.7143
step  1170  lm 1.6108  free_energy 89.6429
step  1180  lm 3.7196  free_energy 89.7143
step  1190  lm 3.5434  free_energy 89.5625
step  1200  lm 4.6246  free_energy 89.5625
step  1210  lm 2.4160  free_energy 89.5714
step  1220  lm 3.1686  free_energy 89.5625
step  1230  lm 2.4107  free_energy 89.5714
step  1240  lm 2.8922  free_energy 89.5625
step  1250  lm 2.0449  free_energy 89.5714
step  1260  lm 3.2620  free_energy 89.5625
step  1270  lm 3.3765  free_energy 89.5714
step  1280  lm 2.1705  free_energy 89.5625
step  1290  lm 3.9745  free_energy 89.5714
step  1300  lm 2.9557  free_energy 89.5714
step  1310  lm 3.2636  free_energy 89.5625
step  1320  lm 4.1088  free_energy 89.5714
step  1330  lm 2.5785  free_energy 89.5625
step  1340  lm 3.1839  free_energy 89.5625
step  1350  lm 1.5783  free_energy 89.5714
step  1360  lm 2.4671  free_energy 89.5625
step  1370  lm 3.4292  free_energy 89.5625
step  1380  lm 1.7085  free_energy 89.5714
step  1390  lm 2.1632  free_energy 89.5625
step  1400  lm 3.2300  free_energy 89.5625
step  1410  lm 3.5979  free_energy 89.5714
step  1420  lm 2.5979  free_energy 89.5625
step  1430  lm 4.6624  free_energy 89.5625
step  1440  lm 2.9756  free_energy 89.5625
step  1450  lm 2.6178  free_energy 89.5625
step  1460  lm 2.1750  free_energy 89.5714
step  1470  lm 2.5408  free_energy 89.5714
step  1480  lm 2.3966  free_energy 89.5714
step  1490  lm 2.6932  free_energy 89.5714
saved varikv/ckpt/k2_tier2.pt
（跳过 527 个短于预算 256 的样本 —— 它们不触发驱逐，训不到记忆）
