Sliding Window Attention is enabled but not implemented for `eager`; unexpected results may be encountered.
[tier 4] evict=free_energy absorb=point 可训练参数 0.40M
训练样本 3200
训练上下文截断到 4096 token（评测用完整长度；修好 RoPE 后记忆位置无关，短训长推成立）
step     0  lm 7.5789  free_energy 1.3794  predictor 0.0538
step    10  lm 3.4301  free_energy 0.4135  predictor 0.0570
step    20  lm 5.6509  free_energy 1.3730  predictor 0.0567
step    30  lm 5.6723  free_energy 29.1763  predictor 0.0555
step    40  lm 4.1589  free_energy 18.7680  predictor 0.0557
step    50  lm 7.5912  free_energy 32.2621  predictor 0.0556
step    60  lm 6.4690  free_energy 22.0014  predictor 0.0559
step    70  lm 4.9207  free_energy 27.2805  predictor 0.0552
step    80  lm 6.6115  free_energy 24.5487  predictor 0.0555
step    90  lm 5.8771  free_energy 31.7794  predictor 0.0556
step   100  lm 5.5087  free_energy 20.3754  predictor 0.0571
step   110  lm 5.3930  free_energy 28.4420  predictor 0.0554
step   120  lm 5.8312  free_energy 31.9974  predictor 0.0558
step   130  lm 5.1241  free_energy 22.9107  predictor 0.0553
step   140  lm 5.1861  free_energy 24.0192  predictor 0.0557
step   150  lm 4.7328  free_energy 22.9899  predictor 0.0546
step   160  lm 5.4173  free_energy 18.8869  predictor 0.0547
step   170  lm 7.4909  free_energy 25.8092  predictor 0.0543
step   180  lm 3.5193  free_energy 9.1036  predictor 0.0541
step   190  lm 4.8569  free_energy 25.5550  predictor 0.0543
step   200  lm 4.6609  free_energy 22.8323  predictor 0.0544
step   210  lm 3.9207  free_energy 38.5640  predictor 0.0538
step   220  lm 3.1063  free_energy 24.6549  predictor 0.0548
step   230  lm 6.0016  free_energy 15.9784  predictor 0.0546
step   240  lm 6.8986  free_energy 32.2306  predictor 0.0532
step   250  lm 3.4119  free_energy 16.6582  predictor 0.0536
step   260  lm 3.4095  free_energy 14.2882  predictor 0.0528
step   270  lm 4.4415  free_energy 27.9388  predictor 0.0525
step   280  lm 6.0936  free_energy 18.4710  predictor 0.0520
step   290  lm 6.5710  free_energy 16.3031  predictor 0.0514
step   300  lm 5.6652  free_energy 26.8877  predictor 0.0505
step   310  lm 4.5013  free_energy 10.1427  predictor 0.0504
step   320  lm 4.4248  free_energy 13.5214  predictor 0.0506
step   330  lm 5.5449  free_energy 15.0363  predictor 0.0499
step   340  lm 5.6081  free_energy 14.8847  predictor 0.0484
step   350  lm 4.5359  free_energy 33.2838  predictor 0.0476
step   360  lm 5.2323  free_energy 9.6147  predictor 0.0477
step   370  lm 6.4585  free_energy 28.3706  predictor 0.0464
step   380  lm 6.1393  free_energy 20.4414  predictor 0.0466
step   390  lm 2.6086  free_energy 26.7152  predictor 0.0474
step   400  lm 5.7564  free_energy 19.8157  predictor 0.0465
step   410  lm 3.1917  free_energy 24.7101  predictor 0.0449
step   420  lm 5.0970  free_energy 18.5606  predictor 0.0459
step   430  lm 5.4345  free_energy 20.2993  predictor 0.0447
step   440  lm 5.7940  free_energy 24.6292  predictor 0.0450
step   450  lm 4.8674  free_energy 34.4344  predictor 0.0454
step   460  lm 2.7182  free_energy 39.5761  predictor 0.0449
step   470  lm 2.5025  free_energy 28.9018  predictor 0.0447
step   480  lm 5.6089  free_energy 30.9429  predictor 0.0445
step   490  lm 3.9457  free_energy 23.5137  predictor 0.0455
step   500  lm 3.6758  free_energy 33.9908  predictor 0.0433
step   510  lm 6.2259  free_energy 38.9637  predictor 0.0439
step   520  lm 2.7403  free_energy 28.1181  predictor 0.0438
step   530  lm 3.5368  free_energy 27.2090  predictor 0.0432
step   540  lm 4.5755  free_energy 15.5129  predictor 0.0432
step   550  lm 3.9252  free_energy 20.1169  predictor 0.0430
step   560  lm 3.9399  free_energy 11.1256  predictor 0.0431
step   570  lm 3.2409  free_energy 23.6940  predictor 0.0437
step   580  lm 4.0319  free_energy 22.6398  predictor 0.0428
step   590  lm 4.1331  free_energy 21.6349  predictor 0.0436
step   600  lm 4.2249  free_energy 17.8184  predictor 0.0420
step   610  lm 2.8227  free_energy 28.3169  predictor 0.0424
step   620  lm 3.7761  free_energy 29.2158  predictor 0.0422
step   630  lm 4.5246  free_energy 20.7621  predictor 0.0420
step   640  lm 5.1584  free_energy 41.7185  predictor 0.0427
step   650  lm 2.4188  free_energy 14.2048  predictor 0.0427
step   660  lm 3.6970  free_energy 31.3957  predictor 0.0419
step   670  lm 3.6833  free_energy 30.1714  predictor 0.0427
step   680  lm 2.7608  free_energy 32.3479  predictor 0.0421
step   690  lm 3.8783  free_energy 21.5148  predictor 0.0419
step   700  lm 1.4154  free_energy 18.5122  predictor 0.0421
step   710  lm 4.3966  free_energy 18.2559  predictor 0.0425
step   720  lm 3.6040  free_energy 14.6058  predictor 0.0423
step   730  lm 3.9675  free_energy 24.4863  predictor 0.0423
step   740  lm 3.1345  free_energy 19.8452  predictor 0.0417
step   750  lm 3.1219  free_energy 22.9940  predictor 0.0413
step   760  lm 2.8966  free_energy 41.4128  predictor 0.0428
step   770  lm 4.6399  free_energy 37.2772  predictor 0.0422
step   780  lm 3.8093  free_energy 34.4150  predictor 0.0415
step   790  lm 3.8097  free_energy 33.4173  predictor 0.0406
step   800  lm 3.7606  free_energy 24.3157  predictor 0.0418
step   810  lm 3.5044  free_energy 22.0487  predictor 0.0413
step   820  lm 3.0046  free_energy 14.6680  predictor 0.0416
step   830  lm 2.9372  free_energy 28.1167  predictor 0.0422
step   840  lm 4.7029  free_energy 29.6227  predictor 0.0412
step   850  lm 2.3063  free_energy 20.9396  predictor 0.0417
step   860  lm 2.4606  free_energy 14.4278  predictor 0.0414
step   870  lm 3.0528  free_energy 29.4845  predictor 0.0412
step   880  lm 4.3660  free_energy 29.7456  predictor 0.0411
step   890  lm 2.8174  free_energy 13.0356  predictor 0.0406
step   900  lm 4.4473  free_energy 21.9129  predictor 0.0416
step   910  lm 3.7750  free_energy 19.8647  predictor 0.0412
step   920  lm 2.9067  free_energy 32.8818  predictor 0.0421
step   930  lm 2.9311  free_energy 25.4093  predictor 0.0416
step   940  lm 2.6982  free_energy 10.2592  predictor 0.0416
step   950  lm 2.4191  free_energy 23.2698  predictor 0.0418
step   960  lm 3.7646  free_energy 29.9560  predictor 0.0418
step   970  lm 2.8941  free_energy 27.7673  predictor 0.0415
step   980  lm 3.0075  free_energy 24.4828  predictor 0.0413
step   990  lm 3.7635  free_energy 16.0323  predictor 0.0413
step  1000  lm 3.1388  free_energy 29.5792  predictor 0.0408
step  1010  lm 3.3713  free_energy 27.9800  predictor 0.0414
step  1020  lm 4.7330  free_energy 32.7946  predictor 0.0406
step  1030  lm 1.9975  free_energy 26.2894  predictor 0.0414
step  1040  lm 2.8568  free_energy 30.5699  predictor 0.0411
step  1050  lm 4.3822  free_energy 20.0291  predictor 0.0408
step  1060  lm 2.9916  free_energy 4.4388  predictor 0.0413
step  1070  lm 3.2935  free_energy 56.8147  predictor 0.0411
step  1080  lm 3.1772  free_energy 35.0086  predictor 0.0409
step  1090  lm 3.3457  free_energy 26.3649  predictor 0.0414
step  1100  lm 2.4340  free_energy 36.4103  predictor 0.0406
step  1110  lm 3.4485  free_energy 21.5773  predictor 0.0414
step  1120  lm 2.5194  free_energy 21.5674  predictor 0.0407
step  1130  lm 2.9202  free_energy 29.9796  predictor 0.0412
step  1140  lm 3.4877  free_energy 28.3888  predictor 0.0410
step  1150  lm 2.7453  free_energy 29.7560  predictor 0.0416
step  1160  lm 3.5777  free_energy 32.3728  predictor 0.0407
step  1170  lm 1.6233  free_energy 21.3660  predictor 0.0415
step  1180  lm 2.9044  free_energy 27.5123  predictor 0.0415
step  1190  lm 2.2333  free_energy 26.1260  predictor 0.0416
step  1200  lm 3.2191  free_energy 28.6883  predictor 0.0411
step  1210  lm 3.0033  free_energy 26.6824  predictor 0.0412
step  1220  lm 2.3937  free_energy 44.7783  predictor 0.0412
step  1230  lm 2.5317  free_energy 34.9915  predictor 0.0407
step  1240  lm 3.6058  free_energy 23.7926  predictor 0.0414
step  1250  lm 1.9551  free_energy 29.6676  predictor 0.0411
step  1260  lm 4.7264  free_energy 48.1017  predictor 0.0412
step  1270  lm 2.9860  free_energy 41.3907  predictor 0.0411
step  1280  lm 4.4048  free_energy 30.3930  predictor 0.0404
step  1290  lm 4.6927  free_energy 27.4411  predictor 0.0415
step  1300  lm 2.6831  free_energy 21.1097  predictor 0.0415
step  1310  lm 2.3727  free_energy 26.4963  predictor 0.0406
step  1320  lm 4.5298  free_energy 39.2755  predictor 0.0416
step  1330  lm 3.6585  free_energy 15.2838  predictor 0.0412
step  1340  lm 3.0308  free_energy 27.8229  predictor 0.0412
step  1350  lm 2.1503  free_energy 27.9096  predictor 0.0413
step  1360  lm 3.1899  free_energy 27.5601  predictor 0.0406
step  1370  lm 2.6511  free_energy 29.4828  predictor 0.0411
step  1380  lm 1.9815  free_energy 33.6646  predictor 0.0402
step  1390  lm 2.4036  free_energy 29.2403  predictor 0.0409
step  1400  lm 3.4336  free_energy 29.2145  predictor 0.0406
step  1410  lm 3.4097  free_energy 30.6180  predictor 0.0411
step  1420  lm 2.8386  free_energy 18.8104  predictor 0.0414
step  1430  lm 4.4153  free_energy 44.0286  predictor 0.0408
step  1440  lm 1.8483  free_energy 37.8315  predictor 0.0405
step  1450  lm 4.0004  free_energy 28.6192  predictor 0.0403
step  1460  lm 1.4700  free_energy 7.7699  predictor 0.0406
step  1470  lm 1.4583  free_energy 14.5421  predictor 0.0407
step  1480  lm 2.6369  free_energy 21.5723  predictor 0.0403
step  1490  lm 3.1530  free_energy 29.6595  predictor 0.0418
saved varikv/ckpt/k2_tier4.pt
（跳过 527 个短于预算 256 的样本 —— 它们不触发驱逐，训不到记忆）
